BL51 BANKED LINKER/LOCATER V6.22                                                        12/18/2020  11:27:11  PAGE 1


BL51 BANKED LINKER/LOCATER V6.22, INVOKED BY:
D:\CCCC2020\TOOL\KEIL\C51\BIN\BL51.EXE .\Objects\STARTUP.obj, .\Objects\HC-MCU-XBR.obj, .\Objects\mcu_api.obj, .\Objects
>> \protocol.obj, .\Objects\system.obj TO .\Objects\HC-MCU-XBR PRINT (.\Listings\HC-MCU-XBR.m51) RAMSIZE (256) DISABLEWA
>> RNING (16, 1, 2) CODE (0X0000-0X3FFF) XDATA (0X0000-0X07FF)


MEMORY MODEL: SMALL WITH FLOATING POINT ARITHMETIC


INPUT MODULES INCLUDED:
  .\Objects\STARTUP.obj (?C_STARTUP)
  .\Objects\HC-MCU-XBR.obj (HC_MCU_XBR)
  .\Objects\mcu_api.obj (MCU_API)
  .\Objects\protocol.obj (PROTOCOL)
  .\Objects\system.obj (SYSTEM)
  D:\CCCC2020\TOOL\KEIL\C51\LIB\C51FPS.LIB (?C?FPADD)
  D:\CCCC2020\TOOL\KEIL\C51\LIB\C51FPS.LIB (?C?FPDIV)
  D:\CCCC2020\TOOL\KEIL\C51\LIB\C51FPS.LIB (?C?FCAST)
  D:\CCCC2020\TOOL\KEIL\C51\LIB\C51FPS.LIB (?C?CASTF)
  D:\CCCC2020\TOOL\KEIL\C51\LIB\C51FPS.LIB (PRINTF)
  D:\CCCC2020\TOOL\KEIL\C51\LIB\C51FPS.LIB (?C?FPGETOPN)
  D:\CCCC2020\TOOL\KEIL\C51\LIB\C51FPS.LIB (?C?FPROUND)
  D:\CCCC2020\TOOL\KEIL\C51\LIB\C51FPS.LIB (?C?FPCONVERT)
  D:\CCCC2020\TOOL\KEIL\C51\LIB\C51FPS.LIB (?C?FPMUL)
  D:\CCCC2020\TOOL\KEIL\C51\LIB\C51FPS.LIB (?C?FTNPWR)
  D:\CCCC2020\TOOL\KEIL\C51\LIB\C51S.LIB (?C_INIT)
  D:\CCCC2020\TOOL\KEIL\C51\LIB\C51S.LIB (?C?COPY)
  D:\CCCC2020\TOOL\KEIL\C51\LIB\C51S.LIB (?C?CLDPTR)
  D:\CCCC2020\TOOL\KEIL\C51\LIB\C51S.LIB (?C?CLDOPTR)
  D:\CCCC2020\TOOL\KEIL\C51\LIB\C51S.LIB (?C?CSTPTR)
  D:\CCCC2020\TOOL\KEIL\C51\LIB\C51S.LIB (?C?CSTOPTR)
  D:\CCCC2020\TOOL\KEIL\C51\LIB\C51S.LIB (?C?IMUL)
  D:\CCCC2020\TOOL\KEIL\C51\LIB\C51S.LIB (?C?UIDIV)
  D:\CCCC2020\TOOL\KEIL\C51\LIB\C51S.LIB (?C?IILDX)
  D:\CCCC2020\TOOL\KEIL\C51\LIB\C51S.LIB (?C?LADD)
  D:\CCCC2020\TOOL\KEIL\C51\LIB\C51S.LIB (?C?LSUB)
  D:\CCCC2020\TOOL\KEIL\C51\LIB\C51S.LIB (?C?LMUL)
  D:\CCCC2020\TOOL\KEIL\C51\LIB\C51S.LIB (?C?ULDIV)
  D:\CCCC2020\TOOL\KEIL\C51\LIB\C51S.LIB (?C?LNEG)
  D:\CCCC2020\TOOL\KEIL\C51\LIB\C51S.LIB (?C?SLCMP)
  D:\CCCC2020\TOOL\KEIL\C51\LIB\C51S.LIB (?C?ULCMP)
  D:\CCCC2020\TOOL\KEIL\C51\LIB\C51S.LIB (?C?ULSHR)
  D:\CCCC2020\TOOL\KEIL\C51\LIB\C51S.LIB (?C?LSHL)
  D:\CCCC2020\TOOL\KEIL\C51\LIB\C51S.LIB (?C?LLDXDATA)
  D:\CCCC2020\TOOL\KEIL\C51\LIB\C51S.LIB (?C?LLDXDATA0)
  D:\CCCC2020\TOOL\KEIL\C51\LIB\C51S.LIB (?C?LSTXDATA)
  D:\CCCC2020\TOOL\KEIL\C51\LIB\C51S.LIB (?C?LSTKXDATA)
  D:\CCCC2020\TOOL\KEIL\C51\LIB\C51S.LIB (?C?OFFXADD)
  D:\CCCC2020\TOOL\KEIL\C51\LIB\C51S.LIB (?C?PLDIIDATA)
  D:\CCCC2020\TOOL\KEIL\C51\LIB\C51S.LIB (?C?CCASE)
  D:\CCCC2020\TOOL\KEIL\C51\LIB\C51S.LIB (PUTCHAR)


LINK MAP OF MODULE:  .\Objects\HC-MCU-XBR (?C_STARTUP)


            TYPE    BASE      LENGTH    RELOCATION   SEGMENT NAME
            -----------------------------------------------------
BL51 BANKED LINKER/LOCATER V6.22                                                      12/18/2020  11:27:11  PAGE 2



            * * * * * * *   D A T A   M E M O R Y   * * * * * * *
            REG     0000H     0008H     ABSOLUTE     "REG BANK 0"
            DATA    0008H     0009H     UNIT         ?DT?_MY_MEMSET?MCU_API
            DATA    0011H     0009H     UNIT         ?DT?_MY_STRCPY?MCU_API
            DATA    001AH     0006H     UNIT         ?DT?HC_MCU_XBR
            BIT     0020H.0   0001H.1   UNIT         _BIT_GROUP_
                    0021H.1   0000H.7                *** GAP ***
            DATA    0022H     0030H     UNIT         _DATA_GROUP_
            DATA    0052H     0007H     UNIT         ?DT?_MCU_DP_FAULT_UPDATE?MCU_API
            DATA    0059H     0007H     UNIT         ?DT?SYSTEM
            DATA    0060H     0006H     UNIT         ?DT?_MY_STRCMP?MCU_API
            DATA    0066H     0006H     UNIT         ?DT?_MCU_DP_RAW_UPDATE?MCU_API
            DATA    006CH     0006H     UNIT         ?DT?_MCU_DP_STRING_UPDATE?MCU_API
            DATA    0072H     0004H     UNIT         ?DT?_INT_TO_BYTE?MCU_API
            DATA    0076H     0002H     UNIT         ?DT?MCU_API
            IDATA   0078H     0009H     UNIT         ?ID?HC_MCU_XBR
            IDATA   0081H     0001H     UNIT         ?STACK

            * * * * * * *  X D A T A   M E M O R Y  * * * * * * *
            XDATA   0000H     0071H     UNIT         ?XD?SYSTEM
            XDATA   0071H     0069H     UNIT         ?XD?HC_MCU_XBR
            XDATA   00DAH     0023H     UNIT         ?XD?PROTOCOL
                    00FDH     FD83H                  *** GAP ***
            XDATA   FE80H     0001H     ABSOLUTE     
                    FE81H     0004H                  *** GAP ***
            XDATA   FE85H     0001H     ABSOLUTE     
                    FE86H     0002H                  *** GAP ***
            XDATA   FE88H     0001H     ABSOLUTE     
            XDATA   FE89H     0001H     ABSOLUTE     
            XDATA   FE8AH     0001H     ABSOLUTE     
                    FE8BH     0006H                  *** GAP ***
            XDATA   FE91H     0001H     ABSOLUTE     
            XDATA   FE92H     0001H     ABSOLUTE     
            XDATA   FE93H     0001H     ABSOLUTE     
            XDATA   FE94H     0001H     ABSOLUTE     
            XDATA   FE95H     0001H     ABSOLUTE     
                    FE96H     0002H                  *** GAP ***
            XDATA   FE98H     0001H     ABSOLUTE     
                    FE99H     0002H                  *** GAP ***
            XDATA   FE9BH     0001H     ABSOLUTE     
                    FE9CH     0004H                  *** GAP ***
            XDATA   FEA0H     0001H     ABSOLUTE     
                    FEA1H     0001H                  *** GAP ***
            XDATA   FEA2H     0001H     ABSOLUTE     
                    FEA3H     0001H                  *** GAP ***
            XDATA   FEA4H     0001H     ABSOLUTE     
            XDATA   FEA5H     0001H     ABSOLUTE     
                    FEA6H     0001H                  *** GAP ***
            XDATA   FEA7H     0001H     ABSOLUTE     
                    FEA8H     0002H                  *** GAP ***
            XDATA   FEAAH     0001H     ABSOLUTE     
                    FEABH     0005H                  *** GAP ***
            XDATA   FEB0H     0001H     ABSOLUTE     
            XDATA   FEB1H     0001H     ABSOLUTE     
            XDATA   FEB2H     0001H     ABSOLUTE     
            XDATA   FEB3H     0001H     ABSOLUTE     
BL51 BANKED LINKER/LOCATER V6.22                                                      12/18/2020  11:27:11  PAGE 3


                    FEB4H     0004H                  *** GAP ***
            XDATA   FEB8H     0001H     ABSOLUTE     
            XDATA   FEB9H     0001H     ABSOLUTE     
                    FEBAH     0002H                  *** GAP ***
            XDATA   FEBCH     0001H     ABSOLUTE     
                    FEBDH     0043H                  *** GAP ***
            XDATA   FF00H     0001H     ABSOLUTE     
            XDATA   FF01H     0001H     ABSOLUTE     
            XDATA   FF02H     0001H     ABSOLUTE     
            XDATA   FF03H     0001H     ABSOLUTE     
                    FF04H     0001H                  *** GAP ***
            XDATA   FF05H     0001H     ABSOLUTE     
                    FF06H     0002H                  *** GAP ***
            XDATA   FF08H     0001H     ABSOLUTE     
                    FF09H     0007H                  *** GAP ***
            XDATA   FF10H     0001H     ABSOLUTE     
            XDATA   FF11H     0001H     ABSOLUTE     
            XDATA   FF12H     0001H     ABSOLUTE     
            XDATA   FF13H     0001H     ABSOLUTE     
                    FF14H     002CH                  *** GAP ***
            XDATA   FF40H     0001H     ABSOLUTE     
            XDATA   FF41H     0001H     ABSOLUTE     
            XDATA   FF42H     0001H     ABSOLUTE     
                    FF43H     003DH                  *** GAP ***
            XDATA   FF80H     0001H     ABSOLUTE     
            XDATA   FF81H     0001H     ABSOLUTE     
                    FF82H     0001H                  *** GAP ***
            XDATA   FF83H     0001H     ABSOLUTE     
            XDATA   FF84H     0001H     ABSOLUTE     
            XDATA   FF85H     0001H     ABSOLUTE     
                    FF86H     0009H                  *** GAP ***
            XDATA   FF8FH     0001H     ABSOLUTE     
            XDATA   FF90H     0001H     ABSOLUTE     
            XDATA   FF91H     0001H     ABSOLUTE     
                    FF92H     0002H                  *** GAP ***
            XDATA   FF94H     0001H     ABSOLUTE     
            XDATA   FF95H     0001H     ABSOLUTE     
                    FF96H     0002H                  *** GAP ***
            XDATA   FF98H     0001H     ABSOLUTE     
            XDATA   FF99H     0001H     ABSOLUTE     
                    FF9AH     0002H                  *** GAP ***
            XDATA   FF9CH     0001H     ABSOLUTE     
                    FF9DH     0003H                  *** GAP ***
            XDATA   FFA0H     0001H     ABSOLUTE     
            XDATA   FFA1H     0001H     ABSOLUTE     
                    FFA2H     0002H                  *** GAP ***
            XDATA   FFA4H     0001H     ABSOLUTE     
            XDATA   FFA5H     0001H     ABSOLUTE     
            XDATA   FFA6H     0001H     ABSOLUTE     
            XDATA   FFA7H     0001H     ABSOLUTE     
            XDATA   FFA8H     0001H     ABSOLUTE     
            XDATA   FFA9H     0001H     ABSOLUTE     

            * * * * * * *   C O D E   M E M O R Y   * * * * * * *
            CODE    0000H     0003H     ABSOLUTE     
            CODE    0003H     0017H     UNIT         ?PR?INITSYS?HC_MCU_XBR
                    001AH     0001H                  *** GAP ***
BL51 BANKED LINKER/LOCATER V6.22                                                      12/18/2020  11:27:11  PAGE 4


            CODE    001BH     0003H     ABSOLUTE     
            CODE    001EH     0003H     UNIT         ?PR?_UART_TRANSMIT_OUTPUT?PROTOCOL
                    0021H     0002H                  *** GAP ***
            CODE    0023H     0003H     ABSOLUTE     
            CODE    0026H     0916H     UNIT         ?C?LIB_CODE
            CODE    093CH     050AH     UNIT         ?PR?XBRHANDLE?HC_MCU_XBR
            CODE    0E46H     046FH     UNIT         ?PR?PRINTF?PRINTF
            CODE    12B5H     022AH     UNIT         ?PR?MAIN?HC_MCU_XBR
            CODE    14DFH     0190H     UNIT         ?PR?WIFI_UART_SERVICE?MCU_API
            CODE    166FH     0150H     UNIT         ?PR?HC_MCU_XBR
            CODE    17BFH     0140H     UNIT         ?PR?SET_VAR?HC_MCU_XBR
            CODE    18FFH     012AH     UNIT         ?C_INITSEG
            CODE    1A29H     00F5H     UNIT         ?PR?_DATA_HANDLE?SYSTEM
            CODE    1B1EH     00CBH     UNIT         ?PR?PRODUCT_INFO_UPDATE?SYSTEM
            CODE    1BE9H     00C5H     UNIT         ?PR?_MY_MEMCPY?MCU_API
            CODE    1CAEH     00C4H     UNIT         ?PR?ALL_DATA_UPDATE?PROTOCOL
            CODE    1D72H     00C3H     UNIT         ?PR?_MCU_DP_FAULT_UPDATE?MCU_API
            CODE    1E35H     00BBH     UNIT         ?PR?TIMER1_RPT?HC_MCU_XBR
            CODE    1EF0H     00B8H     UNIT         ?PR?_DP_DOWNLOAD_HANDLE?PROTOCOL
            CODE    1FA8H     00AAH     UNIT         ?PR?MCU_API
            CODE    2052H     00A2H     UNIT         ?PR?SAVEVAR?HC_MCU_XBR
            CODE    20F4H     008CH     UNIT         ?C_C51STARTUP
            CODE    2180H     0087H     UNIT         ?PR?_MCU_DP_VALUE_UPDATE?MCU_API
            CODE    2207H     0071H     UNIT         ?PR?_HEX_TO_BCD?MCU_API
            CODE    2278H     006DH     UNIT         ?PR?_DP_DOWNLOAD_SENSE_STRESS_HANDLE?PROTOCOL
            CODE    22E5H     0060H     UNIT         ?PR?_PWM3INIT?HC_MCU_XBR
            CODE    2345H     005EH     UNIT         ?PR?WAIT1?HC_MCU_XBR
            CODE    23A3H     005DH     UNIT         ?PR?_DP_DOWNLOAD_CDS_HANDLE?PROTOCOL
            CODE    2400H     005BH     UNIT         ?PR?WAIT2?HC_MCU_XBR
            CODE    245BH     005BH     UNIT         ?PR?_DATA_POINT_HANDLE?SYSTEM
            CODE    24B6H     0059H     UNIT         ?PR?_UART_RECEIVE_INPUT?MCU_API
            CODE    250FH     0055H     UNIT         ?PR?_WIFI_UART_WRITE_FRAME?SYSTEM
            CODE    2564H     004FH     UNIT         ?PR?_PWM0INIT?HC_MCU_XBR
            CODE    25B3H     004BH     UNIT         ?PR?_BYTE_TO_INT?MCU_API
            CODE    25FEH     004AH     UNIT         ?PR?_MCU_DP_BOOL_UPDATE?MCU_API
            CODE    2648H     004AH     UNIT         ?PR?_MCU_DP_STRING_UPDATE?MCU_API
            CODE    2692H     0049H     UNIT         ?PR?_MCU_DP_RAW_UPDATE?MCU_API
            CODE    26DBH     0047H     UNIT         ?PR?UART1_RPT?HC_MCU_XBR
            CODE    2722H     0044H     UNIT         ?PR?_MY_STRCMP?MCU_API
            CODE    2766H     0043H     UNIT         ?PR?_MY_STRLEN?MCU_API
            CODE    27A9H     0043H     UNIT         ?PR?_DP_DOWNLOAD_PIR_DELAY_HANDLE?PROTOCOL
            CODE    27ECH     0040H     UNIT         ?PR?_READ_AD?HC_MCU_XBR
            CODE    282CH     0040H     UNIT         ?PR?TAKE_BYTE_RXBUFF?SYSTEM
            CODE    286CH     003FH     UNIT         ?PR?_MCU_DP_ENUM_UPDATE?MCU_API
            CODE    28ABH     003DH     UNIT         ?PR?_WIFI_UART_WRITE_DATA?SYSTEM
            CODE    28E8H     003CH     UNIT         ?PR?_MY_STRCPY?MCU_API
            CODE    2924H     003BH     UNIT         ?CO?SYSTEM
            CODE    295FH     003AH     UNIT         ?PR?_DP_DOWNLOAD_BRIGHT_VALUE_HANDLE?PROTOCOL
            CODE    2999H     003AH     UNIT         ?PR?_DP_DOWNLOAD_SWITCH_LED2_HANDLE?PROTOCOL
            CODE    29D3H     0036H     UNIT         ?PR?_PWM3INIT_XXX?HC_MCU_XBR
            CODE    2A09H     0036H     UNIT         ?PR?PROTOCOL
            CODE    2A3FH     0035H     UNIT         ?PR?_DP_DOWNLOAD_STANDBY_TIME_HANDLE?PROTOCOL
            CODE    2A74H     0034H     UNIT         ?PR?_MY_MEMSET?MCU_API
            CODE    2AA8H     0033H     UNIT         ?PR?_INT_TO_BYTE?MCU_API
            CODE    2ADBH     0032H     UNIT         ?PR?_FLASH_READARR?HC_MCU_XBR
            CODE    2B0DH     0031H     UNIT         ?PR?UART1_INIT?HC_MCU_XBR
            CODE    2B3EH     0030H     UNIT         ?PR?_DP_DOWNLOAD_TEMP_VALUE2_HANDLE?PROTOCOL
BL51 BANKED LINKER/LOCATER V6.22                                                      12/18/2020  11:27:11  PAGE 5


            CODE    2B6EH     002FH     UNIT         ?PR?_SET_WIFI_UART_BUFFER?SYSTEM
            CODE    2B9DH     002DH     UNIT         ?PR?RESET_BT_MODULE?PROTOCOL
            CODE    2BCAH     002AH     UNIT         ?PR?GPIO_INIT?HC_MCU_XBR
            CODE    2BF4H     0028H     UNIT         ?PR?_DELAY_MS?HC_MCU_XBR
            CODE    2C1CH     0027H     UNIT         ?PR?_FLASH_WRITEDATA?HC_MCU_XBR
            CODE    2C43H     0027H     UNIT         ?PR?PUTCHAR?PUTCHAR
            CODE    2C6AH     0026H     UNIT         ?CO?MCU_API
            CODE    2C90H     0026H     UNIT         ?PR?_GET_CHECK_SUM?SYSTEM
            CODE    2CB6H     0025H     UNIT         ?PR?_FLASH_ERASEBLOCK?HC_MCU_XBR
            CODE    2CDBH     0023H     UNIT         ?PR?SYSTEM
            CODE    2CFEH     0022H     UNIT         ?PR?HEAT_BEAT_CHECK?SYSTEM
            CODE    2D20H     0021H     UNIT         ?PR?_DP_DOWNLOAD_SWITCH_XBR_HANDLE?PROTOCOL
            CODE    2D41H     0021H     UNIT         ?PR?_DP_DOWNLOAD_ALL_DAY_MICRO_LIGHT_HANDLE?PROTOCOL
            CODE    2D62H     0021H     UNIT         ?PR?_GET_DOWMLOAD_DPID_INDEX?SYSTEM
            CODE    2D83H     001FH     UNIT         ?PR?_DP_DOWNLOAD_SWITCH_LINKAGE_HANDLE?PROTOCOL
            CODE    2DA2H     001EH     UNIT         ?PR?TIMER_INIT?HC_MCU_XBR
            CODE    2DC0H     001EH     UNIT         ?PR?WITH_DATA_RXBUFF?SYSTEM
            CODE    2DDEH     001BH     UNIT         ?PR?_DELAY_US?HC_MCU_XBR
            CODE    2DF9H     001AH     UNIT         ?PR?_DP_DOWNLOAD_CLEAR_TRIGGER_NUMBER_HANDLE?PROTOCOL
            CODE    2E13H     0017H     UNIT         ?PR?ADC_INIT?HC_MCU_XBR
            CODE    2E2AH     0017H     UNIT         ?PR?_MCU_SET_WIFI_MODE?MCU_API
            CODE    2E41H     0017H     UNIT         ?PR?_DP_DOWNLOAD_SWITCH_LED_HANDLE?PROTOCOL
            CODE    2E58H     0013H     UNIT         ?PR?WIFI_PROTOCOL_INIT?MCU_API
            CODE    2E6BH     000FH     UNIT         ?PR?_GET_WIFI_STATUS?PROTOCOL
            CODE    2E7AH     000EH     UNIT         ?PR?MCU_RESET_WIFI?MCU_API
            CODE    2E88H     000DH     UNIT         ?PR?_SET_WIFI_UART_BYTE?SYSTEM
            CODE    2E95H     000BH     UNIT         ?PR?_SEND_DATA?HC_MCU_XBR
            CODE    2EA0H     000AH     UNIT         ?PR?MCU_GET_WIFI_CONNECT_STATUS?MCU_API
            CODE    2EAAH     000AH     UNIT         ?PR?GET_MCU_WIFI_MODE?SYSTEM
            CODE    2EB4H     0009H     UNIT         ?PR?_MCU_GET_DP_DOWNLOAD_BOOL?MCU_API
            CODE    2EBDH     0009H     UNIT         ?PR?_MCU_GET_DP_DOWNLOAD_ENUM?MCU_API
            CODE    2EC6H     0008H     UNIT         ?PR?_MCU_GET_DP_DOWNLOAD_VALUE?MCU_API
            CODE    2ECEH     0006H     UNIT         ?PR?MCU_GET_RESET_WIFI_FLAG?MCU_API
            CODE    2ED4H     0006H     UNIT         ?PR?MCU_GET_WIFIMODE_FLAG?MCU_API
            CODE    2EDAH     0006H     UNIT         ?PR?MCU_GET_WIFI_WORK_STATE?MCU_API
            CODE    2EE0H     0003H     UNIT         ?PR?GET_DOWNLOAD_CMD_TOTAL?PROTOCOL



OVERLAY MAP OF MODULE:   .\Objects\HC-MCU-XBR (?C_STARTUP)


SEGMENT                                             BIT_GROUP          DATA_GROUP 
  +--> CALLED SEGMENT                            START    LENGTH     START    LENGTH
------------------------------------------------------------------------------------
?C_C51STARTUP                                    -----    -----      -----    -----
  +--> ?PR?MAIN?HC_MCU_XBR
  +--> ?C_INITSEG

?PR?MAIN?HC_MCU_XBR                              -----    -----      0022H    0001H
  +--> ?PR?WIFI_PROTOCOL_INIT?MCU_API
  +--> ?PR?INITSYS?HC_MCU_XBR
  +--> ?PR?GPIO_INIT?HC_MCU_XBR
  +--> ?PR?TIMER_INIT?HC_MCU_XBR
  +--> ?PR?UART1_INIT?HC_MCU_XBR
  +--> ?PR?ADC_INIT?HC_MCU_XBR
  +--> ?PR?_DELAY_MS?HC_MCU_XBR
BL51 BANKED LINKER/LOCATER V6.22                                                      12/18/2020  11:27:11  PAGE 6


  +--> ?PR?HC_MCU_XBR
  +--> ?PR?SET_VAR?HC_MCU_XBR
  +--> ?PR?_PWM3INIT?HC_MCU_XBR
  +--> ?PR?_FLASH_ERASEBLOCK?HC_MCU_XBR
  +--> ?PR?_DELAY_US?HC_MCU_XBR
  +--> ?PR?_FLASH_WRITEDATA?HC_MCU_XBR
  +--> ?PR?WAIT1?HC_MCU_XBR
  +--> ?PR?WAIT2?HC_MCU_XBR
  +--> ?PR?RESET_BT_MODULE?PROTOCOL
  +--> ?PR?_MCU_DP_ENUM_UPDATE?MCU_API
  +--> ?PR?_MCU_DP_VALUE_UPDATE?MCU_API
  +--> ?PR?WIFI_UART_SERVICE?MCU_API
  +--> ?PR?XBRHANDLE?HC_MCU_XBR

?PR?WIFI_PROTOCOL_INIT?MCU_API                   -----    -----      -----    -----
  +--> ?PR?MCU_API

?PR?GPIO_INIT?HC_MCU_XBR                         -----    -----      -----    -----
  +--> ?PR?HC_MCU_XBR

?PR?HC_MCU_XBR                                   -----    -----      -----    -----
  +--> ?PR?_DELAY_US?HC_MCU_XBR
  +--> ?PR?_READ_AD?HC_MCU_XBR
  +--> ?PR?_FLASH_ERASEBLOCK?HC_MCU_XBR

?PR?_DELAY_US?HC_MCU_XBR                         -----    -----      -----    -----
  +--> ?PR?_FLASH_WRITEDATA?HC_MCU_XBR

?PR?_READ_AD?HC_MCU_XBR                          -----    -----      -----    -----
  +--> ?PR?_DELAY_US?HC_MCU_XBR

?PR?ADC_INIT?HC_MCU_XBR                          -----    -----      -----    -----
  +--> ?PR?_DELAY_US?HC_MCU_XBR

?PR?SET_VAR?HC_MCU_XBR                           -----    -----      -----    -----
  +--> ?PR?_FLASH_READARR?HC_MCU_XBR
  +--> ?PR?HC_MCU_XBR
  +--> ?PR?SAVEVAR?HC_MCU_XBR
  +--> ?PR?RESET_BT_MODULE?PROTOCOL

?PR?_FLASH_READARR?HC_MCU_XBR                    -----    -----      0023H    0005H

?PR?SAVEVAR?HC_MCU_XBR                           -----    -----      -----    -----
  +--> ?PR?HC_MCU_XBR
  +--> ?PR?_FLASH_WRITEDATA?HC_MCU_XBR
  +--> ?PR?_DELAY_US?HC_MCU_XBR

?PR?RESET_BT_MODULE?PROTOCOL                     -----    -----      -----    -----
  +--> ?PR?_SEND_DATA?HC_MCU_XBR

?PR?_PWM3INIT?HC_MCU_XBR                         -----    -----      003DH    0002H
  +--> ?PR?HC_MCU_XBR
  +--> ?PR?_PWM0INIT?HC_MCU_XBR
  +--> ?PR?_PWM3INIT_XXX?HC_MCU_XBR

?PR?_PWM0INIT?HC_MCU_XBR                         -----    -----      003FH    0004H
  +--> ?PR?HC_MCU_XBR
BL51 BANKED LINKER/LOCATER V6.22                                                      12/18/2020  11:27:11  PAGE 7



?PR?_PWM3INIT_XXX?HC_MCU_XBR                     -----    -----      003FH    0004H
  +--> ?PR?HC_MCU_XBR

?PR?WAIT1?HC_MCU_XBR                             -----    -----      0023H    0002H
  +--> ?PR?HC_MCU_XBR
  +--> ?PR?_DELAY_MS?HC_MCU_XBR

?PR?WAIT2?HC_MCU_XBR                             -----    -----      0023H    0005H
  +--> ?PR?HC_MCU_XBR

?PR?_MCU_DP_ENUM_UPDATE?MCU_API                  -----    -----      003DH    0001H
  +--> ?PR?MCU_API
  +--> ?PR?_SET_WIFI_UART_BYTE?SYSTEM
  +--> ?PR?_WIFI_UART_WRITE_FRAME?SYSTEM

?PR?_SET_WIFI_UART_BYTE?SYSTEM                   -----    -----      -----    -----
  +--> ?PR?SYSTEM

?PR?_WIFI_UART_WRITE_FRAME?SYSTEM                -----    -----      0046H    0002H
  +--> ?PR?_GET_CHECK_SUM?SYSTEM
  +--> ?PR?_WIFI_UART_WRITE_DATA?SYSTEM

?PR?_GET_CHECK_SUM?SYSTEM                        -----    -----      0048H    0005H
  +--> ?PR?SYSTEM

?PR?_WIFI_UART_WRITE_DATA?SYSTEM                 -----    -----      0048H    0005H
  +--> ?PR?_UART_TRANSMIT_OUTPUT?PROTOCOL

?PR?_UART_TRANSMIT_OUTPUT?PROTOCOL               -----    -----      -----    -----
  +--> ?PR?_SEND_DATA?HC_MCU_XBR

?PR?_MCU_DP_VALUE_UPDATE?MCU_API                 -----    -----      0041H    0005H
  +--> ?PR?MCU_API
  +--> ?PR?_SET_WIFI_UART_BYTE?SYSTEM
  +--> ?PR?_WIFI_UART_WRITE_FRAME?SYSTEM

?PR?WIFI_UART_SERVICE?MCU_API                    -----    -----      0023H    0004H
  +--> ?PR?WITH_DATA_RXBUFF?SYSTEM
  +--> ?PR?TAKE_BYTE_RXBUFF?SYSTEM
  +--> ?PR?MCU_API
  +--> ?PR?_GET_CHECK_SUM?SYSTEM
  +--> ?CO?MCU_API
  +--> ?PR?PRINTF?PRINTF
  +--> ?PR?_DATA_HANDLE?SYSTEM
  +--> ?PR?_MY_MEMCPY?MCU_API

?PR?TAKE_BYTE_RXBUFF?SYSTEM                      -----    -----      -----    -----
  +--> ?PR?SYSTEM

?PR?PRINTF?PRINTF                                0020H.0  0001H.1    0027H    001CH
  +--> ?PR?PUTCHAR?PUTCHAR

?PR?_DATA_HANDLE?SYSTEM                          -----    -----      0027H    0008H
  +--> ?PR?HEAT_BEAT_CHECK?SYSTEM
  +--> ?PR?PRODUCT_INFO_UPDATE?SYSTEM
  +--> ?PR?GET_MCU_WIFI_MODE?SYSTEM
BL51 BANKED LINKER/LOCATER V6.22                                                      12/18/2020  11:27:11  PAGE 8


  +--> ?PR?SYSTEM
  +--> ?PR?_WIFI_UART_WRITE_FRAME?SYSTEM
  +--> ?PR?_DATA_POINT_HANDLE?SYSTEM
  +--> ?PR?SAVEVAR?HC_MCU_XBR
  +--> ?PR?ALL_DATA_UPDATE?PROTOCOL
  +--> ?PR?_GET_WIFI_STATUS?PROTOCOL

?PR?HEAT_BEAT_CHECK?SYSTEM                       -----    -----      -----    -----
  +--> ?PR?_SET_WIFI_UART_BYTE?SYSTEM
  +--> ?PR?_WIFI_UART_WRITE_FRAME?SYSTEM

?PR?PRODUCT_INFO_UPDATE?SYSTEM                   -----    -----      002FH    000BH
  +--> ?CO?SYSTEM
  +--> ?PR?_SET_WIFI_UART_BUFFER?SYSTEM
  +--> ?PR?_MY_STRLEN?MCU_API
  +--> ?PR?_WIFI_UART_WRITE_FRAME?SYSTEM

?PR?_SET_WIFI_UART_BUFFER?SYSTEM                 -----    -----      003AH    0007H
  +--> ?PR?SYSTEM
  +--> ?PR?_MY_MEMCPY?MCU_API

?PR?_MY_MEMCPY?MCU_API                           -----    -----      0041H    0010H
  +--> ?PR?MCU_API

?PR?_MY_STRLEN?MCU_API                           -----    -----      003AH    0007H
  +--> ?PR?MCU_API

?PR?GET_MCU_WIFI_MODE?SYSTEM                     -----    -----      -----    -----
  +--> ?PR?_WIFI_UART_WRITE_FRAME?SYSTEM

?PR?_DATA_POINT_HANDLE?SYSTEM                    -----    -----      002FH    0007H
  +--> ?PR?_GET_DOWMLOAD_DPID_INDEX?SYSTEM
  +--> ?PR?_DP_DOWNLOAD_HANDLE?PROTOCOL

?PR?_GET_DOWMLOAD_DPID_INDEX?SYSTEM              -----    -----      0036H    0001H
  +--> ?PR?GET_DOWNLOAD_CMD_TOTAL?PROTOCOL

?PR?_DP_DOWNLOAD_HANDLE?PROTOCOL                 -----    -----      0036H    0007H
  +--> ?PR?PROTOCOL
  +--> ?PR?_DP_DOWNLOAD_SWITCH_LED_HANDLE?PR...
  +--> ?PR?RESET_BT_MODULE?PROTOCOL
  +--> ?PR?_DP_DOWNLOAD_BRIGHT_VALUE_HANDLE?...
  +--> ?PR?_DP_DOWNLOAD_TEMP_VALUE2_HANDLE?P...
  +--> ?PR?_DP_DOWNLOAD_CDS_HANDLE?PROTOCOL
  +--> ?PR?_DP_DOWNLOAD_PIR_DELAY_HANDLE?PRO...
  +--> ?PR?_DP_DOWNLOAD_SWITCH_XBR_HANDLE?PR...
  +--> ?PR?_DP_DOWNLOAD_STANDBY_TIME_HANDLE?...
  +--> ?PR?_DP_DOWNLOAD_SENSE_STRESS_HANDLE?...
  +--> ?PR?_DP_DOWNLOAD_SWITCH_LED2_HANDLE?P...
  +--> ?PR?_DP_DOWNLOAD_SWITCH_LINKAGE_HANDL...
  +--> ?PR?_DP_DOWNLOAD_ALL_DAY_MICRO_LIGHT_...
  +--> ?PR?_DP_DOWNLOAD_CLEAR_TRIGGER_NUMBER...

?PR?_DP_DOWNLOAD_SWITCH_LED_HANDLE?PR...         -----    -----      -----    -----
  +--> ?PR?_MCU_GET_DP_DOWNLOAD_BOOL?MCU_API
  +--> ?PR?_MCU_DP_BOOL_UPDATE?MCU_API

BL51 BANKED LINKER/LOCATER V6.22                                                      12/18/2020  11:27:11  PAGE 9


?PR?_MCU_GET_DP_DOWNLOAD_BOOL?MCU_API            -----    -----      003DH    0002H

?PR?_MCU_DP_BOOL_UPDATE?MCU_API                  -----    -----      003DH    0001H
  +--> ?PR?MCU_API
  +--> ?PR?_SET_WIFI_UART_BYTE?SYSTEM
  +--> ?PR?_WIFI_UART_WRITE_FRAME?SYSTEM

?PR?_DP_DOWNLOAD_BRIGHT_VALUE_HANDLE?...         -----    -----      003DH    0004H
  +--> ?PR?_MCU_GET_DP_DOWNLOAD_VALUE?MCU_API
  +--> ?PR?PROTOCOL
  +--> ?PR?_MCU_DP_VALUE_UPDATE?MCU_API

?PR?_MCU_GET_DP_DOWNLOAD_VALUE?MCU_API           -----    -----      0041H    0002H
  +--> ?PR?_BYTE_TO_INT?MCU_API

?PR?_BYTE_TO_INT?MCU_API                         -----    -----      0043H    0004H
  +--> ?PR?MCU_API

?PR?_DP_DOWNLOAD_TEMP_VALUE2_HANDLE?P...         -----    -----      -----    -----
  +--> ?PR?_MCU_GET_DP_DOWNLOAD_VALUE?MCU_API
  +--> ?PR?_PWM3INIT?HC_MCU_XBR
  +--> ?PR?PROTOCOL
  +--> ?PR?_MCU_DP_VALUE_UPDATE?MCU_API

?PR?_DP_DOWNLOAD_CDS_HANDLE?PROTOCOL             -----    -----      -----    -----
  +--> ?PR?_MCU_GET_DP_DOWNLOAD_ENUM?MCU_API
  +--> ?PR?_MCU_DP_ENUM_UPDATE?MCU_API

?PR?_MCU_GET_DP_DOWNLOAD_ENUM?MCU_API            -----    -----      003DH    0002H

?PR?_DP_DOWNLOAD_PIR_DELAY_HANDLE?PRO...         -----    -----      003DH    0004H
  +--> ?PR?_MCU_GET_DP_DOWNLOAD_VALUE?MCU_API
  +--> ?PR?PROTOCOL
  +--> ?PR?_MCU_DP_VALUE_UPDATE?MCU_API

?PR?_DP_DOWNLOAD_SWITCH_XBR_HANDLE?PR...         -----    -----      -----    -----
  +--> ?PR?_MCU_GET_DP_DOWNLOAD_BOOL?MCU_API
  +--> ?PR?_MCU_DP_BOOL_UPDATE?MCU_API

?PR?_DP_DOWNLOAD_STANDBY_TIME_HANDLE?...         -----    -----      003DH    0004H
  +--> ?PR?_MCU_GET_DP_DOWNLOAD_VALUE?MCU_API
  +--> ?PR?PROTOCOL
  +--> ?PR?_MCU_DP_VALUE_UPDATE?MCU_API

?PR?_DP_DOWNLOAD_SENSE_STRESS_HANDLE?...         -----    -----      003DH    0004H
  +--> ?PR?_MCU_GET_DP_DOWNLOAD_VALUE?MCU_API
  +--> ?PR?_MCU_DP_VALUE_UPDATE?MCU_API

?PR?_DP_DOWNLOAD_SWITCH_LED2_HANDLE?P...         -----    -----      -----    -----
  +--> ?PR?_MCU_GET_DP_DOWNLOAD_BOOL?MCU_API
  +--> ?PR?_MCU_DP_BOOL_UPDATE?MCU_API

?PR?_DP_DOWNLOAD_SWITCH_LINKAGE_HANDL...         -----    -----      -----    -----
  +--> ?PR?_MCU_GET_DP_DOWNLOAD_BOOL?MCU_API
  +--> ?PR?_MCU_DP_BOOL_UPDATE?MCU_API

?PR?_DP_DOWNLOAD_ALL_DAY_MICRO_LIGHT_...         -----    -----      -----    -----
BL51 BANKED LINKER/LOCATER V6.22                                                      12/18/2020  11:27:11  PAGE 10


  +--> ?PR?_MCU_GET_DP_DOWNLOAD_BOOL?MCU_API
  +--> ?PR?_MCU_DP_BOOL_UPDATE?MCU_API

?PR?_DP_DOWNLOAD_CLEAR_TRIGGER_NUMBER...         -----    -----      -----    -----
  +--> ?PR?_MCU_GET_DP_DOWNLOAD_BOOL?MCU_API
  +--> ?PR?PROTOCOL
  +--> ?PR?_MCU_DP_VALUE_UPDATE?MCU_API

?PR?ALL_DATA_UPDATE?PROTOCOL                     -----    -----      002FH    0001H
  +--> ?PR?_MCU_DP_BOOL_UPDATE?MCU_API
  +--> ?PR?PROTOCOL
  +--> ?PR?_MCU_DP_VALUE_UPDATE?MCU_API
  +--> ?PR?_MCU_DP_ENUM_UPDATE?MCU_API

?PR?_GET_WIFI_STATUS?PROTOCOL                    -----    -----      -----    -----
  +--> ?PR?SAVEVAR?HC_MCU_XBR

?PR?XBRHANDLE?HC_MCU_XBR                         -----    -----      0023H    0002H
  +--> ?PR?HC_MCU_XBR
  +--> ?PR?_PWM3INIT?HC_MCU_XBR
  +--> ?PR?_DELAY_MS?HC_MCU_XBR

*** NEW ROOT ***************************************************

?PR?TIMER1_RPT?HC_MCU_XBR                        -----    -----      -----    -----
  +--> ?PR?HC_MCU_XBR

*** NEW ROOT ***************************************************

?PR?UART1_RPT?HC_MCU_XBR                         -----    -----      -----    -----
  +--> ?PR?_UART_RECEIVE_INPUT?MCU_API

?PR?_UART_RECEIVE_INPUT?MCU_API                  -----    -----      0051H    0001H
  +--> ?PR?MCU_API



UNRESOLVED EXTERNAL SYMBOLS:
   RESET_BT_BN



SYMBOL TABLE OF MODULE:  .\Objects\HC-MCU-XBR (?C_STARTUP)

  VALUE           TYPE          NAME
  ----------------------------------

  -------         MODULE        ?C_STARTUP
  C:20F4H         SEGMENT       ?C_C51STARTUP
  I:0081H         SEGMENT       ?STACK
  C:0000H         PUBLIC        ?C_STARTUP
  D:00E0H         SYMBOL        ACC
  D:00F0H         SYMBOL        B
  D:0083H         SYMBOL        DPH
  D:0082H         SYMBOL        DPL
  N:0000H         SYMBOL        IBPSTACK
  N:0100H         SYMBOL        IBPSTACKTOP
BL51 BANKED LINKER/LOCATER V6.22                                                      12/18/2020  11:27:11  PAGE 11


  N:0080H         SYMBOL        IDATALEN
  C:20F7H         SYMBOL        IDATALOOP
  N:0000H         SYMBOL        PBPSTACK
  N:0100H         SYMBOL        PBPSTACKTOP
  N:0000H         SYMBOL        PDATALEN
  N:0000H         SYMBOL        PDATASTART
  N:0000H         SYMBOL        PPAGE
  N:0000H         SYMBOL        PPAGEENABLE
  D:00A0H         SYMBOL        PPAGE_SFR
  D:0081H         SYMBOL        SP
  C:20F4H         SYMBOL        STARTUP1
  N:0000H         SYMBOL        XBPSTACK
  N:0000H         SYMBOL        XBPSTACKTOP
  N:0000H         SYMBOL        XDATALEN
  N:0000H         SYMBOL        XDATASTART
  C:0000H         LINE#         126
  C:20F4H         LINE#         133
  C:20F6H         LINE#         134
  C:20F7H         LINE#         135
  C:20F8H         LINE#         136
  C:20FAH         LINE#         185
  C:20FDH         LINE#         196
  -------         ENDMOD        ?C_STARTUP

  -------         MODULE        HC_MCU_XBR
  C:0000H         SYMBOL        _ICE_DUMMY_
  X:FF08H         PUBLIC        P1M0
  X:FF01H         PUBLIC        P0M1
  I:0078H         PUBLIC        Light_on_flagpre
  X:FF10H         PUBLIC        P2M0
  X:FF02H         PUBLIC        P0M2
  D:0080H         PUBLIC        P0
  X:FF11H         PUBLIC        P2M1
  X:FF03H         PUBLIC        P0M3
  D:0090H         PUBLIC        P1
  X:FF12H         PUBLIC        P2M2
  D:00A0H         PUBLIC        P2
  X:0071H         PUBLIC        check_light_times
  X:FF13H         PUBLIC        P2M3
  X:0072H         PUBLIC        radar_number_send_flag
  X:0073H         PUBLIC        lowlight1minflag
  X:0074H         PUBLIC        light_status_xxx_last
  B:00A8H.7       PUBLIC        EA
  C:26DBH         PUBLIC        UART1_Rpt
  X:0075H         PUBLIC        radar_number_count
  X:FE94H         PUBLIC        XTALCFG
  X:0077H         PUBLIC        SUM1_counter
  D:00A8H         PUBLIC        IE
  I:0079H         PUBLIC        Exit_network_controlflag
  B:0080H.0       PUBLIC        P0_0
  D:00FCH         PUBLIC        IAP_CMD
  X:0078H         PUBLIC        guc_Read_a1
  X:007AH         PUBLIC        temper_value
  D:00F8H         PUBLIC        RSTFR
  B:0080H.4       PUBLIC        P0_4
  X:007BH         PUBLIC        lowlight1mincount
  X:007DH         PUBLIC        alarm_times
BL51 BANKED LINKER/LOCATER V6.22                                                      12/18/2020  11:27:11  PAGE 12


  X:FF91H         PUBLIC        PWM01_MAP
  C:0003H         PUBLIC        InitSYS
  X:007EH         PUBLIC        LIGHT_off
  X:FF95H         PUBLIC        PWM11_MAP
  X:FF99H         PUBLIC        PWM21_MAP
  X:FE89H         PUBLIC        S2CON2
  D:00B6H         PUBLIC        ADCR
  X:0080H         PUBLIC        TH
  X:FEA2H         PUBLIC        CRCC
  X:FE85H         PUBLIC        T5CON1
  X:0084H         PUBLIC        all_day_micro_light_enable
  X:FFA5H         PUBLIC        SCK_MAP
  X:0085H         PUBLIC        SWITCHflag2
  X:0086H         PUBLIC        times
  X:0088H         PUBLIC        SUM0
  C:12B5H         PUBLIC        main
  C:2BCAH         PUBLIC        GPIO_Init
  X:008CH         PUBLIC        SUM1
  X:FEA4H         PUBLIC        BORC
  C:2E95H         PUBLIC        _send_data
  X:0090H         PUBLIC        SWITCHfXBR
  C:29D3H         PUBLIC        _PWM3init_xxx
  D:00BBH         PUBLIC        LVDC
  X:0091H         PUBLIC        radar_trig_times
  X:FFA1H         PUBLIC        RXD_MAP
  X:FEA5H         PUBLIC        BORDBC
  X:FFA0H         PUBLIC        TXD_MAP
  X:FEA7H         PUBLIC        LVDDBC
  D:0099H         PUBLIC        SBUF
  X:FEB8H         PUBLIC        PINTE0
  D:00E5H         PUBLIC        PWM0DH
  C:2BF4H         PUBLIC        _Delay_ms
  C:2CB6H         PUBLIC        _Flash_EraseBlock
  X:0093H         PUBLIC        lowlightDELAY_NUM
  X:0094H         PUBLIC        MAX_DELTA
  X:FEB9H         PUBLIC        PINTE1
  D:00BDH         PUBLIC        WDTC
  D:0098H         PUBLIC        SCON
  D:0089H         PUBLIC        TMOD
  D:0088H         PUBLIC        TCON
  I:007AH         PUBLIC        Light_on_flag
  D:00E4H         PUBLIC        PWM0DL
  X:0098H         PUBLIC        radar_number_send_flag2
  X:0099H         PUBLIC        start_times
  X:FE95H         PUBLIC        SPOV_RSTEN
  D:00E1H         PUBLIC        PWM0EN
  C:2DE7H         PUBLIC        _Delay_us
  I:007BH         PUBLIC        Linkage_flag
  X:009BH         PUBLIC        lightvalue
  D:00B4H         PUBLIC        ADCC0
  C:093CH         PUBLIC        XBRHandle
  D:00B5H         PUBLIC        ADCC1
  X:FE9BH         PUBLIC        ADCC2
  D:00E3H         PUBLIC        PWM0PH
  C:2E13H         PUBLIC        ADC_Init
  X:FE91H         PUBLIC        CLKDIV
  D:00B8H         PUBLIC        IE1
BL51 BANKED LINKER/LOCATER V6.22                                                      12/18/2020  11:27:11  PAGE 13


  X:009CH         PUBLIC        person_in_range_flag
  X:009DH         PUBLIC        light_ad
  X:009EH         PUBLIC        DELAY_NUM
  D:00E2H         PUBLIC        PWM0PL
  X:00A0H         PUBLIC        radar_trig_times_last
  X:FF80H         PUBLIC        T0_MAP
  C:27ECH         PUBLIC        _read_ad
  X:FF81H         PUBLIC        T1_MAP
  X:FEAAH         PUBLIC        RSTDBC
  X:00A2H         PUBLIC        resetbtcnt
  X:FF83H         PUBLIC        T3_MAP
  X:FF84H         PUBLIC        T4_MAP
  X:FF85H         PUBLIC        T5_MAP
  D:001AH         PUBLIC        Timer_Counter
  X:FEA0H         PUBLIC        WDTCCR
  D:001EH         PUBLIC        while_1flag
  D:001FH         PUBLIC        while_2flag
  C:1E35H         PUBLIC        TIMER1_Rpt
  D:008CH         PUBLIC        TH0
  D:008DH         PUBLIC        TH1
  X:00A3H         PUBLIC        stop_times
  X:00A4H         PUBLIC        XRBoffbrightvalue
  D:00CEH         PUBLIC        TH4
  D:008AH         PUBLIC        TL0
  D:008BH         PUBLIC        TL1
  X:FE93H         PUBLIC        CLKOUT
  D:00CDH         PUBLIC        TL4
  D:00FBH         PUBLIC        IAP_DATA
  X:00A5H         PUBLIC        SUM10
  X:00A9H         PUBLIC        SUM01
  D:00F9H         PUBLIC        IAP_ADDR
  X:00ADH         PUBLIC        person_in_range_flag_last
  X:00AEH         PUBLIC        SUM0_num
  D:008EH         PUBLIC        CLKSWR
  X:00AFH         PUBLIC        SUM1_num
  I:007CH         PUBLIC        ab_last
  C:2C1CH         PUBLIC        _FLASH_WriteData
  X:00B0H         PUBLIC        slowchcnt
  X:00B1H         PUBLIC        calc_average_times
  C:2564H         PUBLIC        _PWM0init
  X:00B2H         PUBLIC        Exit_network_controlflag_toggle_counter
  I:007DH         PUBLIC        light1sflag
  X:00B4H         PUBLIC        switchcnt
  X:00B5H         PUBLIC        SUM16
  C:22E5H         PUBLIC        _PWM3init
  X:00B9H         PUBLIC        average
  X:00BBH         PUBLIC        guc_Read_a
  X:FFA9H         PUBLIC        RXD2_MAP
  X:00CBH         PUBLIC        ALL_SUM1
  X:FFA8H         PUBLIC        TXD2_MAP
  X:FE98H         PUBLIC        ADCWC
  X:FE8AH         PUBLIC        S2BUF
  X:FF90H         PUBLIC        PWM0_MAP
  C:2B0DH         PUBLIC        UART1_Init
  X:FFA4H         PUBLIC        SS_MAP
  X:FF94H         PUBLIC        PWM1_MAP
  X:FF98H         PUBLIC        PWM2_MAP
BL51 BANKED LINKER/LOCATER V6.22                                                      12/18/2020  11:27:11  PAGE 14


  X:FE88H         PUBLIC        S2CON
  X:FE80H         PUBLIC        TCON1
  D:009EH         PUBLIC        SCON2
  X:FF9CH         PUBLIC        PWM3_MAP
  C:2345H         PUBLIC        wait1
  D:00DAH         PUBLIC        PWM0C
  C:2400H         PUBLIC        wait2
  X:FF8FH         PUBLIC        CLKO_MAP
  X:FEBCH         PUBLIC        INT01_PINS
  D:00CCH         PUBLIC        T4CON
  X:FE92H         PUBLIC        FREQ_CLK
  X:00CFH         PUBLIC        wifi_join_cnt
  D:00DDH         PUBLIC        PWM3C
  D:00DFH         PUBLIC        PWM3D
  I:007FH         PUBLIC        light1scount
  X:00D0H         PUBLIC        light_status_xxx
  X:00D1H         PUBLIC        light_ad0
  X:FEB0H         PUBLIC        PITS0
  X:FF05H         PUBLIC        P0LPU
  X:FEB1H         PUBLIC        PITS1
  X:FEB2H         PUBLIC        PITS2
  X:FEB3H         PUBLIC        PITS3
  X:00D2H         PUBLIC        SUM
  C:2ADBH         PUBLIC        _Flash_ReadArr
  X:00D6H         PUBLIC        LIGHT_TH
  C:17BFH         PUBLIC        set_var
  X:FFA7H         PUBLIC        MISO_MAP
  X:FFA6H         PUBLIC        MOSI_MAP
  D:00DEH         PUBLIC        PWM3P
  X:00D7H         PUBLIC        LIGHT
  C:2DA2H         PUBLIC        Timer_Init
  X:FF40H         PUBLIC        P00DBC
  D:00D0H         PUBLIC        PSW
  X:FF41H         PUBLIC        P01DBC
  C:2052H         PUBLIC        savevar
  X:00D9H         PUBLIC        RXnum
  X:FF42H         PUBLIC        P02DBC
  X:FF00H         PUBLIC        P0M0
  C:166FH         SYMBOL        Com00C6
  C:166FH         SYMBOL        L?0199
  C:167DH         SYMBOL        L?0200
  C:1684H         SYMBOL        L?0203
  C:1684H         SYMBOL        L?0204
  C:16A4H         SYMBOL        L?0205
  C:16ABH         SYMBOL        L?0206
  C:16B2H         SYMBOL        L?0207
  C:16C7H         SYMBOL        L?0208
  C:16CDH         SYMBOL        L?0209
  C:16CDH         SYMBOL        L?0210
  C:16D0H         SYMBOL        L?0211
  C:16D3H         SYMBOL        L?0212
  C:16D9H         SYMBOL        L?0213
  C:16E6H         SYMBOL        L?0214
  C:16F1H         SYMBOL        L?0215
  C:16FBH         SYMBOL        L?0216
  C:1701H         SYMBOL        L?0217
  C:1701H         SYMBOL        L?0218
BL51 BANKED LINKER/LOCATER V6.22                                                      12/18/2020  11:27:11  PAGE 15


  C:1702H         SYMBOL        L?0219
  C:1708H         SYMBOL        L?0220
  C:1708H         SYMBOL        L?0221
  C:170BH         SYMBOL        L?0222
  C:1714H         SYMBOL        L?0223
  C:1714H         SYMBOL        L?0224
  C:1722H         SYMBOL        L?0225
  C:1728H         SYMBOL        L?0226
  C:172EH         SYMBOL        L?0227
  C:1743H         SYMBOL        L?0228
  C:1743H         SYMBOL        L?0229
  C:1749H         SYMBOL        L?0230
  C:1749H         SYMBOL        L?0231
  C:174FH         SYMBOL        L?0232
  C:1755H         SYMBOL        L?0233
  C:175BH         SYMBOL        L?0234
  C:175CH         SYMBOL        L?0235
  C:1763H         SYMBOL        L?0236
  C:1771H         SYMBOL        L?0237
  C:1771H         SYMBOL        L?0238
  C:177AH         SYMBOL        L?0239
  C:1788H         SYMBOL        L?0240
  C:1788H         SYMBOL        L?0241
  C:178FH         SYMBOL        L?0242
  C:1790H         SYMBOL        L?0243
  C:1796H         SYMBOL        L?0245
  C:1796H         SYMBOL        L?0246
  C:179CH         SYMBOL        L?0247
  C:17A6H         SYMBOL        L?0248
  C:17AFH         SYMBOL        L?0249
  C:17AFH         SYMBOL        L?0250
  C:17B5H         SYMBOL        L?0251
  -------         PROC          COM00C6
  -------         ENDPROC       COM00C6
  -------         PROC          _FLASH_READARR
  D:0023H         SYMBOL        fui_Address
  D:0005H         SYMBOL        fuc_Length
  D:0025H         SYMBOL        fucp_SaveArr
  C:2ADBH         LINE#         110
  C:2AE5H         LINE#         111
  C:2AE5H         LINE#         112
  C:2AEBH         LINE#         113
  C:2B0CH         LINE#         114
  -------         ENDPROC       _FLASH_READARR
  -------         PROC          _DELAY_MS
  D:0082H         SYMBOL        t
  C:2BF4H         LINE#         116
  C:2BF8H         LINE#         117
  C:2BF8H         LINE#         118
  C:2C01H         LINE#         119
  C:2C16H         LINE#         120
  C:2C16H         LINE#         121
  C:2C19H         LINE#         122
  C:2C1BH         LINE#         123
  -------         ENDPROC       _DELAY_MS
  C:2DE0H         SYMBOL        L?0202
  -------         PROC          L?0201
BL51 BANKED LINKER/LOCATER V6.22                                                      12/18/2020  11:27:11  PAGE 16


  -------         ENDPROC       L?0201
  C:2DE0H         SYMBOL        L?0202
  -------         PROC          _DELAY_US
  D:0006H         SYMBOL        q1
  -------         DO            
  D:0004H         SYMBOL        j
  -------         ENDDO         
  C:2DE7H         LINE#         125
  C:2DE7H         LINE#         126
  C:2DE7H         LINE#         128
  C:2DF1H         LINE#         129
  C:2DF1H         LINE#         131
  C:2DF8H         LINE#         132
  -------         ENDPROC       _DELAY_US
  -------         PROC          INITSYS
  C:0003H         LINE#         140
  C:0003H         LINE#         141
  C:0003H         LINE#         144
  C:0006H         LINE#         145
  C:000CH         LINE#         146
  C:0010H         LINE#         154
  C:0013H         LINE#         155
  C:0019H         LINE#         157
  -------         ENDPROC       INITSYS
  -------         PROC          TIMER_INIT
  C:2DA2H         LINE#         165
  C:2DA2H         LINE#         166
  C:2DA2H         LINE#         168
  C:2DA7H         LINE#         169
  C:2DAAH         LINE#         181
  C:2DADH         LINE#         182
  C:2DB0H         LINE#         183
  C:2DB3H         LINE#         184
  C:2DB6H         LINE#         186
  C:2DB9H         LINE#         187
  C:2DBCH         LINE#         189
  C:2DBFH         LINE#         190
  -------         ENDPROC       TIMER_INIT
  -------         PROC          UART1_INIT
  C:2B0DH         LINE#         198
  C:2B0DH         LINE#         199
  C:2B0DH         LINE#         201
  C:2B16H         LINE#         202
  C:2B1FH         LINE#         203
  C:2B21H         LINE#         204
  C:2B27H         LINE#         205
  C:2B2BH         LINE#         206
  C:2B2EH         LINE#         222
  C:2B31H         LINE#         223
  C:2B34H         LINE#         224
  C:2B37H         LINE#         225
  C:2B3AH         LINE#         226
  C:2B3DH         LINE#         228
  -------         ENDPROC       UART1_INIT
  -------         PROC          ADC_INIT
  C:2E13H         LINE#         236
  C:2E13H         LINE#         237
BL51 BANKED LINKER/LOCATER V6.22                                                      12/18/2020  11:27:11  PAGE 17


  C:2E13H         LINE#         239
  C:2E16H         LINE#         240
  C:2E19H         LINE#         241
  C:2E20H         LINE#         244
  C:2E23H         LINE#         255
  C:2E29H         LINE#         256
  -------         ENDPROC       ADC_INIT
  -------         PROC          GPIO_INIT
  C:2BCAH         LINE#         264
  C:2BCAH         LINE#         265
  C:2BCAH         LINE#         338
  C:2BD0H         LINE#         339
  C:2BD8H         LINE#         340
  C:2BDBH         LINE#         341
  C:2BE1H         LINE#         342
  C:2BE4H         LINE#         343
  C:2BEDH         LINE#         344
  C:2BF3H         LINE#         347
  -------         ENDPROC       GPIO_INIT
  -------         PROC          _SEND_DATA
  D:0007H         SYMBOL        d
  C:2E95H         LINE#         349
  C:2E95H         LINE#         350
  C:2E95H         LINE#         351
  C:2E97H         LINE#         352
  C:2E9CH         LINE#         354
  C:2E9FH         LINE#         355
  -------         ENDPROC       _SEND_DATA
  -------         PROC          _READ_AD
  D:0007H         SYMBOL        ch
  -------         DO            
  D:0001H         SYMBOL        i
  D:0002H         SYMBOL        ad_sum
  -------         ENDDO         
  C:27ECH         LINE#         358
  C:27ECH         LINE#         359
  C:27ECH         LINE#         363
  C:27EEH         LINE#         364
  C:27F1H         LINE#         365
  C:27F6H         LINE#         367
  C:27F9H         LINE#         369
  C:27FCH         LINE#         371
  C:27FFH         LINE#         373
  C:2800H         LINE#         374
  C:2800H         LINE#         375
  C:2803H         LINE#         376
  C:2808H         LINE#         378
  C:280BH         LINE#         379
  C:2813H         LINE#         381
  C:281AH         LINE#         382
  C:281EH         LINE#         385
  C:2821H         LINE#         396
  C:2823H         LINE#         398
  C:2829H         LINE#         399
  C:282BH         LINE#         400
  -------         ENDPROC       _READ_AD
  -------         PROC          SET_VAR
BL51 BANKED LINKER/LOCATER V6.22                                                      12/18/2020  11:27:11  PAGE 18


  C:17BFH         LINE#         402
  C:17BFH         LINE#         403
  C:17BFH         LINE#         405
  C:17CEH         LINE#         407
  C:17DAH         LINE#         408
  C:17E5H         LINE#         409
  C:17FAH         LINE#         410
  C:180AH         LINE#         411
  C:1822H         LINE#         412
  C:182CH         LINE#         414
  C:1834H         LINE#         416
  C:1836H         LINE#         417
  C:1838H         LINE#         418
  C:183FH         LINE#         419
  C:1842H         LINE#         421
  C:184FH         LINE#         422
  C:1858H         LINE#         423
  C:1866H         LINE#         424
  C:187AH         LINE#         425
  C:1883H         LINE#         428
  C:188BH         LINE#         430
  C:188FH         LINE#         432
  C:1897H         LINE#         433
  C:189FH         LINE#         434
  C:18A5H         LINE#         436
  C:18B0H         LINE#         438
  C:18B9H         LINE#         440
  C:18C1H         LINE#         442
  C:18CBH         LINE#         444
  C:18D3H         LINE#         446
  C:18E2H         LINE#         447
  C:18EAH         LINE#         448
  C:18F2H         LINE#         449
  C:18F5H         LINE#         450
  C:18FBH         LINE#         451
  C:18FBH         LINE#         452
  C:18FEH         LINE#         453
  C:18FEH         LINE#         454
  -------         ENDPROC       SET_VAR
  -------         PROC          XBRHANDLE
  -------         DO            
  D:0023H         SYMBOL        k
  -------         ENDDO         
  C:093CH         LINE#         456
  C:093CH         LINE#         457
  C:093CH         LINE#         460
  C:0943H         LINE#         461
  C:0943H         LINE#         473
  C:0946H         LINE#         474
  C:094BH         LINE#         476
  C:094EH         LINE#         477
  C:0954H         LINE#         479
  C:095AH         LINE#         481
  C:0964H         LINE#         484
  C:0974H         LINE#         485
  C:0974H         LINE#         486
  C:097FH         LINE#         487
BL51 BANKED LINKER/LOCATER V6.22                                                      12/18/2020  11:27:11  PAGE 19


  C:0981H         LINE#         489
  C:0981H         LINE#         490
  C:098CH         LINE#         491
  C:098CH         LINE#         492
  C:09A2H         LINE#         494
  C:09AEH         LINE#         495
  C:09AEH         LINE#         496
  C:09B3H         LINE#         497
  C:09B3H         LINE#         501
  C:09BBH         LINE#         502
  C:09BBH         LINE#         503
  C:09BFH         LINE#         504
  C:09C5H         LINE#         505
  C:09C5H         LINE#         506
  C:09C8H         LINE#         507
  C:09C8H         LINE#         508
  C:09C8H         LINE#         509
  C:09C8H         LINE#         510
  C:09CAH         LINE#         511
  C:09D6H         LINE#         512
  C:09D6H         LINE#         513
  C:09E4H         LINE#         514
  C:09E4H         LINE#         515
  C:09E9H         LINE#         516
  C:09EDH         LINE#         517
  C:09F5H         LINE#         518
  C:09F8H         LINE#         519
  C:09F8H         LINE#         520
  C:0A00H         LINE#         521
  C:0A00H         LINE#         522
  C:0A00H         LINE#         524
  C:0A0CH         LINE#         525
  C:0A0CH         LINE#         527
  C:0A0FH         LINE#         529
  C:0A13H         LINE#         531
  C:0A18H         LINE#         533
  C:0A27H         LINE#         535
  C:0A30H         LINE#         536
  C:0A30H         LINE#         537
  C:0A31H         LINE#         539
  C:0A3FH         LINE#         541
  C:0A4BH         LINE#         542
  C:0A56H         LINE#         543
  C:0A60H         LINE#         544
  C:0A60H         LINE#         546
  C:0A69H         LINE#         547
  C:0A69H         LINE#         548
  C:0A6CH         LINE#         549
  C:0A6EH         LINE#         551
  C:0A6EH         LINE#         552
  C:0A78H         LINE#         553
  C:0A78H         LINE#         556
  C:0A78H         LINE#         567
  C:0A99H         LINE#         568
  C:0AA1H         LINE#         570
  C:0AA9H         LINE#         572
  C:0AAEH         LINE#         573
BL51 BANKED LINKER/LOCATER V6.22                                                      12/18/2020  11:27:11  PAGE 20


  C:0AAEH         LINE#         574
  C:0AAEH         LINE#         576
  C:0ABBH         LINE#         577
  C:0ABBH         LINE#         578
  C:0ACEH         LINE#         579
  C:0AE7H         LINE#         580
  C:0AF1H         LINE#         581
  C:0AF1H         LINE#         583
  C:0AF7H         LINE#         584
  C:0AF7H         LINE#         585
  C:0B03H         LINE#         586
  C:0B0DH         LINE#         588
  C:0B0DH         LINE#         590
  C:0B35H         LINE#         591
  C:0B35H         LINE#         592
  C:0B3BH         LINE#         593
  C:0B47H         LINE#         594
  C:0B60H         LINE#         595
  C:0B6EH         LINE#         596
  C:0B76H         LINE#         597
  C:0B80H         LINE#         598
  C:0B90H         LINE#         599
  C:0B9AH         LINE#         601
  C:0BA5H         LINE#         602
  C:0BA5H         LINE#         603
  C:0BB4H         LINE#         604
  C:0BC4H         LINE#         605
  C:0BCCH         LINE#         606
  C:0BDEH         LINE#         607
  C:0BE3H         LINE#         612
  C:0BE3H         LINE#         613
  C:0BE9H         LINE#         614
  C:0BE9H         LINE#         616
  C:0BFCH         LINE#         617
  C:0BFCH         LINE#         618
  C:0C07H         LINE#         619
  C:0C07H         LINE#         620
  C:0C10H         LINE#         621
  C:0C15H         LINE#         622
  C:0C20H         LINE#         623
  C:0C20H         LINE#         624
  C:0C20H         LINE#         625
  C:0C2CH         LINE#         626
  C:0C2CH         LINE#         627
  C:0C2CH         LINE#         628
  C:0C2CH         LINE#         629
  C:0C2CH         LINE#         630
  C:0C2FH         LINE#         632
  C:0C37H         LINE#         633
  C:0C37H         LINE#         641
  C:0C42H         LINE#         642
  C:0C42H         LINE#         643
  C:0C4EH         LINE#         645
  C:0C6EH         LINE#         647
  C:0C6EH         LINE#         648
  C:0C76H         LINE#         649
  C:0C76H         LINE#         650
BL51 BANKED LINKER/LOCATER V6.22                                                      12/18/2020  11:27:11  PAGE 21


  C:0C76H         LINE#         651
  C:0C76H         LINE#         652
  C:0C78H         LINE#         654
  C:0C78H         LINE#         655
  C:0C88H         LINE#         656
  C:0C90H         LINE#         657
  C:0CA3H         LINE#         658
  C:0CA8H         LINE#         660
  C:0CABH         LINE#         661
  C:0CB0H         LINE#         662
  C:0CB0H         LINE#         663
  C:0CB0H         LINE#         664
  C:0CBCH         LINE#         665
  C:0CBCH         LINE#         666
  C:0CBCH         LINE#         667
  C:0CBCH         LINE#         668
  C:0CBCH         LINE#         675
  C:0CC1H         LINE#         676
  C:0CC1H         LINE#         677
  C:0CC2H         LINE#         678
  C:0CC2H         LINE#         679
  C:0CC2H         LINE#         680
  C:0CC2H         LINE#         681
  C:0CC4H         LINE#         683
  C:0CC4H         LINE#         684
  C:0CC9H         LINE#         685
  C:0CD3H         LINE#         686
  C:0CD3H         LINE#         688
  C:0CDCH         LINE#         689
  C:0CDCH         LINE#         690
  C:0CDFH         LINE#         691
  C:0D09H         LINE#         692
  C:0D0FH         LINE#         693
  C:0D12H         LINE#         695
  C:0D12H         LINE#         697
  C:0D17H         LINE#         698
  C:0D17H         LINE#         699
  C:0D1EH         LINE#         701
  C:0D23H         LINE#         702
  C:0D23H         LINE#         710
  C:0D33H         LINE#         711
  C:0D33H         LINE#         712
  C:0D3DH         LINE#         713
  C:0D3FH         LINE#         715
  C:0D3FH         LINE#         716
  C:0D48H         LINE#         717
  C:0D58H         LINE#         718
  C:0D58H         LINE#         719
  C:0D6EH         LINE#         720
  C:0D6EH         LINE#         722
  C:0D6EH         LINE#         723
  C:0D6EH         LINE#         725
  C:0D6EH         LINE#         731
  C:0D6EH         LINE#         732
  C:0D6EH         LINE#         734
  C:0D7FH         LINE#         735
  C:0D7FH         LINE#         740
BL51 BANKED LINKER/LOCATER V6.22                                                      12/18/2020  11:27:11  PAGE 22


  C:0D91H         LINE#         741
  C:0D91H         LINE#         749
  C:0D91H         LINE#         750
  C:0D9BH         LINE#         751
  C:0DA4H         LINE#         752
  C:0DACH         LINE#         753
  C:0DAFH         LINE#         772
  C:0DB5H         LINE#         774
  C:0DBBH         LINE#         776
  C:0DC1H         LINE#         777
  C:0DC8H         LINE#         778
  C:0DCDH         LINE#         779
  C:0DD2H         LINE#         781
  C:0DD2H         LINE#         782
  C:0DD2H         LINE#         783
  C:0DD2H         LINE#         784
  C:0DD2H         LINE#         794
  C:0DDCH         LINE#         795
  C:0DE6H         LINE#         797
  C:0DF6H         LINE#         798
  C:0DF6H         LINE#         809
  C:0E05H         LINE#         810
  C:0E05H         LINE#         811
  C:0E0CH         LINE#         812
  C:0E0FH         LINE#         813
  C:0E12H         LINE#         814
  C:0E15H         LINE#         817
  C:0E15H         LINE#         818
  C:0E15H         LINE#         819
  C:0E15H         LINE#         820
  C:0E16H         LINE#         822
  C:0E16H         LINE#         823
  C:0E1EH         LINE#         824
  C:0E21H         LINE#         834
  C:0E27H         LINE#         835
  C:0E2BH         LINE#         839
  C:0E31H         LINE#         845
  C:0E3BH         LINE#         846
  C:0E3BH         LINE#         847
  C:0E3BH         LINE#         849
  C:0E3BH         LINE#         851
  C:0E3BH         LINE#         853
  C:0E3BH         LINE#         854
  C:0E45H         LINE#         858
  C:0E45H         LINE#         859
  -------         ENDPROC       XBRHANDLE
  -------         PROC          WAIT1
  -------         DO            
  D:0023H         SYMBOL        i
  D:0024H         SYMBOL        j
  -------         ENDDO         
  C:2345H         LINE#         861
  C:2345H         LINE#         862
  C:2345H         LINE#         866
  C:2348H         LINE#         867
  C:2348H         LINE#         868
  C:2348H         LINE#         869
BL51 BANKED LINKER/LOCATER V6.22                                                      12/18/2020  11:27:11  PAGE 23


  C:2352H         LINE#         887
  C:2355H         LINE#         888
  C:2355H         LINE#         890
  C:2358H         LINE#         891
  C:235DH         LINE#         893
  C:2360H         LINE#         896
  C:236AH         LINE#         897
  C:2371H         LINE#         916
  C:2378H         LINE#         920
  C:2385H         LINE#         921
  C:2398H         LINE#         922
  C:2398H         LINE#         924
  C:239AH         LINE#         926
  C:23A1H         LINE#         927
  C:23A2H         LINE#         929
  -------         ENDPROC       WAIT1
  -------         PROC          WAIT2
  -------         DO            
  D:0023H         SYMBOL        i
  D:0024H         SYMBOL        k
  D:0026H         SYMBOL        t
  -------         ENDDO         
  C:2400H         LINE#         930
  C:2400H         LINE#         931
  C:2400H         LINE#         936
  C:240AH         LINE#         938
  C:240DH         LINE#         939
  C:240DH         LINE#         940
  C:2412H         LINE#         941
  C:2412H         LINE#         952
  C:2415H         LINE#         953
  C:241AH         LINE#         955
  C:241DH         LINE#         956
  C:2423H         LINE#         958
  C:242DH         LINE#         959
  C:243DH         LINE#         960
  C:2440H         LINE#         961
  C:2447H         LINE#         963
  C:245AH         LINE#         969
  -------         ENDPROC       WAIT2
  -------         PROC          _PWM0INIT
  D:0007H         SYMBOL        ab
  -------         DO            
  D:003FH         SYMBOL        i11
  D:0004H         SYMBOL        j11
  -------         ENDDO         
  C:2564H         LINE#         970
  C:2564H         LINE#         971
  C:2564H         LINE#         975
  C:2567H         LINE#         976
  C:2567H         LINE#         977
  C:256AH         LINE#         978
  C:256CH         LINE#         980
  C:256CH         LINE#         981
  C:258BH         LINE#         982
  C:259AH         LINE#         983
  C:259AH         LINE#         986
BL51 BANKED LINKER/LOCATER V6.22                                                      12/18/2020  11:27:11  PAGE 24


  C:25A0H         LINE#         997
  C:25A3H         LINE#         1008
  C:25A6H         LINE#         1009
  C:25A9H         LINE#         1016
  C:25ABH         LINE#         1017
  C:25ADH         LINE#         1019
  C:25B0H         LINE#         1020
  C:25B2H         LINE#         1021
  -------         ENDPROC       _PWM0INIT
  -------         PROC          _PWM3INIT_XXX
  D:0007H         SYMBOL        ab
  -------         DO            
  D:003FH         SYMBOL        i11
  D:0006H         SYMBOL        j11
  -------         ENDDO         
  C:29D3H         LINE#         1022
  C:29D3H         LINE#         1023
  C:29D3H         LINE#         1027
  C:29D6H         LINE#         1028
  C:29D6H         LINE#         1029
  C:29D8H         LINE#         1030
  C:29DAH         LINE#         1032
  C:29DAH         LINE#         1033
  C:29EBH         LINE#         1034
  C:29F8H         LINE#         1035
  C:29F8H         LINE#         1055
  C:29FEH         LINE#         1068
  C:2A01H         LINE#         1075
  C:2A03H         LINE#         1076
  C:2A06H         LINE#         1078
  C:2A08H         LINE#         1079
  -------         ENDPROC       _PWM3INIT_XXX
  -------         PROC          _PWM3INIT
  D:003DH         SYMBOL        ab
  -------         DO            
  D:003EH         SYMBOL        aa
  D:0007H         SYMBOL        bb
  -------         ENDDO         
  C:22E5H         LINE#         1080
  C:22E7H         LINE#         1081
  C:22E7H         LINE#         1085
  C:22EDH         LINE#         1086
  C:22EDH         LINE#         1087
  C:22F0H         LINE#         1088
  C:22F0H         LINE#         1090
  C:22F0H         LINE#         1091
  C:22F4H         LINE#         1092
  C:22F4H         LINE#         1094
  C:22F8H         LINE#         1095
  C:22F8H         LINE#         1096
  C:22FCH         LINE#         1097
  C:22FCH         LINE#         1098
  C:22FEH         LINE#         1099
  C:2303H         LINE#         1100
  C:2303H         LINE#         1101
  C:2308H         LINE#         1102
  C:230DH         LINE#         1103
BL51 BANKED LINKER/LOCATER V6.22                                                      12/18/2020  11:27:11  PAGE 25


  C:230FH         LINE#         1105
  C:230FH         LINE#         1106
  C:2315H         LINE#         1107
  C:231AH         LINE#         1108
  C:231AH         LINE#         1110
  C:2334H         LINE#         1112
  C:233AH         LINE#         1113
  C:233DH         LINE#         1114
  C:2342H         LINE#         1116
  C:2344H         LINE#         1117
  -------         ENDPROC       _PWM3INIT
  C:14D4H         SYMBOL        L?0244
  -------         PROC          MAIN
  -------         DO            
  D:0022H         SYMBOL        i
  -------         ENDDO         
  C:12B5H         LINE#         1125
  C:12B5H         LINE#         1126
  C:12B5H         LINE#         1128
  C:12B8H         LINE#         1129
  C:12BBH         LINE#         1130
  C:12BEH         LINE#         1134
  C:12C1H         LINE#         1135
  C:12C4H         LINE#         1136
  C:12C7H         LINE#         1138
  C:12CAH         LINE#         1142
  C:12D0H         LINE#         1143
  C:12D3H         LINE#         1145
  C:12D5H         LINE#         1147
  C:12DCH         LINE#         1155
  C:12DCH         LINE#         1166
  C:12E0H         LINE#         1168
  C:12E2H         LINE#         1169
  C:12E5H         LINE#         1171
  C:12EAH         LINE#         1173
  C:12F0H         LINE#         1175
  C:12F7H         LINE#         1176
  C:12FEH         LINE#         1177
  C:130AH         LINE#         1178
  C:130DH         LINE#         1180
  C:130FH         LINE#         1182
  C:1312H         LINE#         1184
  C:131BH         LINE#         1186
  C:131EH         LINE#         1189
  C:1325H         LINE#         1191
  C:1328H         LINE#         1193
  C:1332H         LINE#         1194
  C:1332H         LINE#         1195
  C:1332H         LINE#         1196
  C:133BH         LINE#         1197
  C:133BH         LINE#         1198
  C:133DH         LINE#         1199
  C:1340H         LINE#         1200
  C:1340H         LINE#         1202
  C:1345H         LINE#         1203
  C:1345H         LINE#         1204
  C:1347H         LINE#         1205
BL51 BANKED LINKER/LOCATER V6.22                                                      12/18/2020  11:27:11  PAGE 26


  C:134AH         LINE#         1206
  C:134CH         LINE#         1207
  C:134FH         LINE#         1208
  C:1355H         LINE#         1209
  C:1364H         LINE#         1210
  C:1364H         LINE#         1211
  C:1368H         LINE#         1212
  C:1368H         LINE#         1213
  C:1368H         LINE#         1215
  C:1375H         LINE#         1216
  C:1375H         LINE#         1217
  C:137AH         LINE#         1218
  C:1382H         LINE#         1219
  C:1382H         LINE#         1221
  C:138FH         LINE#         1222
  C:138FH         LINE#         1223
  C:1394H         LINE#         1224
  C:139CH         LINE#         1225
  C:139CH         LINE#         1227
  C:13A4H         LINE#         1228
  C:13A4H         LINE#         1229
  C:13ABH         LINE#         1230
  C:13ABH         LINE#         1231
  C:13B0H         LINE#         1232
  C:13B4H         LINE#         1233
  C:13C8H         LINE#         1234
  C:13C8H         LINE#         1235
  C:13D6H         LINE#         1236
  C:13E5H         LINE#         1237
  C:13E5H         LINE#         1238
  C:13E5H         LINE#         1239
  C:13E5H         LINE#         1241
  C:13E8H         LINE#         1243
  C:13EBH         LINE#         1245
  C:13F6H         LINE#         1246
  C:13F6H         LINE#         1247
  C:13FAH         LINE#         1248
  C:13FAH         LINE#         1249
  C:13FCH         LINE#         1251
  C:13FFH         LINE#         1252
  C:1402H         LINE#         1254
  C:140CH         LINE#         1255
  C:140CH         LINE#         1256
  C:140CH         LINE#         1258
  C:140CH         LINE#         1260
  C:140CH         LINE#         1262
  C:140CH         LINE#         1263
  C:1416H         LINE#         1264
  C:1416H         LINE#         1266
  C:1419H         LINE#         1268
  C:1428H         LINE#         1269
  C:1428H         LINE#         1270
  C:142FH         LINE#         1271
  C:142FH         LINE#         1272
  C:1431H         LINE#         1273
  C:1437H         LINE#         1274
  C:144AH         LINE#         1275
BL51 BANKED LINKER/LOCATER V6.22                                                      12/18/2020  11:27:11  PAGE 27


  C:144AH         LINE#         1276
  C:144EH         LINE#         1277
  C:1456H         LINE#         1278
  C:1456H         LINE#         1280
  C:1456H         LINE#         1282
  C:1456H         LINE#         1283
  C:145BH         LINE#         1284
  C:145BH         LINE#         1285
  C:145BH         LINE#         1286
  C:145BH         LINE#         1287
  C:145BH         LINE#         1288
  C:1460H         LINE#         1289
  C:1460H         LINE#         1290
  C:1469H         LINE#         1291
  C:1469H         LINE#         1292
  C:146CH         LINE#         1293
  C:146FH         LINE#         1300
  C:146FH         LINE#         1301
  C:146FH         LINE#         1304
  C:1479H         LINE#         1305
  C:1479H         LINE#         1306
  C:1484H         LINE#         1307
  C:1484H         LINE#         1308
  C:1486H         LINE#         1309
  C:148EH         LINE#         1311
  C:149BH         LINE#         1312
  C:149BH         LINE#         1315
  C:149FH         LINE#         1316
  C:149FH         LINE#         1317
  C:149FH         LINE#         1318
  C:149FH         LINE#         1320
  C:149FH         LINE#         1321
  C:14A2H         LINE#         1322
  C:14A8H         LINE#         1323
  C:14A8H         LINE#         1324
  C:14ACH         LINE#         1325
  C:14AFH         LINE#         1327
  C:14AFH         LINE#         1328
  C:14B7H         LINE#         1330
  C:14BAH         LINE#         1332
  C:14BDH         LINE#         1335
  C:14C7H         LINE#         1336
  C:14C7H         LINE#         1337
  C:14C7H         LINE#         1339
  C:14C7H         LINE#         1341
  C:14C7H         LINE#         1343
  C:14C7H         LINE#         1344
  C:14D1H         LINE#         1345
  C:14D1H         LINE#         1346
  C:14D1H         LINE#         1347
  C:14D4H         LINE#         1348
  -------         ENDPROC       MAIN
  -------         PROC          TIMER1_RPT
  C:1E35H         LINE#         1356
  C:1E52H         LINE#         1359
  C:1E6EH         LINE#         1361
  C:1E74H         LINE#         1362
BL51 BANKED LINKER/LOCATER V6.22                                                      12/18/2020  11:27:11  PAGE 28


  C:1E8BH         LINE#         1363
  C:1E8BH         LINE#         1364
  C:1E92H         LINE#         1365
  C:1E97H         LINE#         1366
  C:1E97H         LINE#         1367
  C:1E9FH         LINE#         1368
  C:1EABH         LINE#         1369
  C:1EABH         LINE#         1371
  C:1EB0H         LINE#         1372
  C:1EB7H         LINE#         1373
  C:1EB7H         LINE#         1374
  C:1EBDH         LINE#         1375
  C:1ECCH         LINE#         1376
  C:1ECCH         LINE#         1377
  C:1ED0H         LINE#         1378
  C:1ED5H         LINE#         1379
  C:1ED5H         LINE#         1380
  -------         ENDPROC       TIMER1_RPT
  -------         PROC          UART1_RPT
  -------         DO            
  D:0007H         SYMBOL        i
  -------         ENDDO         
  C:26DBH         LINE#         1389
  C:26F8H         LINE#         1394
  C:26FDH         LINE#         1395
  C:26FDH         LINE#         1396
  C:26FFH         LINE#         1397
  C:2702H         LINE#         1398
  C:2705H         LINE#         1399
  C:2707H         LINE#         1400
  C:2707H         LINE#         1401
  -------         ENDPROC       UART1_RPT
  -------         PROC          _FLASH_ERASEBLOCK
  D:0006H         SYMBOL        fui_Address
  C:2CB6H         LINE#         1403
  C:2CB6H         LINE#         1404
  C:2CB6H         LINE#         1405
  C:2CB6H         LINE#         1406
  C:2CB6H         LINE#         1407
  C:2CB9H         LINE#         1408
  C:2CBBH         LINE#         1409
  C:2CC0H         LINE#         1410
  C:2CC0H         LINE#         1412
  C:2CC2H         LINE#         1413
  C:2CC4H         LINE#         1414
  C:2CCAH         LINE#         1415
  C:2CCEH         LINE#         1416
  C:2CD4H         LINE#         1417
  C:2CDAH         LINE#         1419
  -------         ENDPROC       _FLASH_ERASEBLOCK
  -------         PROC          _FLASH_WRITEDATA
  D:0007H         SYMBOL        fuc_SaveData
  D:0004H         SYMBOL        fui_Address
  C:2C1CH         LINE#         1429
  C:2C1CH         LINE#         1430
  C:2C1CH         LINE#         1431
  C:2C1CH         LINE#         1432
BL51 BANKED LINKER/LOCATER V6.22                                                      12/18/2020  11:27:11  PAGE 29


  C:2C1CH         LINE#         1433
  C:2C1FH         LINE#         1434
  C:2C21H         LINE#         1435
  C:2C26H         LINE#         1436
  C:2C26H         LINE#         1438
  C:2C28H         LINE#         1439
  C:2C2AH         LINE#         1440
  C:2C2CH         LINE#         1441
  C:2C32H         LINE#         1442
  C:2C36H         LINE#         1443
  C:2C3CH         LINE#         1444
  C:2C42H         LINE#         1446
  -------         ENDPROC       _FLASH_WRITEDATA
  -------         PROC          SAVEVAR
  -------         DO            
  D:0007H         SYMBOL        i
  -------         ENDDO         
  C:2052H         LINE#         1481
  C:2052H         LINE#         1482
  C:2052H         LINE#         1484
  C:2054H         LINE#         1485
  C:2057H         LINE#         1487
  C:2062H         LINE#         1488
  C:2069H         LINE#         1489
  C:206DH         LINE#         1491
  C:2073H         LINE#         1492
  C:207AH         LINE#         1493
  C:207DH         LINE#         1495
  C:2080H         LINE#         1496
  C:2082H         LINE#         1497
  C:2085H         LINE#         1499
  C:2088H         LINE#         1500
  C:208AH         LINE#         1501
  C:208DH         LINE#         1502
  C:2090H         LINE#         1503
  C:2092H         LINE#         1504
  C:2095H         LINE#         1506
  C:209AH         LINE#         1507
  C:209CH         LINE#         1508
  C:209FH         LINE#         1510
  C:20A4H         LINE#         1511
  C:20A6H         LINE#         1512
  C:20A9H         LINE#         1514
  C:20AFH         LINE#         1515
  C:20B1H         LINE#         1516
  C:20B4H         LINE#         1518
  C:20B8H         LINE#         1519
  C:20BAH         LINE#         1520
  C:20BDH         LINE#         1522
  C:20C2H         LINE#         1523
  C:20C4H         LINE#         1524
  C:20C7H         LINE#         1526
  C:20CCH         LINE#         1527
  C:20CEH         LINE#         1528
  C:20D1H         LINE#         1530
  C:20D6H         LINE#         1531
  C:20D8H         LINE#         1532
BL51 BANKED LINKER/LOCATER V6.22                                                      12/18/2020  11:27:11  PAGE 30


  C:20DBH         LINE#         1536
  C:20DDH         LINE#         1537
  C:20E3H         LINE#         1538
  C:20ECH         LINE#         1539
  C:20F1H         LINE#         1541
  C:20F3H         LINE#         1543
  -------         ENDPROC       SAVEVAR
  -------         ENDMOD        HC_MCU_XBR

  -------         MODULE        MCU_API
  C:0000H         SYMBOL        _ICE_DUMMY_
  C:2ECEH         PUBLIC        mcu_get_reset_wifi_flag
  C:2E2AH         PUBLIC        _mcu_set_wifi_mode
  C:2692H         PUBLIC        _mcu_dp_raw_update
  C:2207H         PUBLIC        _hex_to_bcd
  C:24B6H         PUBLIC        _uart_receive_input
  C:2ED4H         PUBLIC        mcu_get_wifimode_flag
  C:2E58H         PUBLIC        wifi_protocol_init
  C:2EDAH         PUBLIC        mcu_get_wifi_work_state
  C:14DFH         PUBLIC        wifi_uart_service
  C:25B3H         PUBLIC        _byte_to_int
  C:2AA8H         PUBLIC        _int_to_byte
  C:2EA0H         PUBLIC        mcu_get_wifi_connect_status
  C:1BE9H         PUBLIC        _my_memcpy
  C:2A74H         PUBLIC        _my_memset
  C:2EC6H         PUBLIC        _mcu_get_dp_download_value
  C:2E7AH         PUBLIC        mcu_reset_wifi
  C:2648H         PUBLIC        _mcu_dp_string_update
  C:1D72H         PUBLIC        _mcu_dp_fault_update
  C:2766H         PUBLIC        _my_strlen
  C:2180H         PUBLIC        _mcu_dp_value_update
  C:2722H         PUBLIC        _my_strcmp
  C:2EB4H         PUBLIC        _mcu_get_dp_download_bool
  C:28E8H         PUBLIC        _my_strcpy
  C:25FEH         PUBLIC        _mcu_dp_bool_update
  C:2EBDH         PUBLIC        _mcu_get_dp_download_enum
  C:286CH         PUBLIC        _mcu_dp_enum_update
  C:1FA8H         SYMBOL        Com006D
  C:1FA8H         SYMBOL        L?0110
  C:1FC1H         SYMBOL        L?0111
  C:1FC6H         SYMBOL        L?0112
  C:1FCDH         SYMBOL        L?0116
  C:1FDBH         SYMBOL        L?0118
  C:1FDBH         SYMBOL        L?0119
  C:1FDDH         SYMBOL        L?0120
  C:1FE5H         SYMBOL        L?0122
  C:1FFCH         SYMBOL        L?0123
  C:1FFCH         SYMBOL        L?0124
  C:2003H         SYMBOL        L?0125
  C:2003H         SYMBOL        L?0126
  C:200CH         SYMBOL        L?0128
  C:2017H         SYMBOL        L?0132
  C:2022H         SYMBOL        L?0133
  C:202CH         SYMBOL        L?0134
  C:2036H         SYMBOL        L?0135
  C:203FH         SYMBOL        L?0136
  C:2048H         SYMBOL        L?0137
BL51 BANKED LINKER/LOCATER V6.22                                                      12/18/2020  11:27:11  PAGE 31


  -------         PROC          COM006D
  -------         ENDPROC       COM006D
  -------         PROC          _HEX_TO_BCD
  D:0007H         SYMBOL        Value_H
  D:0005H         SYMBOL        Value_L
  -------         DO            
  D:0007H         SYMBOL        bcd_value
  -------         ENDDO         
  C:2207H         LINE#         26
  C:2207H         LINE#         27
  C:2207H         LINE#         30
  C:2213H         LINE#         31
  C:2219H         LINE#         32
  C:2225H         LINE#         33
  C:222BH         LINE#         34
  C:2237H         LINE#         35
  C:223BH         LINE#         37
  C:223EH         LINE#         39
  C:2242H         LINE#         40
  C:224EH         LINE#         41
  C:2254H         LINE#         42
  C:2260H         LINE#         43
  C:2262H         LINE#         44
  C:226EH         LINE#         45
  C:2272H         LINE#         47
  C:2277H         LINE#         49
  C:2277H         LINE#         50
  -------         ENDPROC       _HEX_TO_BCD
  -------         PROC          _MY_STRLEN
  D:003AH         SYMBOL        str
  -------         DO            
  D:003DH         SYMBOL        len
  -------         ENDDO         
  C:2766H         LINE#         57
  C:276CH         LINE#         58
  C:276CH         LINE#         59
  C:276FH         LINE#         60
  C:2774H         LINE#         61
  C:2779H         LINE#         62
  C:2779H         LINE#         64
  C:2786H         LINE#         65
  C:279EH         LINE#         66
  C:27A0H         LINE#         68
  C:27A8H         LINE#         69
  -------         ENDPROC       _MY_STRLEN
  -------         PROC          _MY_MEMSET
  D:0008H         SYMBOL        src
  D:0005H         SYMBOL        ch
  D:000CH         SYMBOL        count
  -------         DO            
  D:000EH         SYMBOL        tmp
  -------         ENDDO         
  C:2A74H         LINE#         78
  C:2A7AH         LINE#         79
  C:2A7AH         LINE#         80
  C:2A80H         LINE#         82
  C:2A85H         LINE#         83
BL51 BANKED LINKER/LOCATER V6.22                                                      12/18/2020  11:27:11  PAGE 32


  C:2A89H         LINE#         84
  C:2A89H         LINE#         86
  C:2A96H         LINE#         87
  C:2A9FH         LINE#         88
  C:2AA1H         LINE#         90
  C:2AA7H         LINE#         91
  -------         ENDPROC       _MY_MEMSET
  -------         PROC          _MY_MEMCPY
  D:0041H         SYMBOL        dest
  D:0044H         SYMBOL        src
  D:0047H         SYMBOL        count
  -------         DO            
  D:0049H         SYMBOL        pdest
  D:004CH         SYMBOL        psrc
  D:004FH         SYMBOL        i
  -------         ENDDO         
  C:1BE9H         LINE#         100
  C:1BEFH         LINE#         101
  C:1BEFH         LINE#         102
  C:1BF5H         LINE#         103
  C:1BFEH         LINE#         106
  C:1C0BH         LINE#         107
[...]
  C:1F64H         LINE#         747
  C:1F64H         LINE#         748
  C:1F66H         LINE#         749
  C:1F66H         LINE#         751
  C:1F6CH         LINE#         752
  C:1F6CH         LINE#         753
  C:1F6EH         LINE#         754
  C:1F6EH         LINE#         756
  C:1F74H         LINE#         757
  C:1F74H         LINE#         758
  C:1F76H         LINE#         759
  C:1F76H         LINE#         761
  C:1F7CH         LINE#         762
  C:1F7CH         LINE#         763
  C:1F7EH         LINE#         764
  C:1F7EH         LINE#         766
  C:1F84H         LINE#         767
  C:1F84H         LINE#         768
  C:1F86H         LINE#         769
  C:1F86H         LINE#         771
  C:1F8CH         LINE#         772
  C:1F8CH         LINE#         773
  C:1F8EH         LINE#         774
  C:1F8EH         LINE#         776
  C:1F94H         LINE#         777
  C:1F94H         LINE#         778
  C:1F96H         LINE#         779
  C:1F96H         LINE#         781
  C:1F9EH         LINE#         782
  C:1F9EH         LINE#         783
BL51 BANKED LINKER/LOCATER V6.22                                                      12/18/2020  11:27:11  PAGE 47


  C:1FA0H         LINE#         786
  C:1FA0H         LINE#         787
  C:1FA5H         LINE#         788
  C:1FA5H         LINE#         789
  C:1FA5H         LINE#         790
  C:1FA7H         LINE#         791
  -------         ENDPROC       _DP_DOWNLOAD_HANDLE
  -------         PROC          GET_DOWNLOAD_CMD_TOTAL
  C:2EE0H         LINE#         799
  C:2EE0H         LINE#         800
  C:2EE0H         LINE#         801
  C:2EE2H         LINE#         802
  -------         ENDPROC       GET_DOWNLOAD_CMD_TOTAL
  -------         PROC          _GET_WIFI_STATUS
  D:0007H         SYMBOL        result
  C:2E6BH         LINE#         1069
  C:2E6BH         LINE#         1070
  C:2E6BH         LINE#         1073
  C:2E72H         LINE#         1074
  C:2E72H         LINE#         1076
  C:2E72H         LINE#         1078
  C:2E72H         LINE#         1080
  C:2E72H         LINE#         1082
  C:2E72H         LINE#         1084
  C:2E72H         LINE#         1086
  C:2E72H         LINE#         1088
  C:2E72H         LINE#         1090
  C:2E72H         LINE#         1093
  C:2E75H         LINE#         1094
  C:2E79H         LINE#         1095
  C:2E79H         LINE#         1097
  C:2E79H         LINE#         1099
  C:2E79H         LINE#         1101
  C:2E79H         LINE#         1103
  C:2E79H         LINE#         1105
  C:2E79H         LINE#         1106
  C:2E79H         LINE#         1107
  -------         ENDPROC       _GET_WIFI_STATUS
  -------         ENDMOD        PROTOCOL

  -------         MODULE        SYSTEM
  C:0000H         SYMBOL        _ICE_DUMMY_
  C:2D62H         SYMBOL        _get_dowmload_dpid_index
  D:0080H         PUBLIC        P0
  D:0090H         PUBLIC        P1
  D:00A0H         PUBLIC        P2
  C:2EAAH         SYMBOL        get_mcu_wifi_mode
  C:2CFEH         SYMBOL        heat_beat_check
  X:0000H         PUBLIC        set_wifimode_flag
  D:00A8H         PUBLIC        IE
  D:00F8H         PUBLIC        RSTFR
  C:2E88H         PUBLIC        _set_wifi_uart_byte
  C:2DC0H         PUBLIC        with_data_rxbuff
  X:0001H         PUBLIC        stop_update_flag
  C:282CH         PUBLIC        take_byte_rxbuff
  X:0002H         PUBLIC        wifi_data_process_buf
  D:0098H         PUBLIC        SCON
BL51 BANKED LINKER/LOCATER V6.22                                                      12/18/2020  11:27:11  PAGE 48


  D:0088H         PUBLIC        TCON
  X:0021H         PUBLIC        reset_wifi_flag
  X:0022H         PUBLIC        wifi_uart_rx_buf
  X:0039H         PUBLIC        wifi_uart_tx_buf
  D:00B8H         PUBLIC        IE1
  D:005AH         PUBLIC        rx_buf_in
  C:2955H         SYMBOL        _?ix1000
  D:005DH         PUBLIC        rx_buf_out
  C:250FH         PUBLIC        _wifi_uart_write_frame
  C:2C90H         PUBLIC        _get_check_sum
  C:28ABH         SYMBOL        _wifi_uart_write_data
  X:0070H         PUBLIC        wifi_work_state
  C:2B6EH         PUBLIC        _set_wifi_uart_buffer
  C:1A29H         PUBLIC        _data_handle
  C:245BH         SYMBOL        _data_point_handle
  D:00D0H         PUBLIC        PSW
  C:1B1EH         SYMBOL        product_info_update
  C:2CDBH         SYMBOL        Com003B
  C:2CDBH         SYMBOL        L?0060
  C:2CE9H         SYMBOL        L?0061
  C:2CF4H         SYMBOL        L?0062
  -------         PROC          COM003B
  -------         ENDPROC       COM003B
  -------         PROC          _SET_WIFI_UART_BYTE
  D:0006H         SYMBOL        dest
  D:0005H         SYMBOL        byte
  -------         DO            
  D:0001H         SYMBOL        obj
  -------         ENDDO         
  C:2E88H         LINE#         32
  C:2E88H         LINE#         33
  C:2E88H         LINE#         34
  C:2E8BH         LINE#         36
  C:2E8FH         LINE#         37
  C:2E94H         LINE#         39
  C:2E94H         LINE#         40
  -------         ENDPROC       _SET_WIFI_UART_BYTE
  -------         PROC          _SET_WIFI_UART_BUFFER
  D:003AH         SYMBOL        dest
  D:003CH         SYMBOL        src
  D:003FH         SYMBOL        len
  -------         DO            
  D:0001H         SYMBOL        obj
  -------         ENDDO         
  C:2B6EH         LINE#         49
  C:2B78H         LINE#         50
  C:2B78H         LINE#         51
  C:2B7BH         LINE#         53
  C:2B8DH         LINE#         55
  C:2B99H         LINE#         56
  C:2B9CH         LINE#         57
  -------         ENDPROC       _SET_WIFI_UART_BUFFER
  -------         PROC          _GET_CHECK_SUM
  D:0048H         SYMBOL        pack
  D:004BH         SYMBOL        pack_len
  -------         DO            
  D:0004H         SYMBOL        i
BL51 BANKED LINKER/LOCATER V6.22                                                      12/18/2020  11:27:11  PAGE 49


  D:0007H         SYMBOL        check_sum
  -------         ENDDO         
  C:2C90H         LINE#         65
  C:2C9AH         LINE#         66
  C:2C9AH         LINE#         68
  C:2C9CH         LINE#         70
  C:2CA7H         LINE#         71
  C:2CAEH         LINE#         72
  C:2CB5H         LINE#         74
  C:2CB5H         LINE#         75
  -------         ENDPROC       _GET_CHECK_SUM
  -------         PROC          _WIFI_UART_WRITE_DATA
  D:0048H         SYMBOL        in
  D:004BH         SYMBOL        len
  C:28ABH         LINE#         83
  C:28B5H         LINE#         84
  C:28B5H         LINE#         85
  C:28C0H         LINE#         87
  C:28C0H         LINE#         89
  C:28CDH         LINE#         90
  C:28DAH         LINE#         91
  C:28E5H         LINE#         92
  C:28E7H         LINE#         93
  -------         ENDPROC       _WIFI_UART_WRITE_DATA
  -------         PROC          _WIFI_UART_WRITE_FRAME
  D:0007H         SYMBOL        fr_type
  D:0005H         SYMBOL        fr_ver
  D:0046H         SYMBOL        len
  -------         DO            
  D:0006H         SYMBOL        check_sum
  -------         ENDDO         
  C:250FH         LINE#         102
  C:2513H         LINE#         103
  C:2513H         LINE#         104
  C:2513H         LINE#         106
  C:2519H         LINE#         107
  C:251DH         LINE#         108
  C:2520H         LINE#         109
  C:2523H         LINE#         110
  C:2527H         LINE#         111
  C:252BH         LINE#         113
  C:2534H         LINE#         114
  C:2549H         LINE#         115
  C:2557H         LINE#         117
  -------         ENDPROC       _WIFI_UART_WRITE_FRAME
  -------         PROC          HEAT_BEAT_CHECK
  -------         DO            
  D:0007H         SYMBOL        length
  D:0059H         SYMBOL        mcu_reset_state
  -------         ENDDO         
  C:2CFEH         LINE#         125
  C:2CFEH         LINE#         126
  C:2CFEH         LINE#         127
  C:2D00H         LINE#         130
  C:2D04H         LINE#         131
  C:2D09H         LINE#         132
  C:2D0CH         LINE#         133
BL51 BANKED LINKER/LOCATER V6.22                                                      12/18/2020  11:27:11  PAGE 50


  C:2D0EH         LINE#         134
  C:2D15H         LINE#         135
  C:2D15H         LINE#         137
  -------         ENDPROC       HEAT_BEAT_CHECK
  C:1BB9H         SYMBOL        L?0056
  C:1BC9H         SYMBOL        L?0057
  C:1BD9H         SYMBOL        L?0058
  -------         PROC          PRODUCT_INFO_UPDATE
  -------         DO            
  D:002FH         SYMBOL        length
  D:0030H         SYMBOL        str
  -------         ENDDO         
  C:1B1EH         LINE#         145
  C:1B1EH         LINE#         146
  C:1B1EH         LINE#         147
  C:1B21H         LINE#         148
  C:1B32H         LINE#         150
  C:1B42H         LINE#         151
  C:1B52H         LINE#         152
  C:1B62H         LINE#         153
  C:1B72H         LINE#         154
  C:1B82H         LINE#         155
  C:1B92H         LINE#         173
  C:1BAEH         LINE#         175
  C:1BB9H         LINE#         176
  -------         ENDPROC       PRODUCT_INFO_UPDATE
  -------         PROC          GET_MCU_WIFI_MODE
  -------         DO            
  D:0007H         SYMBOL        length
  -------         ENDDO         
  C:2EAAH         LINE#         183
  C:2EAAH         LINE#         184
  C:2EAAH         LINE#         185
  C:2EABH         LINE#         194
  -------         ENDPROC       GET_MCU_WIFI_MODE
  -------         PROC          _GET_DOWMLOAD_DPID_INDEX
  D:0036H         SYMBOL        dpid
  -------         DO            
  D:0006H         SYMBOL        index
  D:0007H         SYMBOL        total
  -------         ENDDO         
  C:2D62H         LINE#         202
  C:2D64H         LINE#         203
  C:2D64H         LINE#         205
  C:2D67H         LINE#         207
  C:2D6EH         LINE#         208
  C:2D7DH         LINE#         209
  C:2D7DH         LINE#         210
  C:2D7DH         LINE#         211
  C:2D80H         LINE#         213
  C:2D82H         LINE#         214
  -------         ENDPROC       _GET_DOWMLOAD_DPID_INDEX
  -------         PROC          _DATA_POINT_HANDLE
  D:002FH         SYMBOL        value
  -------         DO            
  D:0032H         SYMBOL        dp_id
  D:0007H         SYMBOL        index
BL51 BANKED LINKER/LOCATER V6.22                                                      12/18/2020  11:27:11  PAGE 51


  D:0033H         SYMBOL        dp_type
  D:0007H         SYMBOL        ret
  D:0034H         SYMBOL        dp_len
  -------         ENDDO         
  C:245BH         LINE#         221
  C:2461H         LINE#         222
  C:2461H         LINE#         228
  C:2466H         LINE#         229
  C:246EH         LINE#         230
  C:2479H         LINE#         231
  C:2488H         LINE#         233
  C:248DH         LINE#         235
  C:249CH         LINE#         237
  C:249FH         LINE#         238
  C:249FH         LINE#         239
  C:24B5H         LINE#         240
  C:24B5H         LINE#         242
  C:24B5H         LINE#         243
  -------         ENDPROC       _DATA_POINT_HANDLE
  -------         PROC          _DATA_HANDLE
  D:0027H         SYMBOL        offset
  -------         DO            
  D:0029H         SYMBOL        dp_len
  D:0007H         SYMBOL        ret
  D:002BH         SYMBOL        i
  D:002DH         SYMBOL        total_len
  D:0007H         SYMBOL        cmd_type
  D:0007H         SYMBOL        result
  -------         ENDDO         
  C:1A29H         LINE#         389
  C:1A2DH         LINE#         390
  C:1A2DH         LINE#         404
  C:1A39H         LINE#         422
  C:1A5BH         LINE#         423
  C:1A5BH         LINE#         424
  C:1A5BH         LINE#         425
  C:1A5EH         LINE#         426
  C:1A5EH         LINE#         428
  C:1A5EH         LINE#         429
  C:1A61H         LINE#         430
  C:1A61H         LINE#         432
  C:1A61H         LINE#         433
  C:1A64H         LINE#         434
  C:1A64H         LINE#         437
  C:1A64H         LINE#         438
  C:1A6BH         LINE#         439
  C:1A75H         LINE#         446
  C:1A75H         LINE#         448
  C:1A75H         LINE#         449
  C:1A78H         LINE#         450
  C:1A7AH         LINE#         452
  C:1A7AH         LINE#         453
  C:1A80H         LINE#         454
  C:1A81H         LINE#         457
  C:1A81H         LINE#         458
  C:1AA3H         LINE#         460
  C:1AB3H         LINE#         461
BL51 BANKED LINKER/LOCATER V6.22                                                      12/18/2020  11:27:11  PAGE 52


  C:1ACDH         LINE#         462
  C:1AE1H         LINE#         464
  C:1AF8H         LINE#         466
  C:1AFBH         LINE#         468
  C:1AFEH         LINE#         469
  C:1AFEH         LINE#         471
  C:1AFEH         LINE#         473
  C:1B11H         LINE#         474
  C:1B13H         LINE#         475
  C:1B13H         LINE#         477
  C:1B13H         LINE#         478
  C:1B16H         LINE#         479
  C:1B16H         LINE#         600
  C:1B16H         LINE#         601
  C:1B1AH         LINE#         602
  C:1B1DH         LINE#         603
  C:1B1DH         LINE#         724
  C:1B1DH         LINE#         725
  C:1B1DH         LINE#         726
  -------         ENDPROC       _DATA_HANDLE
  -------         PROC          WITH_DATA_RXBUFF
  C:2DC0H         LINE#         733
  C:2DC0H         LINE#         734
  C:2DC0H         LINE#         735
  C:2DD8H         LINE#         736
  C:2DDBH         LINE#         738
  C:2DDDH         LINE#         739
  -------         ENDPROC       WITH_DATA_RXBUFF
  -------         PROC          TAKE_BYTE_RXBUFF
  -------         DO            
  D:0007H         SYMBOL        value
  -------         ENDDO         
  C:282CH         LINE#         746
  C:282CH         LINE#         747
  C:282CH         LINE#         750
  C:284AH         LINE#         752
  C:2858H         LINE#         754
  C:2865H         LINE#         755
  C:2865H         LINE#         757
  C:286BH         LINE#         758
  C:286BH         LINE#         760
  C:286BH         LINE#         761
  -------         ENDPROC       TAKE_BYTE_RXBUFF
  -------         ENDMOD        SYSTEM

  -------         MODULE        ?C?FPADD
  C:002DH         PUBLIC        ?C?FPADD
  C:0029H         PUBLIC        ?C?FPSUB
  -------         ENDMOD        ?C?FPADD

  -------         MODULE        ?C?FPDIV
  C:0121H         PUBLIC        ?C?FPDIV
  -------         ENDMOD        ?C?FPDIV

  -------         MODULE        ?C?FCAST
  C:01C8H         PUBLIC        ?C?FCASTC
  C:01C3H         PUBLIC        ?C?FCASTI
BL51 BANKED LINKER/LOCATER V6.22                                                      12/18/2020  11:27:11  PAGE 53


  C:01BEH         PUBLIC        ?C?FCASTL
  -------         ENDMOD        ?C?FCAST

  -------         MODULE        ?C?CASTF
  C:01FCH         PUBLIC        ?C?CASTF
  -------         ENDMOD        ?C?CASTF

  -------         MODULE        PRINTF
  D:0027H         PUBLIC        ?_PRINTF?BYTE
  D:0027H         PUBLIC        ?_SPRINTF?BYTE
  C:0EA8H         PUBLIC        _PRINTF
  C:0EA2H         PUBLIC        _SPRINTF
  -------         ENDMOD        PRINTF

  -------         MODULE        ?C?FPROUND
  C:027DH         PUBLIC        ?C?FPROUND
  -------         ENDMOD        ?C?FPROUND

  -------         MODULE        ?C?FPCONVERT
  C:02ACH         PUBLIC        ?C?FPCONVERT
  -------         ENDMOD        ?C?FPCONVERT

  -------         MODULE        ?C?FPMUL
  C:03AFH         PUBLIC        ?C?FPMUL
  -------         ENDMOD        ?C?FPMUL

  -------         MODULE        ?C?FTNPWR
  C:04E5H         PUBLIC        ?C?FTNPWR
  -------         ENDMOD        ?C?FTNPWR

  -------         MODULE        ?C?COPY
  C:05F5H         PUBLIC        ?C?COPY
  -------         ENDMOD        ?C?COPY

  -------         MODULE        ?C?CLDPTR
  C:061BH         PUBLIC        ?C?CLDPTR
  -------         ENDMOD        ?C?CLDPTR

  -------         MODULE        ?C?CLDOPTR
  C:0634H         PUBLIC        ?C?CLDOPTR
  -------         ENDMOD        ?C?CLDOPTR

  -------         MODULE        ?C?CSTPTR
  C:0661H         PUBLIC        ?C?CSTPTR
  -------         ENDMOD        ?C?CSTPTR

  -------         MODULE        ?C?CSTOPTR
  C:0673H         PUBLIC        ?C?CSTOPTR
  -------         ENDMOD        ?C?CSTOPTR

  -------         MODULE        ?C?IMUL
  C:0695H         PUBLIC        ?C?IMUL
  -------         ENDMOD        ?C?IMUL

  -------         MODULE        ?C?UIDIV
  C:06A7H         PUBLIC        ?C?UIDIV
  -------         ENDMOD        ?C?UIDIV
BL51 BANKED LINKER/LOCATER V6.22                                                      12/18/2020  11:27:11  PAGE 54



  -------         MODULE        ?C?IILDX
  C:06FCH         PUBLIC        ?C?IILDX
  -------         ENDMOD        ?C?IILDX

  -------         MODULE        ?C?LADD
  C:0712H         PUBLIC        ?C?LADD
  -------         ENDMOD        ?C?LADD

  -------         MODULE        ?C?LSUB
  C:071FH         PUBLIC        ?C?LSUB
  -------         ENDMOD        ?C?LSUB

  -------         MODULE        ?C?LMUL
  C:072DH         PUBLIC        ?C?LMUL
  -------         ENDMOD        ?C?LMUL

  -------         MODULE        ?C?ULDIV
  C:07B8H         PUBLIC        ?C?ULDIV
  -------         ENDMOD        ?C?ULDIV

  -------         MODULE        ?C?LNEG
  C:084AH         PUBLIC        ?C?LNEG
  -------         ENDMOD        ?C?LNEG

  -------         MODULE        ?C?SLCMP
  C:0858H         PUBLIC        ?C?SLCMP
  -------         ENDMOD        ?C?SLCMP

  -------         MODULE        ?C?ULCMP
  C:086EH         PUBLIC        ?C?ULCMP
  -------         ENDMOD        ?C?ULCMP

  -------         MODULE        ?C?ULSHR
  C:087FH         PUBLIC        ?C?ULSHR
  -------         ENDMOD        ?C?ULSHR

  -------         MODULE        ?C?LSHL
  C:0892H         PUBLIC        ?C?LSHL
  -------         ENDMOD        ?C?LSHL

  -------         MODULE        ?C?LLDXDATA
  C:08A5H         PUBLIC        ?C?LLDXDATA
  -------         ENDMOD        ?C?LLDXDATA

  -------         MODULE        ?C?LLDXDATA0
  C:08B1H         PUBLIC        ?C?LLDXDATA0
  -------         ENDMOD        ?C?LLDXDATA0

  -------         MODULE        ?C?LSTXDATA
  C:08BDH         PUBLIC        ?C?LSTXDATA
  -------         ENDMOD        ?C?LSTXDATA

  -------         MODULE        ?C?LSTKXDATA
  C:08C9H         PUBLIC        ?C?LSTKXDATA
  -------         ENDMOD        ?C?LSTKXDATA

BL51 BANKED LINKER/LOCATER V6.22                                                      12/18/2020  11:27:11  PAGE 55


  -------         MODULE        ?C?OFFXADD
  C:08FAH         PUBLIC        ?C?OFFXADD
  -------         ENDMOD        ?C?OFFXADD

  -------         MODULE        ?C?PLDIIDATA
  C:0906H         PUBLIC        ?C?PLDIIDATA
  -------         ENDMOD        ?C?PLDIIDATA

  -------         MODULE        ?C?CCASE
  C:0916H         PUBLIC        ?C?CCASE
  -------         ENDMOD        ?C?CCASE

  -------         MODULE        PUTCHAR
  C:2C43H         PUBLIC        _PUTCHAR
  -------         ENDMOD        PUTCHAR

Program Size: data=129.1 xdata=312 code=12000
LINK/LOCATE RUN COMPLETE.  0 WARNING(S),  0 ERROR(S)
