BL51 BANKED LINKER/LOCATER V6.22                                                        12/22/2020  16:47:18  PAGE 1


BL51 BANKED LINKER/LOCATER V6.22, INVOKED BY:
D:\CCCC2020\TOOL\KEIL\C51\BIN\BL51.EXE .\Objects\STARTUP.obj, .\Objects\HC-MCU-XBR.obj, .\Objects\mcu_api.obj, .\Objects
>> \protocol.obj, .\Objects\system.obj TO .\Objects\HC-MCU-XBR PRINT (.\Listings\HC-MCU-XBR.m51) RAMSIZE (256) DISABLEWA
>> RNING (16, 1, 2) CODE (0X0000-0X3FFF) XDATA (0X0000-0X07FF)


MEMORY MODEL: SMALL WITH FLOATING POINT ARITHMETIC


INPUT MODULES INCLUDED:
  .\Objects\STARTUP.obj (?C_STARTUP)
  .\Objects\HC-MCU-XBR.obj (HC_MCU_XBR)
  .\Objects\mcu_api.obj (MCU_API)
  .\Objects\protocol.obj (PROTOCOL)
  .\Objects\system.obj (SYSTEM)
  D:\CCCC2020\TOOL\KEIL\C51\LIB\C51FPS.LIB (?C?FPADD)
  D:\CCCC2020\TOOL\KEIL\C51\LIB\C51FPS.LIB (?C?FPDIV)
  D:\CCCC2020\TOOL\KEIL\C51\LIB\C51FPS.LIB (?C?FCAST)
  D:\CCCC2020\TOOL\KEIL\C51\LIB\C51FPS.LIB (?C?CASTF)
  D:\CCCC2020\TOOL\KEIL\C51\LIB\C51FPS.LIB (PRINTF)
  D:\CCCC2020\TOOL\KEIL\C51\LIB\C51FPS.LIB (?C?FPGETOPN)
  D:\CCCC2020\TOOL\KEIL\C51\LIB\C51FPS.LIB (?C?FPROUND)
  D:\CCCC2020\TOOL\KEIL\C51\LIB\C51FPS.LIB (?C?FPCONVERT)
  D:\CCCC2020\TOOL\KEIL\C51\LIB\C51FPS.LIB (?C?FPMUL)
  D:\CCCC2020\TOOL\KEIL\C51\LIB\C51FPS.LIB (?C?FTNPWR)
  D:\CCCC2020\TOOL\KEIL\C51\LIB\C51S.LIB (?C_INIT)
  D:\CCCC2020\TOOL\KEIL\C51\LIB\C51S.LIB (?C?COPY)
  D:\CCCC2020\TOOL\KEIL\C51\LIB\C51S.LIB (?C?CLDPTR)
  D:\CCCC2020\TOOL\KEIL\C51\LIB\C51S.LIB (?C?CLDOPTR)
  D:\CCCC2020\TOOL\KEIL\C51\LIB\C51S.LIB (?C?CSTPTR)
  D:\CCCC2020\TOOL\KEIL\C51\LIB\C51S.LIB (?C?CSTOPTR)
  D:\CCCC2020\TOOL\KEIL\C51\LIB\C51S.LIB (?C?IMUL)
  D:\CCCC2020\TOOL\KEIL\C51\LIB\C51S.LIB (?C?UIDIV)
  D:\CCCC2020\TOOL\KEIL\C51\LIB\C51S.LIB (?C?IILDX)
  D:\CCCC2020\TOOL\KEIL\C51\LIB\C51S.LIB (?C?LADD)
  D:\CCCC2020\TOOL\KEIL\C51\LIB\C51S.LIB (?C?LSUB)
  D:\CCCC2020\TOOL\KEIL\C51\LIB\C51S.LIB (?C?LMUL)
  D:\CCCC2020\TOOL\KEIL\C51\LIB\C51S.LIB (?C?ULDIV)
  D:\CCCC2020\TOOL\KEIL\C51\LIB\C51S.LIB (?C?LNEG)
  D:\CCCC2020\TOOL\KEIL\C51\LIB\C51S.LIB (?C?SLCMP)
  D:\CCCC2020\TOOL\KEIL\C51\LIB\C51S.LIB (?C?ULCMP)
  D:\CCCC2020\TOOL\KEIL\C51\LIB\C51S.LIB (?C?ULSHR)
  D:\CCCC2020\TOOL\KEIL\C51\LIB\C51S.LIB (?C?LSHL)
  D:\CCCC2020\TOOL\KEIL\C51\LIB\C51S.LIB (?C?LLDXDATA)
  D:\CCCC2020\TOOL\KEIL\C51\LIB\C51S.LIB (?C?LLDXDATA0)
  D:\CCCC2020\TOOL\KEIL\C51\LIB\C51S.LIB (?C?LSTXDATA)
  D:\CCCC2020\TOOL\KEIL\C51\LIB\C51S.LIB (?C?LSTKXDATA)
  D:\CCCC2020\TOOL\KEIL\C51\LIB\C51S.LIB (?C?OFFXADD)
  D:\CCCC2020\TOOL\KEIL\C51\LIB\C51S.LIB (?C?PLDIIDATA)
  D:\CCCC2020\TOOL\KEIL\C51\LIB\C51S.LIB (?C?CCASE)
  D:\CCCC2020\TOOL\KEIL\C51\LIB\C51S.LIB (PUTCHAR)


LINK MAP OF MODULE:  .\Objects\HC-MCU-XBR (?C_STARTUP)


            TYPE    BASE      LENGTH    RELOCATION   SEGMENT NAME
            -----------------------------------------------------
BL51 BANKED LINKER/LOCATER V6.22                                                      12/22/2020  16:47:18  PAGE 2



            * * * * * * *   D A T A   M E M O R Y   * * * * * * *
            REG     0000H     0008H     ABSOLUTE     "REG BANK 0"
            DATA    0008H     0009H     UNIT         ?DT?_MY_MEMSET?MCU_API
            DATA    0011H     0009H     UNIT         ?DT?_MY_STRCPY?MCU_API
            DATA    001AH     0006H     UNIT         ?DT?HC_MCU_XBR
            BIT     0020H.0   0001H.1   UNIT         _BIT_GROUP_
                    0021H.1   0000H.7                *** GAP ***
            DATA    0022H     0030H     UNIT         _DATA_GROUP_
            DATA    0052H     0007H     UNIT         ?DT?_MCU_DP_FAULT_UPDATE?MCU_API
            DATA    0059H     0007H     UNIT         ?DT?SYSTEM
            DATA    0060H     0006H     UNIT         ?DT?_MY_STRCMP?MCU_API
            DATA    0066H     0006H     UNIT         ?DT?_MCU_DP_RAW_UPDATE?MCU_API
            DATA    006CH     0006H     UNIT         ?DT?_MCU_DP_STRING_UPDATE?MCU_API
            DATA    0072H     0004H     UNIT         ?DT?_INT_TO_BYTE?MCU_API
            DATA    0076H     0002H     UNIT         ?DT?MCU_API
            IDATA   0078H     0009H     UNIT         ?ID?HC_MCU_XBR
            IDATA   0081H     0001H     UNIT         ?STACK

            * * * * * * *  X D A T A   M E M O R Y  * * * * * * *
            XDATA   0000H     0071H     UNIT         ?XD?SYSTEM
            XDATA   0071H     0069H     UNIT         ?XD?HC_MCU_XBR
            XDATA   00DAH     0023H     UNIT         ?XD?PROTOCOL
                    00FDH     FD83H                  *** GAP ***
            XDATA   FE80H     0001H     ABSOLUTE     
                    FE81H     0004H                  *** GAP ***
            XDATA   FE85H     0001H     ABSOLUTE     
                    FE86H     0002H                  *** GAP ***
            XDATA   FE88H     0001H     ABSOLUTE     
            XDATA   FE89H     0001H     ABSOLUTE     
            XDATA   FE8AH     0001H     ABSOLUTE     
                    FE8BH     0006H                  *** GAP ***
            XDATA   FE91H     0001H     ABSOLUTE     
            XDATA   FE92H     0001H     ABSOLUTE     
            XDATA   FE93H     0001H     ABSOLUTE     
            XDATA   FE94H     0001H     ABSOLUTE     
            XDATA   FE95H     0001H     ABSOLUTE     
                    FE96H     0002H                  *** GAP ***
            XDATA   FE98H     0001H     ABSOLUTE     
                    FE99H     0002H                  *** GAP ***
            XDATA   FE9BH     0001H     ABSOLUTE     
                    FE9CH     0004H                  *** GAP ***
            XDATA   FEA0H     0001H     ABSOLUTE     
                    FEA1H     0001H                  *** GAP ***
            XDATA   FEA2H     0001H     ABSOLUTE     
                    FEA3H     0001H                  *** GAP ***
            XDATA   FEA4H     0001H     ABSOLUTE     
            XDATA   FEA5H     0001H     ABSOLUTE     
                    FEA6H     0001H                  *** GAP ***
            XDATA   FEA7H     0001H     ABSOLUTE     
                    FEA8H     0002H                  *** GAP ***
            XDATA   FEAAH     0001H     ABSOLUTE     
                    FEABH     0005H                  *** GAP ***
            XDATA   FEB0H     0001H     ABSOLUTE     
            XDATA   FEB1H     0001H     ABSOLUTE     
            XDATA   FEB2H     0001H     ABSOLUTE     
            XDATA   FEB3H     0001H     ABSOLUTE     
BL51 BANKED LINKER/LOCATER V6.22                                                      12/22/2020  16:47:18  PAGE 3


                    FEB4H     0004H                  *** GAP ***
            XDATA   FEB8H     0001H     ABSOLUTE     
            XDATA   FEB9H     0001H     ABSOLUTE     
                    FEBAH     0002H                  *** GAP ***
            XDATA   FEBCH     0001H     ABSOLUTE     
                    FEBDH     0043H                  *** GAP ***
            XDATA   FF00H     0001H     ABSOLUTE     
            XDATA   FF01H     0001H     ABSOLUTE     
            XDATA   FF02H     0001H     ABSOLUTE     
            XDATA   FF03H     0001H     ABSOLUTE     
                    FF04H     0001H                  *** GAP ***
            XDATA   FF05H     0001H     ABSOLUTE     
                    FF06H     0002H                  *** GAP ***
            XDATA   FF08H     0001H     ABSOLUTE     
                    FF09H     0007H                  *** GAP ***
            XDATA   FF10H     0001H     ABSOLUTE     
            XDATA   FF11H     0001H     ABSOLUTE     
            XDATA   FF12H     0001H     ABSOLUTE     
            XDATA   FF13H     0001H     ABSOLUTE     
                    FF14H     002CH                  *** GAP ***
            XDATA   FF40H     0001H     ABSOLUTE     
            XDATA   FF41H     0001H     ABSOLUTE     
            XDATA   FF42H     0001H     ABSOLUTE     
                    FF43H     003DH                  *** GAP ***
            XDATA   FF80H     0001H     ABSOLUTE     
            XDATA   FF81H     0001H     ABSOLUTE     
                    FF82H     0001H                  *** GAP ***
            XDATA   FF83H     0001H     ABSOLUTE     
            XDATA   FF84H     0001H     ABSOLUTE     
            XDATA   FF85H     0001H     ABSOLUTE     
                    FF86H     0009H                  *** GAP ***
            XDATA   FF8FH     0001H     ABSOLUTE     
            XDATA   FF90H     0001H     ABSOLUTE     
            XDATA   FF91H     0001H     ABSOLUTE     
                    FF92H     0002H                  *** GAP ***
            XDATA   FF94H     0001H     ABSOLUTE     
            XDATA   FF95H     0001H     ABSOLUTE     
                    FF96H     0002H                  *** GAP ***
            XDATA   FF98H     0001H     ABSOLUTE     
            XDATA   FF99H     0001H     ABSOLUTE     
                    FF9AH     0002H                  *** GAP ***
            XDATA   FF9CH     0001H     ABSOLUTE     
                    FF9DH     0003H                  *** GAP ***
            XDATA   FFA0H     0001H     ABSOLUTE     
            XDATA   FFA1H     0001H     ABSOLUTE     
                    FFA2H     0002H                  *** GAP ***
            XDATA   FFA4H     0001H     ABSOLUTE     
            XDATA   FFA5H     0001H     ABSOLUTE     
            XDATA   FFA6H     0001H     ABSOLUTE     
            XDATA   FFA7H     0001H     ABSOLUTE     
            XDATA   FFA8H     0001H     ABSOLUTE     
            XDATA   FFA9H     0001H     ABSOLUTE     

            * * * * * * *   C O D E   M E M O R Y   * * * * * * *
            CODE    0000H     0003H     ABSOLUTE     
            CODE    0003H     0017H     UNIT         ?PR?INITSYS?HC_MCU_XBR
                    001AH     0001H                  *** GAP ***
BL51 BANKED LINKER/LOCATER V6.22                                                      12/22/2020  16:47:18  PAGE 4


            CODE    001BH     0003H     ABSOLUTE     
            CODE    001EH     0003H     UNIT         ?PR?_UART_TRANSMIT_OUTPUT?PROTOCOL
                    0021H     0002H                  *** GAP ***
            CODE    0023H     0003H     ABSOLUTE     
            CODE    0026H     0916H     UNIT         ?C?LIB_CODE
            CODE    093CH     050AH     UNIT         ?PR?XBRHANDLE?HC_MCU_XBR
            CODE    0E46H     046FH     UNIT         ?PR?PRINTF?PRINTF
            CODE    12B5H     0213H     UNIT         ?PR?MAIN?HC_MCU_XBR
            CODE    14C8H     0190H     UNIT         ?PR?WIFI_UART_SERVICE?MCU_API
            CODE    1658H     016FH     UNIT         ?PR?SET_VAR?HC_MCU_XBR
            CODE    17C7H     0150H     UNIT         ?PR?HC_MCU_XBR
            CODE    1917H     012AH     UNIT         ?C_INITSEG
            CODE    1A41H     00F5H     UNIT         ?PR?_DATA_HANDLE?SYSTEM
            CODE    1B36H     00CBH     UNIT         ?PR?PRODUCT_INFO_UPDATE?SYSTEM
            CODE    1C01H     00C5H     UNIT         ?PR?_MY_MEMCPY?MCU_API
            CODE    1CC6H     00C4H     UNIT         ?PR?ALL_DATA_UPDATE?PROTOCOL
            CODE    1D8AH     00C3H     UNIT         ?PR?_MCU_DP_FAULT_UPDATE?MCU_API
            CODE    1E4DH     00BBH     UNIT         ?PR?TIMER1_RPT?HC_MCU_XBR
            CODE    1F08H     00B8H     UNIT         ?PR?_DP_DOWNLOAD_HANDLE?PROTOCOL
            CODE    1FC0H     00AAH     UNIT         ?PR?MCU_API
            CODE    206AH     00A2H     UNIT         ?PR?SAVEVAR?HC_MCU_XBR
            CODE    210CH     008CH     UNIT         ?C_C51STARTUP
            CODE    2198H     0087H     UNIT         ?PR?_MCU_DP_VALUE_UPDATE?MCU_API
            CODE    221FH     0071H     UNIT         ?PR?_HEX_TO_BCD?MCU_API
            CODE    2290H     006DH     UNIT         ?PR?_DP_DOWNLOAD_SENSE_STRESS_HANDLE?PROTOCOL
            CODE    22FDH     0060H     UNIT         ?PR?_PWM3INIT?HC_MCU_XBR
            CODE    235DH     005EH     UNIT         ?PR?WAIT1?HC_MCU_XBR
            CODE    23BBH     005DH     UNIT         ?PR?_DP_DOWNLOAD_CDS_HANDLE?PROTOCOL
            CODE    2418H     005BH     UNIT         ?PR?WAIT2?HC_MCU_XBR
            CODE    2473H     005BH     UNIT         ?PR?_DATA_POINT_HANDLE?SYSTEM
            CODE    24CEH     0059H     UNIT         ?PR?_UART_RECEIVE_INPUT?MCU_API
            CODE    2527H     0055H     UNIT         ?PR?_WIFI_UART_WRITE_FRAME?SYSTEM
            CODE    257CH     004FH     UNIT         ?PR?_PWM0INIT?HC_MCU_XBR
            CODE    25CBH     004BH     UNIT         ?PR?_BYTE_TO_INT?MCU_API
            CODE    2616H     004AH     UNIT         ?PR?_MCU_DP_BOOL_UPDATE?MCU_API
            CODE    2660H     004AH     UNIT         ?PR?_MCU_DP_STRING_UPDATE?MCU_API
            CODE    26AAH     0049H     UNIT         ?PR?_MCU_DP_RAW_UPDATE?MCU_API
            CODE    26F3H     0047H     UNIT         ?PR?UART1_RPT?HC_MCU_XBR
            CODE    273AH     0044H     UNIT         ?PR?_MY_STRCMP?MCU_API
            CODE    277EH     0043H     UNIT         ?PR?_MY_STRLEN?MCU_API
            CODE    27C1H     0043H     UNIT         ?PR?_DP_DOWNLOAD_PIR_DELAY_HANDLE?PROTOCOL
            CODE    2804H     0040H     UNIT         ?PR?_READ_AD?HC_MCU_XBR
            CODE    2844H     0040H     UNIT         ?PR?TAKE_BYTE_RXBUFF?SYSTEM
            CODE    2884H     003FH     UNIT         ?PR?_MCU_DP_ENUM_UPDATE?MCU_API
            CODE    28C3H     003DH     UNIT         ?PR?_WIFI_UART_WRITE_DATA?SYSTEM
            CODE    2900H     003CH     UNIT         ?PR?_MY_STRCPY?MCU_API
            CODE    293CH     003BH     UNIT         ?CO?SYSTEM
            CODE    2977H     003AH     UNIT         ?PR?_DP_DOWNLOAD_BRIGHT_VALUE_HANDLE?PROTOCOL
            CODE    29B1H     0036H     UNIT         ?PR?_PWM3INIT_XXX?HC_MCU_XBR
            CODE    29E7H     0036H     UNIT         ?PR?PROTOCOL
            CODE    2A1DH     0035H     UNIT         ?PR?_DP_DOWNLOAD_STANDBY_TIME_HANDLE?PROTOCOL
            CODE    2A52H     0034H     UNIT         ?PR?_MY_MEMSET?MCU_API
            CODE    2A86H     0033H     UNIT         ?PR?_INT_TO_BYTE?MCU_API
            CODE    2AB9H     0032H     UNIT         ?PR?_FLASH_READARR?HC_MCU_XBR
            CODE    2AEBH     0031H     UNIT         ?PR?UART1_INIT?HC_MCU_XBR
            CODE    2B1CH     0030H     UNIT         ?PR?_DP_DOWNLOAD_TEMP_VALUE2_HANDLE?PROTOCOL
            CODE    2B4CH     0030H     UNIT         ?PR?_DP_DOWNLOAD_SWITCH_LED2_HANDLE?PROTOCOL
BL51 BANKED LINKER/LOCATER V6.22                                                      12/22/2020  16:47:18  PAGE 5


            CODE    2B7CH     002FH     UNIT         ?PR?_SET_WIFI_UART_BUFFER?SYSTEM
            CODE    2BABH     002DH     UNIT         ?PR?RESET_BT_MODULE?PROTOCOL
            CODE    2BD8H     002AH     UNIT         ?PR?GPIO_INIT?HC_MCU_XBR
            CODE    2C02H     0028H     UNIT         ?PR?_DELAY_MS?HC_MCU_XBR
            CODE    2C2AH     0027H     UNIT         ?PR?_FLASH_WRITEDATA?HC_MCU_XBR
            CODE    2C51H     0027H     UNIT         ?PR?PUTCHAR?PUTCHAR
            CODE    2C78H     0026H     UNIT         ?CO?MCU_API
            CODE    2C9EH     0026H     UNIT         ?PR?_GET_CHECK_SUM?SYSTEM
            CODE    2CC4H     0025H     UNIT         ?PR?_FLASH_ERASEBLOCK?HC_MCU_XBR
            CODE    2CE9H     0023H     UNIT         ?PR?SYSTEM
            CODE    2D0CH     0022H     UNIT         ?PR?HEAT_BEAT_CHECK?SYSTEM
            CODE    2D2EH     0021H     UNIT         ?PR?_DP_DOWNLOAD_SWITCH_XBR_HANDLE?PROTOCOL
            CODE    2D4FH     0021H     UNIT         ?PR?_DP_DOWNLOAD_ALL_DAY_MICRO_LIGHT_HANDLE?PROTOCOL
            CODE    2D70H     0021H     UNIT         ?PR?_GET_DOWMLOAD_DPID_INDEX?SYSTEM
            CODE    2D91H     001FH     UNIT         ?PR?_DP_DOWNLOAD_SWITCH_LINKAGE_HANDLE?PROTOCOL
            CODE    2DB0H     001EH     UNIT         ?PR?TIMER_INIT?HC_MCU_XBR
            CODE    2DCEH     001EH     UNIT         ?PR?WITH_DATA_RXBUFF?SYSTEM
            CODE    2DECH     001BH     UNIT         ?PR?_DELAY_US?HC_MCU_XBR
            CODE    2E07H     001AH     UNIT         ?PR?_DP_DOWNLOAD_CLEAR_TRIGGER_NUMBER_HANDLE?PROTOCOL
            CODE    2E21H     0017H     UNIT         ?PR?ADC_INIT?HC_MCU_XBR
            CODE    2E38H     0017H     UNIT         ?PR?_MCU_SET_WIFI_MODE?MCU_API
            CODE    2E4FH     0017H     UNIT         ?PR?_DP_DOWNLOAD_SWITCH_LED_HANDLE?PROTOCOL
            CODE    2E66H     0013H     UNIT         ?PR?WIFI_PROTOCOL_INIT?MCU_API
            CODE    2E79H     000FH     UNIT         ?PR?_GET_WIFI_STATUS?PROTOCOL
            CODE    2E88H     000EH     UNIT         ?PR?MCU_RESET_WIFI?MCU_API
            CODE    2E96H     000DH     UNIT         ?PR?_SET_WIFI_UART_BYTE?SYSTEM
            CODE    2EA3H     000BH     UNIT         ?PR?_SEND_DATA?HC_MCU_XBR
            CODE    2EAEH     000AH     UNIT         ?PR?MCU_GET_WIFI_CONNECT_STATUS?MCU_API
            CODE    2EB8H     000AH     UNIT         ?PR?GET_MCU_WIFI_MODE?SYSTEM
            CODE    2EC2H     0009H     UNIT         ?PR?_MCU_GET_DP_DOWNLOAD_BOOL?MCU_API
            CODE    2ECBH     0009H     UNIT         ?PR?_MCU_GET_DP_DOWNLOAD_ENUM?MCU_API
            CODE    2ED4H     0008H     UNIT         ?PR?_MCU_GET_DP_DOWNLOAD_VALUE?MCU_API
            CODE    2EDCH     0006H     UNIT         ?PR?MCU_GET_RESET_WIFI_FLAG?MCU_API
            CODE    2EE2H     0006H     UNIT         ?PR?MCU_GET_WIFIMODE_FLAG?MCU_API
            CODE    2EE8H     0006H     UNIT         ?PR?MCU_GET_WIFI_WORK_STATE?MCU_API
            CODE    2EEEH     0003H     UNIT         ?PR?GET_DOWNLOAD_CMD_TOTAL?PROTOCOL



OVERLAY MAP OF MODULE:   .\Objects\HC-MCU-XBR (?C_STARTUP)


SEGMENT                                             BIT_GROUP          DATA_GROUP 
  +--> CALLED SEGMENT                            START    LENGTH     START    LENGTH
------------------------------------------------------------------------------------
?C_C51STARTUP                                    -----    -----      -----    -----
  +--> ?PR?MAIN?HC_MCU_XBR
  +--> ?C_INITSEG

?PR?MAIN?HC_MCU_XBR                              -----    -----      0022H    0001H
  +--> ?PR?WIFI_PROTOCOL_INIT?MCU_API
  +--> ?PR?INITSYS?HC_MCU_XBR
  +--> ?PR?GPIO_INIT?HC_MCU_XBR
  +--> ?PR?TIMER_INIT?HC_MCU_XBR
  +--> ?PR?UART1_INIT?HC_MCU_XBR
  +--> ?PR?ADC_INIT?HC_MCU_XBR
  +--> ?PR?_DELAY_MS?HC_MCU_XBR
BL51 BANKED LINKER/LOCATER V6.22                                                      12/22/2020  16:47:18  PAGE 6


  +--> ?PR?HC_MCU_XBR
  +--> ?PR?SET_VAR?HC_MCU_XBR
  +--> ?PR?_PWM3INIT?HC_MCU_XBR
  +--> ?PR?WAIT1?HC_MCU_XBR
  +--> ?PR?WAIT2?HC_MCU_XBR
  +--> ?PR?RESET_BT_MODULE?PROTOCOL
  +--> ?PR?_MCU_DP_ENUM_UPDATE?MCU_API
  +--> ?PR?_MCU_DP_VALUE_UPDATE?MCU_API
  +--> ?PR?WIFI_UART_SERVICE?MCU_API
  +--> ?PR?XBRHANDLE?HC_MCU_XBR

?PR?WIFI_PROTOCOL_INIT?MCU_API                   -----    -----      -----    -----
  +--> ?PR?MCU_API

?PR?GPIO_INIT?HC_MCU_XBR                         -----    -----      -----    -----
  +--> ?PR?HC_MCU_XBR

?PR?HC_MCU_XBR                                   -----    -----      -----    -----
  +--> ?PR?_DELAY_US?HC_MCU_XBR
  +--> ?PR?_READ_AD?HC_MCU_XBR
  +--> ?PR?_FLASH_ERASEBLOCK?HC_MCU_XBR

?PR?_DELAY_US?HC_MCU_XBR                         -----    -----      -----    -----
  +--> ?PR?_FLASH_WRITEDATA?HC_MCU_XBR

?PR?_READ_AD?HC_MCU_XBR                          -----    -----      -----    -----
  +--> ?PR?_DELAY_US?HC_MCU_XBR

?PR?ADC_INIT?HC_MCU_XBR                          -----    -----      -----    -----
  +--> ?PR?_DELAY_US?HC_MCU_XBR

?PR?SET_VAR?HC_MCU_XBR                           -----    -----      -----    -----
  +--> ?PR?_FLASH_READARR?HC_MCU_XBR
  +--> ?PR?HC_MCU_XBR
  +--> ?PR?_FLASH_ERASEBLOCK?HC_MCU_XBR
  +--> ?PR?_DELAY_US?HC_MCU_XBR
  +--> ?PR?_FLASH_WRITEDATA?HC_MCU_XBR
  +--> ?PR?RESET_BT_MODULE?PROTOCOL

?PR?_FLASH_READARR?HC_MCU_XBR                    -----    -----      0023H    0005H

?PR?RESET_BT_MODULE?PROTOCOL                     -----    -----      -----    -----
  +--> ?PR?_SEND_DATA?HC_MCU_XBR

?PR?_PWM3INIT?HC_MCU_XBR                         -----    -----      003DH    0002H
  +--> ?PR?HC_MCU_XBR
  +--> ?PR?_PWM0INIT?HC_MCU_XBR
  +--> ?PR?_PWM3INIT_XXX?HC_MCU_XBR

?PR?_PWM0INIT?HC_MCU_XBR                         -----    -----      003FH    0004H
  +--> ?PR?HC_MCU_XBR

?PR?_PWM3INIT_XXX?HC_MCU_XBR                     -----    -----      003FH    0004H
  +--> ?PR?HC_MCU_XBR

?PR?WAIT1?HC_MCU_XBR                             -----    -----      0023H    0002H
  +--> ?PR?HC_MCU_XBR
BL51 BANKED LINKER/LOCATER V6.22                                                      12/22/2020  16:47:18  PAGE 7


  +--> ?PR?_DELAY_MS?HC_MCU_XBR

?PR?WAIT2?HC_MCU_XBR                             -----    -----      0023H    0005H
  +--> ?PR?HC_MCU_XBR

?PR?_MCU_DP_ENUM_UPDATE?MCU_API                  -----    -----      003DH    0001H
  +--> ?PR?MCU_API
  +--> ?PR?_SET_WIFI_UART_BYTE?SYSTEM
  +--> ?PR?_WIFI_UART_WRITE_FRAME?SYSTEM

?PR?_SET_WIFI_UART_BYTE?SYSTEM                   -----    -----      -----    -----
  +--> ?PR?SYSTEM

?PR?_WIFI_UART_WRITE_FRAME?SYSTEM                -----    -----      0046H    0002H
  +--> ?PR?_GET_CHECK_SUM?SYSTEM
  +--> ?PR?_WIFI_UART_WRITE_DATA?SYSTEM

?PR?_GET_CHECK_SUM?SYSTEM                        -----    -----      0048H    0005H
  +--> ?PR?SYSTEM

?PR?_WIFI_UART_WRITE_DATA?SYSTEM                 -----    -----      0048H    0005H
  +--> ?PR?_UART_TRANSMIT_OUTPUT?PROTOCOL

?PR?_UART_TRANSMIT_OUTPUT?PROTOCOL               -----    -----      -----    -----
  +--> ?PR?_SEND_DATA?HC_MCU_XBR

?PR?_MCU_DP_VALUE_UPDATE?MCU_API                 -----    -----      0041H    0005H
  +--> ?PR?MCU_API
  +--> ?PR?_SET_WIFI_UART_BYTE?SYSTEM
  +--> ?PR?_WIFI_UART_WRITE_FRAME?SYSTEM

?PR?WIFI_UART_SERVICE?MCU_API                    -----    -----      0023H    0004H
  +--> ?PR?WITH_DATA_RXBUFF?SYSTEM
  +--> ?PR?TAKE_BYTE_RXBUFF?SYSTEM
  +--> ?PR?MCU_API
  +--> ?PR?_GET_CHECK_SUM?SYSTEM
  +--> ?CO?MCU_API
  +--> ?PR?PRINTF?PRINTF
  +--> ?PR?_DATA_HANDLE?SYSTEM
  +--> ?PR?_MY_MEMCPY?MCU_API

?PR?TAKE_BYTE_RXBUFF?SYSTEM                      -----    -----      -----    -----
  +--> ?PR?SYSTEM

?PR?PRINTF?PRINTF                                0020H.0  0001H.1    0027H    001CH
  +--> ?PR?PUTCHAR?PUTCHAR

?PR?_DATA_HANDLE?SYSTEM                          -----    -----      0027H    0008H
  +--> ?PR?HEAT_BEAT_CHECK?SYSTEM
  +--> ?PR?PRODUCT_INFO_UPDATE?SYSTEM
  +--> ?PR?GET_MCU_WIFI_MODE?SYSTEM
  +--> ?PR?SYSTEM
  +--> ?PR?_WIFI_UART_WRITE_FRAME?SYSTEM
  +--> ?PR?_DATA_POINT_HANDLE?SYSTEM
  +--> ?PR?SAVEVAR?HC_MCU_XBR
  +--> ?PR?ALL_DATA_UPDATE?PROTOCOL
  +--> ?PR?_GET_WIFI_STATUS?PROTOCOL
BL51 BANKED LINKER/LOCATER V6.22                                                      12/22/2020  16:47:18  PAGE 8



?PR?HEAT_BEAT_CHECK?SYSTEM                       -----    -----      -----    -----
  +--> ?PR?_SET_WIFI_UART_BYTE?SYSTEM
  +--> ?PR?_WIFI_UART_WRITE_FRAME?SYSTEM

?PR?PRODUCT_INFO_UPDATE?SYSTEM                   -----    -----      002FH    000BH
  +--> ?CO?SYSTEM
  +--> ?PR?_SET_WIFI_UART_BUFFER?SYSTEM
  +--> ?PR?_MY_STRLEN?MCU_API
  +--> ?PR?_WIFI_UART_WRITE_FRAME?SYSTEM

?PR?_SET_WIFI_UART_BUFFER?SYSTEM                 -----    -----      003AH    0007H
  +--> ?PR?SYSTEM
  +--> ?PR?_MY_MEMCPY?MCU_API

?PR?_MY_MEMCPY?MCU_API                           -----    -----      0041H    0010H
  +--> ?PR?MCU_API

?PR?_MY_STRLEN?MCU_API                           -----    -----      003AH    0007H
  +--> ?PR?MCU_API

?PR?GET_MCU_WIFI_MODE?SYSTEM                     -----    -----      -----    -----
  +--> ?PR?_WIFI_UART_WRITE_FRAME?SYSTEM

?PR?_DATA_POINT_HANDLE?SYSTEM                    -----    -----      002FH    0007H
  +--> ?PR?_GET_DOWMLOAD_DPID_INDEX?SYSTEM
  +--> ?PR?_DP_DOWNLOAD_HANDLE?PROTOCOL

?PR?_GET_DOWMLOAD_DPID_INDEX?SYSTEM              -----    -----      0036H    0001H
  +--> ?PR?GET_DOWNLOAD_CMD_TOTAL?PROTOCOL

?PR?_DP_DOWNLOAD_HANDLE?PROTOCOL                 -----    -----      0036H    0007H
  +--> ?PR?PROTOCOL
  +--> ?PR?_DP_DOWNLOAD_SWITCH_LED_HANDLE?PR...
  +--> ?PR?RESET_BT_MODULE?PROTOCOL
  +--> ?PR?_DP_DOWNLOAD_BRIGHT_VALUE_HANDLE?...
  +--> ?PR?_DP_DOWNLOAD_TEMP_VALUE2_HANDLE?P...
  +--> ?PR?_DP_DOWNLOAD_CDS_HANDLE?PROTOCOL
  +--> ?PR?_DP_DOWNLOAD_PIR_DELAY_HANDLE?PRO...
  +--> ?PR?_DP_DOWNLOAD_SWITCH_XBR_HANDLE?PR...
  +--> ?PR?_DP_DOWNLOAD_STANDBY_TIME_HANDLE?...
  +--> ?PR?_DP_DOWNLOAD_SENSE_STRESS_HANDLE?...
  +--> ?PR?_DP_DOWNLOAD_SWITCH_LED2_HANDLE?P...
  +--> ?PR?_DP_DOWNLOAD_SWITCH_LINKAGE_HANDL...
  +--> ?PR?_DP_DOWNLOAD_ALL_DAY_MICRO_LIGHT_...
  +--> ?PR?_DP_DOWNLOAD_CLEAR_TRIGGER_NUMBER...

?PR?_DP_DOWNLOAD_SWITCH_LED_HANDLE?PR...         -----    -----      -----    -----
  +--> ?PR?_MCU_GET_DP_DOWNLOAD_BOOL?MCU_API
  +--> ?PR?_MCU_DP_BOOL_UPDATE?MCU_API

?PR?_MCU_GET_DP_DOWNLOAD_BOOL?MCU_API            -----    -----      003DH    0002H

?PR?_MCU_DP_BOOL_UPDATE?MCU_API                  -----    -----      003DH    0001H
  +--> ?PR?MCU_API
  +--> ?PR?_SET_WIFI_UART_BYTE?SYSTEM
  +--> ?PR?_WIFI_UART_WRITE_FRAME?SYSTEM
BL51 BANKED LINKER/LOCATER V6.22                                                      12/22/2020  16:47:18  PAGE 9



?PR?_DP_DOWNLOAD_BRIGHT_VALUE_HANDLE?...         -----    -----      003DH    0004H
  +--> ?PR?_MCU_GET_DP_DOWNLOAD_VALUE?MCU_API
  +--> ?PR?PROTOCOL
  +--> ?PR?_MCU_DP_VALUE_UPDATE?MCU_API

?PR?_MCU_GET_DP_DOWNLOAD_VALUE?MCU_API           -----    -----      0041H    0002H
  +--> ?PR?_BYTE_TO_INT?MCU_API

?PR?_BYTE_TO_INT?MCU_API                         -----    -----      0043H    0004H
  +--> ?PR?MCU_API

?PR?_DP_DOWNLOAD_TEMP_VALUE2_HANDLE?P...         -----    -----      -----    -----
  +--> ?PR?_MCU_GET_DP_DOWNLOAD_VALUE?MCU_API
  +--> ?PR?_PWM3INIT?HC_MCU_XBR
  +--> ?PR?PROTOCOL
  +--> ?PR?_MCU_DP_VALUE_UPDATE?MCU_API

?PR?_DP_DOWNLOAD_CDS_HANDLE?PROTOCOL             -----    -----      -----    -----
  +--> ?PR?_MCU_GET_DP_DOWNLOAD_ENUM?MCU_API
  +--> ?PR?_MCU_DP_ENUM_UPDATE?MCU_API

?PR?_MCU_GET_DP_DOWNLOAD_ENUM?MCU_API            -----    -----      003DH    0002H

?PR?_DP_DOWNLOAD_PIR_DELAY_HANDLE?PRO...         -----    -----      003DH    0004H
  +--> ?PR?_MCU_GET_DP_DOWNLOAD_VALUE?MCU_API
  +--> ?PR?PROTOCOL
  +--> ?PR?_MCU_DP_VALUE_UPDATE?MCU_API

?PR?_DP_DOWNLOAD_SWITCH_XBR_HANDLE?PR...         -----    -----      -----    -----
  +--> ?PR?_MCU_GET_DP_DOWNLOAD_BOOL?MCU_API
  +--> ?PR?_MCU_DP_BOOL_UPDATE?MCU_API

?PR?_DP_DOWNLOAD_STANDBY_TIME_HANDLE?...         -----    -----      003DH    0004H
  +--> ?PR?_MCU_GET_DP_DOWNLOAD_VALUE?MCU_API
  +--> ?PR?PROTOCOL
  +--> ?PR?_MCU_DP_VALUE_UPDATE?MCU_API

?PR?_DP_DOWNLOAD_SENSE_STRESS_HANDLE?...         -----    -----      003DH    0004H
  +--> ?PR?_MCU_GET_DP_DOWNLOAD_VALUE?MCU_API
  +--> ?PR?_MCU_DP_VALUE_UPDATE?MCU_API

?PR?_DP_DOWNLOAD_SWITCH_LED2_HANDLE?P...         -----    -----      -----    -----
  +--> ?PR?_MCU_GET_DP_DOWNLOAD_BOOL?MCU_API
  +--> ?PR?_MCU_DP_BOOL_UPDATE?MCU_API

?PR?_DP_DOWNLOAD_SWITCH_LINKAGE_HANDL...         -----    -----      -----    -----
  +--> ?PR?_MCU_GET_DP_DOWNLOAD_BOOL?MCU_API
  +--> ?PR?_MCU_DP_BOOL_UPDATE?MCU_API

?PR?_DP_DOWNLOAD_ALL_DAY_MICRO_LIGHT_...         -----    -----      -----    -----
  +--> ?PR?_MCU_GET_DP_DOWNLOAD_BOOL?MCU_API
  +--> ?PR?_MCU_DP_BOOL_UPDATE?MCU_API

?PR?_DP_DOWNLOAD_CLEAR_TRIGGER_NUMBER...         -----    -----      -----    -----
  +--> ?PR?_MCU_GET_DP_DOWNLOAD_BOOL?MCU_API
  +--> ?PR?PROTOCOL
BL51 BANKED LINKER/LOCATER V6.22                                                      12/22/2020  16:47:18  PAGE 10


  +--> ?PR?_MCU_DP_VALUE_UPDATE?MCU_API

?PR?SAVEVAR?HC_MCU_XBR                           -----    -----      -----    -----
  +--> ?PR?HC_MCU_XBR
  +--> ?PR?_FLASH_WRITEDATA?HC_MCU_XBR
  +--> ?PR?_DELAY_US?HC_MCU_XBR

?PR?ALL_DATA_UPDATE?PROTOCOL                     -----    -----      002FH    0001H
  +--> ?PR?_MCU_DP_BOOL_UPDATE?MCU_API
  +--> ?PR?PROTOCOL
  +--> ?PR?_MCU_DP_VALUE_UPDATE?MCU_API
  +--> ?PR?_MCU_DP_ENUM_UPDATE?MCU_API

?PR?_GET_WIFI_STATUS?PROTOCOL                    -----    -----      -----    -----
  +--> ?PR?SAVEVAR?HC_MCU_XBR

?PR?XBRHANDLE?HC_MCU_XBR                         -----    -----      0023H    0002H
  +--> ?PR?HC_MCU_XBR
  +--> ?PR?_PWM3INIT?HC_MCU_XBR
  +--> ?PR?_DELAY_MS?HC_MCU_XBR

*** NEW ROOT ***************************************************

?PR?TIMER1_RPT?HC_MCU_XBR                        -----    -----      -----    -----
  +--> ?PR?HC_MCU_XBR

*** NEW ROOT ***************************************************

?PR?UART1_RPT?HC_MCU_XBR                         -----    -----      -----    -----
  +--> ?PR?_UART_RECEIVE_INPUT?MCU_API

?PR?_UART_RECEIVE_INPUT?MCU_API                  -----    -----      0051H    0001H
  +--> ?PR?MCU_API



UNRESOLVED EXTERNAL SYMBOLS:
   RESET_BT_BN



SYMBOL TABLE OF MODULE:  .\Objects\HC-MCU-XBR (?C_STARTUP)

  VALUE           TYPE          NAME
  ----------------------------------

  -------         MODULE        ?C_STARTUP
  C:210CH         SEGMENT       ?C_C51STARTUP
  I:0081H         SEGMENT       ?STACK
  C:0000H         PUBLIC        ?C_STARTUP
  D:00E0H         SYMBOL        ACC
  D:00F0H         SYMBOL        B
  D:0083H         SYMBOL        DPH
  D:0082H         SYMBOL        DPL
  N:0000H         SYMBOL        IBPSTACK
  N:0100H         SYMBOL        IBPSTACKTOP
  N:0080H         SYMBOL        IDATALEN
BL51 BANKED LINKER/LOCATER V6.22                                                      12/22/2020  16:47:18  PAGE 11


  C:210FH         SYMBOL        IDATALOOP
  N:0000H         SYMBOL        PBPSTACK
  N:0100H         SYMBOL        PBPSTACKTOP
  N:0000H         SYMBOL        PDATALEN
  N:0000H         SYMBOL        PDATASTART
  N:0000H         SYMBOL        PPAGE
  N:0000H         SYMBOL        PPAGEENABLE
  D:00A0H         SYMBOL        PPAGE_SFR
  D:0081H         SYMBOL        SP
  C:210CH         SYMBOL        STARTUP1
  N:0000H         SYMBOL        XBPSTACK
  N:0000H         SYMBOL        XBPSTACKTOP
  N:0000H         SYMBOL        XDATALEN
  N:0000H         SYMBOL        XDATASTART
  C:0000H         LINE#         126
  C:210CH         LINE#         133
  C:210EH         LINE#         134
  C:210FH         LINE#         135
  C:2110H         LINE#         136
  C:2112H         LINE#         185
  C:2115H         LINE#         196
  -------         ENDMOD        ?C_STARTUP

  -------         MODULE        HC_MCU_XBR
  C:0000H         SYMBOL        _ICE_DUMMY_
  X:FF08H         PUBLIC        P1M0
  X:FF01H         PUBLIC        P0M1
  I:0078H         PUBLIC        Light_on_flagpre
  X:FF10H         PUBLIC        P2M0
  X:FF02H         PUBLIC        P0M2
  D:0080H         PUBLIC        P0
  X:FF11H         PUBLIC        P2M1
  X:FF03H         PUBLIC        P0M3
  D:0090H         PUBLIC        P1
  X:FF12H         PUBLIC        P2M2
  D:00A0H         PUBLIC        P2
  X:0071H         PUBLIC        check_light_times
  X:FF13H         PUBLIC        P2M3
  X:0072H         PUBLIC        radar_number_send_flag
  X:0073H         PUBLIC        lowlight1minflag
  X:0074H         PUBLIC        light_status_xxx_last
  B:00A8H.7       PUBLIC        EA
  C:26F3H         PUBLIC        UART1_Rpt
  X:0075H         PUBLIC        radar_number_count
  X:FE94H         PUBLIC        XTALCFG
  X:0077H         PUBLIC        SUM1_counter
  D:00A8H         PUBLIC        IE
  I:0079H         PUBLIC        Exit_network_controlflag
  B:0080H.0       PUBLIC        P0_0
  D:00FCH         PUBLIC        IAP_CMD
  X:0078H         PUBLIC        guc_Read_a1
  X:007AH         PUBLIC        temper_value
  D:00F8H         PUBLIC        RSTFR
  B:0080H.4       PUBLIC        P0_4
  X:007BH         PUBLIC        lowlight1mincount
  X:007DH         PUBLIC        alarm_times
  X:FF91H         PUBLIC        PWM01_MAP
BL51 BANKED LINKER/LOCATER V6.22                                                      12/22/2020  16:47:18  PAGE 12


  C:0003H         PUBLIC        InitSYS
  X:007EH         PUBLIC        LIGHT_off
  X:FF95H         PUBLIC        PWM11_MAP
  X:FF99H         PUBLIC        PWM21_MAP
  X:FE89H         PUBLIC        S2CON2
  D:00B6H         PUBLIC        ADCR
  X:0080H         PUBLIC        TH
  X:FEA2H         PUBLIC        CRCC
  X:FE85H         PUBLIC        T5CON1
  X:0084H         PUBLIC        all_day_micro_light_enable
  X:FFA5H         PUBLIC        SCK_MAP
  X:0085H         PUBLIC        SWITCHflag2
  X:0086H         PUBLIC        times
  X:0088H         PUBLIC        SUM0
  C:12B5H         PUBLIC        main
  C:2BD8H         PUBLIC        GPIO_Init
  X:008CH         PUBLIC        SUM1
  X:FEA4H         PUBLIC        BORC
  C:2EA3H         PUBLIC        _send_data
  X:0090H         PUBLIC        SWITCHfXBR
  C:29B1H         PUBLIC        _PWM3init_xxx
  D:00BBH         PUBLIC        LVDC
  X:0091H         PUBLIC        radar_trig_times
  X:FFA1H         PUBLIC        RXD_MAP
  X:FEA5H         PUBLIC        BORDBC
  X:FFA0H         PUBLIC        TXD_MAP
  X:FEA7H         PUBLIC        LVDDBC
  D:0099H         PUBLIC        SBUF
  X:FEB8H         PUBLIC        PINTE0
  D:00E5H         PUBLIC        PWM0DH
  C:2C02H         PUBLIC        _Delay_ms
  C:2CC4H         PUBLIC        _Flash_EraseBlock
  X:0093H         PUBLIC        lowlightDELAY_NUM
  X:0094H         PUBLIC        MAX_DELTA
  X:FEB9H         PUBLIC        PINTE1
  D:00BDH         PUBLIC        WDTC
  D:0098H         PUBLIC        SCON
  D:0089H         PUBLIC        TMOD
  D:0088H         PUBLIC        TCON
  I:007AH         PUBLIC        Light_on_flag
  D:00E4H         PUBLIC        PWM0DL
  X:0098H         PUBLIC        radar_number_send_flag2
  X:0099H         PUBLIC        start_times
  X:FE95H         PUBLIC        SPOV_RSTEN
  D:00E1H         PUBLIC        PWM0EN
  C:2DF5H         PUBLIC        _Delay_us
  I:007BH         PUBLIC        Linkage_flag
  X:009BH         PUBLIC        lightvalue
  D:00B4H         PUBLIC        ADCC0
  C:093CH         PUBLIC        XBRHandle
  D:00B5H         PUBLIC        ADCC1
  X:FE9BH         PUBLIC        ADCC2
  D:00E3H         PUBLIC        PWM0PH
  C:2E21H         PUBLIC        ADC_Init
  X:FE91H         PUBLIC        CLKDIV
  D:00B8H         PUBLIC        IE1
  X:009CH         PUBLIC        person_in_range_flag
BL51 BANKED LINKER/LOCATER V6.22                                                      12/22/2020  16:47:18  PAGE 13


  X:009DH         PUBLIC        light_ad
  X:009EH         PUBLIC        DELAY_NUM
  D:00E2H         PUBLIC        PWM0PL
  X:00A0H         PUBLIC        radar_trig_times_last
  X:FF80H         PUBLIC        T0_MAP
  C:2804H         PUBLIC        _read_ad
  X:FF81H         PUBLIC        T1_MAP
  X:FEAAH         PUBLIC        RSTDBC
  X:00A2H         PUBLIC        resetbtcnt
  X:FF83H         PUBLIC        T3_MAP
  X:FF84H         PUBLIC        T4_MAP
  X:FF85H         PUBLIC        T5_MAP
  D:001AH         PUBLIC        Timer_Counter
  X:FEA0H         PUBLIC        WDTCCR
  D:001EH         PUBLIC        while_1flag
  D:001FH         PUBLIC        while_2flag
  C:1E4DH         PUBLIC        TIMER1_Rpt
  D:008CH         PUBLIC        TH0
  D:008DH         PUBLIC        TH1
  X:00A3H         PUBLIC        stop_times
  X:00A4H         PUBLIC        XRBoffbrightvalue
  D:00CEH         PUBLIC        TH4
  D:008AH         PUBLIC        TL0
  D:008BH         PUBLIC        TL1
  X:FE93H         PUBLIC        CLKOUT
  D:00CDH         PUBLIC        TL4
  D:00FBH         PUBLIC        IAP_DATA
  X:00A5H         PUBLIC        SUM10
  X:00A9H         PUBLIC        SUM01
  D:00F9H         PUBLIC        IAP_ADDR
  X:00ADH         PUBLIC        person_in_range_flag_last
  X:00AEH         PUBLIC        SUM0_num
  D:008EH         PUBLIC        CLKSWR
  X:00AFH         PUBLIC        SUM1_num
  I:007CH         PUBLIC        ab_last
  C:2C2AH         PUBLIC        _FLASH_WriteData
  X:00B0H         PUBLIC        slowchcnt
  X:00B1H         PUBLIC        calc_average_times
  C:257CH         PUBLIC        _PWM0init
  X:00B2H         PUBLIC        Exit_network_controlflag_toggle_counter
  I:007DH         PUBLIC        light1sflag
  X:00B4H         PUBLIC        switchcnt
  X:00B5H         PUBLIC        SUM16
  C:22FDH         PUBLIC        _PWM3init
  X:00B9H         PUBLIC        average
  X:00BBH         PUBLIC        guc_Read_a
  X:FFA9H         PUBLIC        RXD2_MAP
  X:00CBH         PUBLIC        ALL_SUM1
  X:FFA8H         PUBLIC        TXD2_MAP
  X:FE98H         PUBLIC        ADCWC
  X:FE8AH         PUBLIC        S2BUF
  X:FF90H         PUBLIC        PWM0_MAP
  C:2AEBH         PUBLIC        UART1_Init
  X:FFA4H         PUBLIC        SS_MAP
  X:FF94H         PUBLIC        PWM1_MAP
  X:FF98H         PUBLIC        PWM2_MAP
  X:FE88H         PUBLIC        S2CON
BL51 BANKED LINKER/LOCATER V6.22                                                      12/22/2020  16:47:18  PAGE 14


  X:FE80H         PUBLIC        TCON1
  D:009EH         PUBLIC        SCON2
  X:FF9CH         PUBLIC        PWM3_MAP
  C:235DH         PUBLIC        wait1
  D:00DAH         PUBLIC        PWM0C
  C:2418H         PUBLIC        wait2
  X:FF8FH         PUBLIC        CLKO_MAP
  X:FEBCH         PUBLIC        INT01_PINS
  D:00CCH         PUBLIC        T4CON
  X:FE92H         PUBLIC        FREQ_CLK
  X:00CFH         PUBLIC        wifi_join_cnt
  D:00DDH         PUBLIC        PWM3C
  D:00DFH         PUBLIC        PWM3D
  I:007FH         PUBLIC        light1scount
  X:00D0H         PUBLIC        light_status_xxx
  X:00D1H         PUBLIC        light_ad0
  X:FEB0H         PUBLIC        PITS0
  X:FF05H         PUBLIC        P0LPU
  X:FEB1H         PUBLIC        PITS1
  X:FEB2H         PUBLIC        PITS2
  X:FEB3H         PUBLIC        PITS3
  X:00D2H         PUBLIC        SUM
  C:2AB9H         PUBLIC        _Flash_ReadArr
  X:00D6H         PUBLIC        LIGHT_TH
  C:1658H         PUBLIC        set_var
  X:FFA7H         PUBLIC        MISO_MAP
  X:FFA6H         PUBLIC        MOSI_MAP
  D:00DEH         PUBLIC        PWM3P
  X:00D7H         PUBLIC        LIGHT
  C:2DB0H         PUBLIC        Timer_Init
  X:FF40H         PUBLIC        P00DBC
  D:00D0H         PUBLIC        PSW
  X:FF41H         PUBLIC        P01DBC
  C:206AH         PUBLIC        savevar
  X:00D9H         PUBLIC        RXnum
  X:FF42H         PUBLIC        P02DBC
  X:FF00H         PUBLIC        P0M0
  C:17C7H         SYMBOL        Com00CA
  C:17C7H         SYMBOL        L?0203
  C:17D5H         SYMBOL        L?0204
  C:17DCH         SYMBOL        L?0207
  C:17DCH         SYMBOL        L?0208
  C:17FCH         SYMBOL        L?0209
  C:1803H         SYMBOL        L?0210
  C:180AH         SYMBOL        L?0211
  C:181FH         SYMBOL        L?0212
  C:1825H         SYMBOL        L?0213
  C:1825H         SYMBOL        L?0214
  C:1828H         SYMBOL        L?0215
  C:182BH         SYMBOL        L?0216
  C:1831H         SYMBOL        L?0217
  C:183EH         SYMBOL        L?0218
  C:1849H         SYMBOL        L?0219
  C:1853H         SYMBOL        L?0220
  C:1859H         SYMBOL        L?0221
  C:1859H         SYMBOL        L?0222
  C:185AH         SYMBOL        L?0223
BL51 BANKED LINKER/LOCATER V6.22                                                      12/22/2020  16:47:18  PAGE 15


  C:1860H         SYMBOL        L?0224
  C:1860H         SYMBOL        L?0225
  C:1863H         SYMBOL        L?0226
  C:186CH         SYMBOL        L?0227
  C:186CH         SYMBOL        L?0228
  C:187AH         SYMBOL        L?0229
  C:1880H         SYMBOL        L?0230
  C:1886H         SYMBOL        L?0231
  C:189BH         SYMBOL        L?0232
  C:189BH         SYMBOL        L?0233
  C:18A2H         SYMBOL        L?0234
  C:18A2H         SYMBOL        L?0235
  C:18A8H         SYMBOL        L?0236
  C:18A8H         SYMBOL        L?0237
  C:18AEH         SYMBOL        L?0238
  C:18B4H         SYMBOL        L?0239
  C:18BAH         SYMBOL        L?0240
  C:18BBH         SYMBOL        L?0241
  C:18C2H         SYMBOL        L?0242
  C:18D0H         SYMBOL        L?0243
  C:18D0H         SYMBOL        L?0244
  C:18D9H         SYMBOL        L?0245
  C:18E7H         SYMBOL        L?0246
  C:18E8H         SYMBOL        L?0247
  C:18EEH         SYMBOL        L?0249
  C:18EEH         SYMBOL        L?0250
  C:18F4H         SYMBOL        L?0251
  C:18FEH         SYMBOL        L?0252
  C:1907H         SYMBOL        L?0253
  C:1907H         SYMBOL        L?0254
  C:190DH         SYMBOL        L?0255
  -------         PROC          COM00CA
  -------         ENDPROC       COM00CA
  -------         PROC          _FLASH_READARR
  D:0023H         SYMBOL        fui_Address
  D:0005H         SYMBOL        fuc_Length
  D:0025H         SYMBOL        fucp_SaveArr
  C:2AB9H         LINE#         111
  C:2AC3H         LINE#         112
  C:2AC3H         LINE#         113
  C:2AC9H         LINE#         114
  C:2AEAH         LINE#         115
  -------         ENDPROC       _FLASH_READARR
  -------         PROC          _DELAY_MS
  D:0082H         SYMBOL        t
  C:2C02H         LINE#         117
  C:2C06H         LINE#         118
  C:2C06H         LINE#         119
  C:2C0FH         LINE#         120
  C:2C24H         LINE#         121
  C:2C24H         LINE#         122
  C:2C27H         LINE#         123
  C:2C29H         LINE#         124
  -------         ENDPROC       _DELAY_MS
  C:2DEEH         SYMBOL        L?0206
  -------         PROC          L?0205
  -------         ENDPROC       L?0205
BL51 BANKED LINKER/LOCATER V6.22                                                      12/22/2020  16:47:18  PAGE 16


  C:2DEEH         SYMBOL        L?0206
  -------         PROC          _DELAY_US
  D:0006H         SYMBOL        q1
  -------         DO            
  D:0004H         SYMBOL        j
  -------         ENDDO         
  C:2DF5H         LINE#         126
  C:2DF5H         LINE#         127
  C:2DF5H         LINE#         129
  C:2DFFH         LINE#         130
  C:2DFFH         LINE#         132
  C:2E06H         LINE#         133
  -------         ENDPROC       _DELAY_US
  -------         PROC          INITSYS
  C:0003H         LINE#         141
  C:0003H         LINE#         142
  C:0003H         LINE#         145
  C:0006H         LINE#         146
  C:000CH         LINE#         147
  C:0010H         LINE#         155
  C:0013H         LINE#         156
  C:0019H         LINE#         158
  -------         ENDPROC       INITSYS
  -------         PROC          TIMER_INIT
  C:2DB0H         LINE#         166
  C:2DB0H         LINE#         167
  C:2DB0H         LINE#         169
  C:2DB5H         LINE#         170
  C:2DB8H         LINE#         182
  C:2DBBH         LINE#         183
  C:2DBEH         LINE#         184
  C:2DC1H         LINE#         185
  C:2DC4H         LINE#         187
  C:2DC7H         LINE#         188
  C:2DCAH         LINE#         190
  C:2DCDH         LINE#         191
  -------         ENDPROC       TIMER_INIT
  -------         PROC          UART1_INIT
  C:2AEBH         LINE#         199
  C:2AEBH         LINE#         200
  C:2AEBH         LINE#         202
  C:2AF4H         LINE#         203
  C:2AFDH         LINE#         204
  C:2AFFH         LINE#         205
  C:2B05H         LINE#         206
  C:2B09H         LINE#         207
  C:2B0CH         LINE#         223
  C:2B0FH         LINE#         224
  C:2B12H         LINE#         225
  C:2B15H         LINE#         226
  C:2B18H         LINE#         227
  C:2B1BH         LINE#         229
  -------         ENDPROC       UART1_INIT
  -------         PROC          ADC_INIT
  C:2E21H         LINE#         237
  C:2E21H         LINE#         238
  C:2E21H         LINE#         240
BL51 BANKED LINKER/LOCATER V6.22                                                      12/22/2020  16:47:18  PAGE 17


  C:2E24H         LINE#         241
  C:2E27H         LINE#         242
  C:2E2EH         LINE#         245
  C:2E31H         LINE#         256
  C:2E37H         LINE#         257
  -------         ENDPROC       ADC_INIT
  -------         PROC          GPIO_INIT
  C:2BD8H         LINE#         265
  C:2BD8H         LINE#         266
  C:2BD8H         LINE#         339
  C:2BDEH         LINE#         340
  C:2BE6H         LINE#         341
  C:2BE9H         LINE#         342
  C:2BEFH         LINE#         343
  C:2BF2H         LINE#         344
  C:2BFBH         LINE#         345
  C:2C01H         LINE#         348
  -------         ENDPROC       GPIO_INIT
  -------         PROC          _SEND_DATA
  D:0007H         SYMBOL        d
  C:2EA3H         LINE#         350
  C:2EA3H         LINE#         351
  C:2EA3H         LINE#         352
  C:2EA5H         LINE#         353
  C:2EAAH         LINE#         355
  C:2EADH         LINE#         356
  -------         ENDPROC       _SEND_DATA
  -------         PROC          _READ_AD
  D:0007H         SYMBOL        ch
  -------         DO            
  D:0001H         SYMBOL        i
  D:0002H         SYMBOL        ad_sum
  -------         ENDDO         
  C:2804H         LINE#         359
  C:2804H         LINE#         360
  C:2804H         LINE#         364
  C:2806H         LINE#         365
  C:2809H         LINE#         366
  C:280EH         LINE#         368
  C:2811H         LINE#         370
  C:2814H         LINE#         372
  C:2817H         LINE#         374
  C:2818H         LINE#         375
  C:2818H         LINE#         376
  C:281BH         LINE#         377
  C:2820H         LINE#         379
  C:2823H         LINE#         380
  C:282BH         LINE#         382
  C:2832H         LINE#         383
  C:2836H         LINE#         386
  C:2839H         LINE#         397
  C:283BH         LINE#         399
  C:2841H         LINE#         400
  C:2843H         LINE#         401
  -------         ENDPROC       _READ_AD
  -------         PROC          SET_VAR
  C:1658H         LINE#         403
BL51 BANKED LINKER/LOCATER V6.22                                                      12/22/2020  16:47:18  PAGE 18


  C:1658H         LINE#         404
  C:1658H         LINE#         406
  C:1667H         LINE#         408
  C:1673H         LINE#         409
  C:167EH         LINE#         410
  C:1693H         LINE#         411
  C:16A3H         LINE#         412
  C:16BBH         LINE#         413
  C:16C5H         LINE#         415
  C:16CDH         LINE#         417
  C:16CFH         LINE#         418
  C:16D1H         LINE#         419
  C:16D8H         LINE#         420
  C:16DBH         LINE#         422
  C:16E8H         LINE#         423
  C:16F1H         LINE#         424
  C:16FFH         LINE#         425
  C:1713H         LINE#         426
  C:171CH         LINE#         429
  C:1724H         LINE#         431
  C:1728H         LINE#         433
  C:1730H         LINE#         434
  C:1738H         LINE#         435
  C:173EH         LINE#         437
  C:1749H         LINE#         439
  C:1752H         LINE#         441
  C:175AH         LINE#         443
  C:1764H         LINE#         445
  C:176CH         LINE#         447
  C:177BH         LINE#         448
  C:1783H         LINE#         449
  C:178BH         LINE#         450
  C:1792H         LINE#         451
  C:1799H         LINE#         453
  C:179FH         LINE#         455
  C:17A8H         LINE#         456
  C:17ABH         LINE#         458
  C:17B1H         LINE#         459
  C:17B1H         LINE#         460
  C:17B4H         LINE#         461
  C:17B4H         LINE#         462
  C:17BCH         LINE#         463
  C:17BCH         LINE#         464
  C:17C3H         LINE#         465
  C:17C6H         LINE#         466
  C:17C6H         LINE#         467
  -------         ENDPROC       SET_VAR
  -------         PROC          XBRHANDLE
  -------         DO            
  D:0023H         SYMBOL        k
  -------         ENDDO         
  C:093CH         LINE#         469
  C:093CH         LINE#         470
  C:093CH         LINE#         473
  C:0943H         LINE#         474
  C:0943H         LINE#         486
  C:0946H         LINE#         487
BL51 BANKED LINKER/LOCATER V6.22                                                      12/22/2020  16:47:18  PAGE 19


  C:094BH         LINE#         489
  C:094EH         LINE#         490
  C:0954H         LINE#         492
  C:095AH         LINE#         494
  C:0964H         LINE#         497
  C:0974H         LINE#         498
  C:0974H         LINE#         499
  C:097FH         LINE#         500
  C:0981H         LINE#         502
  C:0981H         LINE#         503
  C:098CH         LINE#         504
  C:098CH         LINE#         505
  C:09A2H         LINE#         507
  C:09AEH         LINE#         508
  C:09AEH         LINE#         509
  C:09B3H         LINE#         510
  C:09B3H         LINE#         514
  C:09BBH         LINE#         515
  C:09BBH         LINE#         516
  C:09BFH         LINE#         517
  C:09C5H         LINE#         518
  C:09C5H         LINE#         519
  C:09C8H         LINE#         520
  C:09C8H         LINE#         521
  C:09C8H         LINE#         522
  C:09C8H         LINE#         523
  C:09CAH         LINE#         524
  C:09D6H         LINE#         525
  C:09D6H         LINE#         526
  C:09E4H         LINE#         527
  C:09E4H         LINE#         528
  C:09E9H         LINE#         529
  C:09EDH         LINE#         530
  C:09F5H         LINE#         531
  C:09F8H         LINE#         532
  C:09F8H         LINE#         533
  C:0A00H         LINE#         534
  C:0A00H         LINE#         535
  C:0A00H         LINE#         537
  C:0A0CH         LINE#         538
  C:0A0CH         LINE#         540
  C:0A0FH         LINE#         542
  C:0A13H         LINE#         544
  C:0A18H         LINE#         546
  C:0A27H         LINE#         548
  C:0A30H         LINE#         549
  C:0A30H         LINE#         550
  C:0A31H         LINE#         552
  C:0A3FH         LINE#         554
  C:0A4BH         LINE#         555
  C:0A56H         LINE#         556
  C:0A60H         LINE#         557
  C:0A60H         LINE#         559
  C:0A69H         LINE#         560
  C:0A69H         LINE#         561
  C:0A6CH         LINE#         562
  C:0A6EH         LINE#         564
BL51 BANKED LINKER/LOCATER V6.22                                                      12/22/2020  16:47:18  PAGE 20


  C:0A6EH         LINE#         565
  C:0A78H         LINE#         566
  C:0A78H         LINE#         569
  C:0A78H         LINE#         580
  C:0A99H         LINE#         581
  C:0AA1H         LINE#         583
  C:0AA9H         LINE#         585
  C:0AAEH         LINE#         586
  C:0AAEH         LINE#         587
  C:0AAEH         LINE#         589
  C:0ABBH         LINE#         590
  C:0ABBH         LINE#         591
  C:0ACEH         LINE#         592
  C:0AE7H         LINE#         593
  C:0AF1H         LINE#         594
  C:0AF1H         LINE#         596
  C:0AF7H         LINE#         597
  C:0AF7H         LINE#         598
  C:0B03H         LINE#         599
  C:0B0DH         LINE#         601
  C:0B0DH         LINE#         603
  C:0B35H         LINE#         604
  C:0B35H         LINE#         605
  C:0B3BH         LINE#         606
  C:0B47H         LINE#         607
  C:0B60H         LINE#         608
  C:0B6EH         LINE#         609
  C:0B76H         LINE#         610
  C:0B80H         LINE#         611
  C:0B90H         LINE#         612
  C:0B9AH         LINE#         614
  C:0BA5H         LINE#         615
  C:0BA5H         LINE#         616
  C:0BB4H         LINE#         617
  C:0BC4H         LINE#         618
  C:0BCCH         LINE#         619
  C:0BDEH         LINE#         620
  C:0BE3H         LINE#         625
  C:0BE3H         LINE#         626
  C:0BE9H         LINE#         627
  C:0BE9H         LINE#         629
  C:0BFCH         LINE#         630
  C:0BFCH         LINE#         631
  C:0C07H         LINE#         632
  C:0C07H         LINE#         633
  C:0C10H         LINE#         634
  C:0C15H         LINE#         635
  C:0C20H         LINE#         636
  C:0C20H         LINE#         637
  C:0C20H         LINE#         638
  C:0C2CH         LINE#         639
  C:0C2CH         LINE#         640
  C:0C2CH         LINE#         641
  C:0C2CH         LINE#         642
  C:0C2CH         LINE#         643
  C:0C2FH         LINE#         645
  C:0C37H         LINE#         646
BL51 BANKED LINKER/LOCATER V6.22                                                      12/22/2020  16:47:18  PAGE 21


  C:0C37H         LINE#         654
  C:0C42H         LINE#         655
  C:0C42H         LINE#         656
  C:0C4EH         LINE#         658
  C:0C6EH         LINE#         660
  C:0C6EH         LINE#         661
  C:0C76H         LINE#         662
  C:0C76H         LINE#         663
  C:0C76H         LINE#         664
  C:0C76H         LINE#         665
  C:0C78H         LINE#         667
  C:0C78H         LINE#         668
  C:0C88H         LINE#         669
  C:0C90H         LINE#         670
  C:0CA3H         LINE#         671
  C:0CA8H         LINE#         673
  C:0CABH         LINE#         674
  C:0CB0H         LINE#         675
  C:0CB0H         LINE#         676
  C:0CB0H         LINE#         677
  C:0CBCH         LINE#         678
  C:0CBCH         LINE#         679
  C:0CBCH         LINE#         680
  C:0CBCH         LINE#         681
  C:0CBCH         LINE#         688
  C:0CC1H         LINE#         689
  C:0CC1H         LINE#         690
  C:0CC2H         LINE#         691
  C:0CC2H         LINE#         692
  C:0CC2H         LINE#         693
  C:0CC2H         LINE#         694
  C:0CC4H         LINE#         696
  C:0CC4H         LINE#         697
  C:0CC9H         LINE#         698
  C:0CD3H         LINE#         699
  C:0CD3H         LINE#         701
  C:0CDCH         LINE#         702
  C:0CDCH         LINE#         703
  C:0CDFH         LINE#         704
  C:0D09H         LINE#         705
  C:0D0FH         LINE#         706
  C:0D12H         LINE#         708
  C:0D12H         LINE#         710
  C:0D17H         LINE#         711
  C:0D17H         LINE#         712
  C:0D1EH         LINE#         714
  C:0D23H         LINE#         715
  C:0D23H         LINE#         723
  C:0D33H         LINE#         724
  C:0D33H         LINE#         725
  C:0D3DH         LINE#         726
  C:0D3FH         LINE#         728
  C:0D3FH         LINE#         729
  C:0D48H         LINE#         730
  C:0D58H         LINE#         731
  C:0D58H         LINE#         732
  C:0D6EH         LINE#         733
BL51 BANKED LINKER/LOCATER V6.22                                                      12/22/2020  16:47:18  PAGE 22


  C:0D6EH         LINE#         735
  C:0D6EH         LINE#         736
  C:0D6EH         LINE#         738
  C:0D6EH         LINE#         744
  C:0D6EH         LINE#         745
  C:0D6EH         LINE#         747
  C:0D7FH         LINE#         748
  C:0D7FH         LINE#         753
  C:0D91H         LINE#         754
  C:0D91H         LINE#         762
  C:0D91H         LINE#         763
  C:0D9BH         LINE#         764
  C:0DA4H         LINE#         765
  C:0DACH         LINE#         766
  C:0DAFH         LINE#         785
  C:0DB5H         LINE#         787
  C:0DBBH         LINE#         789
  C:0DC1H         LINE#         790
  C:0DC8H         LINE#         791
  C:0DCDH         LINE#         792
  C:0DD2H         LINE#         794
  C:0DD2H         LINE#         795
  C:0DD2H         LINE#         796
  C:0DD2H         LINE#         797
  C:0DD2H         LINE#         807
  C:0DDCH         LINE#         808
  C:0DE6H         LINE#         810
  C:0DF6H         LINE#         811
  C:0DF6H         LINE#         822
  C:0E05H         LINE#         823
  C:0E05H         LINE#         824
  C:0E0CH         LINE#         825
  C:0E0FH         LINE#         826
  C:0E12H         LINE#         827
  C:0E15H         LINE#         830
  C:0E15H         LINE#         831
  C:0E15H         LINE#         832
  C:0E15H         LINE#         833
  C:0E16H         LINE#         835
  C:0E16H         LINE#         836
  C:0E1EH         LINE#         837
  C:0E21H         LINE#         847
  C:0E27H         LINE#         848
  C:0E2BH         LINE#         852
  C:0E31H         LINE#         858
  C:0E3BH         LINE#         859
  C:0E3BH         LINE#         860
  C:0E3BH         LINE#         862
  C:0E3BH         LINE#         864
  C:0E3BH         LINE#         866
  C:0E3BH         LINE#         867
  C:0E45H         LINE#         871
  C:0E45H         LINE#         872
  -------         ENDPROC       XBRHANDLE
  -------         PROC          WAIT1
  -------         DO            
  D:0023H         SYMBOL        i
BL51 BANKED LINKER/LOCATER V6.22                                                      12/22/2020  16:47:18  PAGE 23


  D:0024H         SYMBOL        j
  -------         ENDDO         
  C:235DH         LINE#         874
  C:235DH         LINE#         875
  C:235DH         LINE#         879
  C:2360H         LINE#         880
  C:2360H         LINE#         881
  C:2360H         LINE#         882
  C:236AH         LINE#         900
  C:236DH         LINE#         901
  C:236DH         LINE#         903
  C:2370H         LINE#         904
  C:2375H         LINE#         906
  C:2378H         LINE#         909
  C:2382H         LINE#         910
  C:2389H         LINE#         929
  C:2390H         LINE#         933
  C:239DH         LINE#         934
  C:23B0H         LINE#         935
  C:23B0H         LINE#         937
  C:23B2H         LINE#         939
  C:23B9H         LINE#         940
  C:23BAH         LINE#         942
  -------         ENDPROC       WAIT1
  -------         PROC          WAIT2
  -------         DO            
  D:0023H         SYMBOL        i
  D:0024H         SYMBOL        k
  D:0026H         SYMBOL        t
  -------         ENDDO         
  C:2418H         LINE#         943
  C:2418H         LINE#         944
  C:2418H         LINE#         949
  C:2422H         LINE#         951
  C:2425H         LINE#         952
  C:2425H         LINE#         953
  C:242AH         LINE#         954
  C:242AH         LINE#         965
  C:242DH         LINE#         966
  C:2432H         LINE#         968
  C:2435H         LINE#         969
  C:243BH         LINE#         971
  C:2445H         LINE#         972
  C:2455H         LINE#         973
  C:2458H         LINE#         974
  C:245FH         LINE#         976
  C:2472H         LINE#         982
  -------         ENDPROC       WAIT2
  -------         PROC          _PWM0INIT
  D:0007H         SYMBOL        ab
  -------         DO            
  D:003FH         SYMBOL        i11
  D:0004H         SYMBOL        j11
  -------         ENDDO         
  C:257CH         LINE#         983
  C:257CH         LINE#         984
  C:257CH         LINE#         988
BL51 BANKED LINKER/LOCATER V6.22                                                      12/22/2020  16:47:18  PAGE 24


  C:257FH         LINE#         989
  C:257FH         LINE#         990
  C:2582H         LINE#         991
  C:2584H         LINE#         993
  C:2584H         LINE#         994
  C:25A3H         LINE#         995
  C:25B2H         LINE#         996
  C:25B2H         LINE#         999
  C:25B8H         LINE#         1010
  C:25BBH         LINE#         1021
  C:25BEH         LINE#         1022
  C:25C1H         LINE#         1029
  C:25C3H         LINE#         1030
  C:25C5H         LINE#         1032
  C:25C8H         LINE#         1033
  C:25CAH         LINE#         1034
  -------         ENDPROC       _PWM0INIT
  -------         PROC          _PWM3INIT_XXX
  D:0007H         SYMBOL        ab
  -------         DO            
  D:003FH         SYMBOL        i11
  D:0006H         SYMBOL        j11
  -------         ENDDO         
  C:29B1H         LINE#         1035
  C:29B1H         LINE#         1036
  C:29B1H         LINE#         1040
  C:29B4H         LINE#         1041
  C:29B4H         LINE#         1042
  C:29B6H         LINE#         1043
  C:29B8H         LINE#         1045
  C:29B8H         LINE#         1046
  C:29C9H         LINE#         1047
  C:29D6H         LINE#         1048
  C:29D6H         LINE#         1068
  C:29DCH         LINE#         1081
  C:29DFH         LINE#         1088
  C:29E1H         LINE#         1089
  C:29E4H         LINE#         1091
  C:29E6H         LINE#         1092
  -------         ENDPROC       _PWM3INIT_XXX
  -------         PROC          _PWM3INIT
  D:003DH         SYMBOL        ab
  -------         DO            
  D:003EH         SYMBOL        aa
  D:0007H         SYMBOL        bb
  -------         ENDDO         
  C:22FDH         LINE#         1093
  C:22FFH         LINE#         1094
  C:22FFH         LINE#         1098
  C:2305H         LINE#         1099
  C:2305H         LINE#         1100
  C:2308H         LINE#         1101
  C:2308H         LINE#         1103
  C:2308H         LINE#         1104
  C:230CH         LINE#         1105
  C:230CH         LINE#         1107
  C:2310H         LINE#         1108
BL51 BANKED LINKER/LOCATER V6.22                                                      12/22/2020  16:47:18  PAGE 25


  C:2310H         LINE#         1109
  C:2314H         LINE#         1110
  C:2314H         LINE#         1111
  C:2316H         LINE#         1112
  C:231BH         LINE#         1113
  C:231BH         LINE#         1114
  C:2320H         LINE#         1115
  C:2325H         LINE#         1116
  C:2327H         LINE#         1118
  C:2327H         LINE#         1119
  C:232DH         LINE#         1120
  C:2332H         LINE#         1121
  C:2332H         LINE#         1123
  C:234CH         LINE#         1125
  C:2352H         LINE#         1126
  C:2355H         LINE#         1127
  C:235AH         LINE#         1129
  C:235CH         LINE#         1130
  -------         ENDPROC       _PWM3INIT
  C:14BDH         SYMBOL        L?0248
  -------         PROC          MAIN
  -------         DO            
  D:0022H         SYMBOL        i
  -------         ENDDO         
  C:12B5H         LINE#         1138
  C:12B5H         LINE#         1139
  C:12B5H         LINE#         1141
  C:12B8H         LINE#         1142
  C:12BBH         LINE#         1143
  C:12BEH         LINE#         1147
  C:12C1H         LINE#         1148
  C:12C4H         LINE#         1149
  C:12C7H         LINE#         1151
  C:12CAH         LINE#         1155
  C:12D0H         LINE#         1156
  C:12D3H         LINE#         1158
  C:12D5H         LINE#         1160
  C:12DCH         LINE#         1168
  C:12DCH         LINE#         1179
  C:12E0H         LINE#         1181
  C:12E2H         LINE#         1182
  C:12E5H         LINE#         1184
  C:12EAH         LINE#         1186
  C:12ECH         LINE#         1188
  C:12EFH         LINE#         1190
  C:12F8H         LINE#         1192
  C:12FBH         LINE#         1195
  C:1302H         LINE#         1197
  C:1305H         LINE#         1199
  C:130FH         LINE#         1200
  C:130FH         LINE#         1201
  C:130FH         LINE#         1202
  C:1318H         LINE#         1203
  C:1318H         LINE#         1204
  C:131AH         LINE#         1205
  C:131DH         LINE#         1206
  C:131DH         LINE#         1208
BL51 BANKED LINKER/LOCATER V6.22                                                      12/22/2020  16:47:18  PAGE 26


  C:1322H         LINE#         1209
  C:1322H         LINE#         1210
  C:1324H         LINE#         1211
  C:1327H         LINE#         1212
  C:1329H         LINE#         1213
  C:132CH         LINE#         1214
  C:1332H         LINE#         1215
  C:1341H         LINE#         1216
  C:1341H         LINE#         1217
  C:1345H         LINE#         1218
  C:1345H         LINE#         1219
  C:1345H         LINE#         1221
  C:1352H         LINE#         1222
  C:1352H         LINE#         1223
  C:1357H         LINE#         1224
  C:135FH         LINE#         1225
  C:135FH         LINE#         1227
  C:136CH         LINE#         1228
  C:136CH         LINE#         1229
  C:1371H         LINE#         1230
  C:1379H         LINE#         1231
  C:1379H         LINE#         1233
  C:1381H         LINE#         1234
  C:1381H         LINE#         1235
  C:1388H         LINE#         1236
  C:1388H         LINE#         1237
  C:138DH         LINE#         1238
  C:1391H         LINE#         1239
  C:13A5H         LINE#         1240
  C:13A5H         LINE#         1241
  C:13B3H         LINE#         1242
  C:13C2H         LINE#         1243
  C:13C2H         LINE#         1244
  C:13C2H         LINE#         1245
  C:13C2H         LINE#         1247
  C:13C5H         LINE#         1249
  C:13C9H         LINE#         1250
  C:13C9H         LINE#         1251
  C:13D1H         LINE#         1252
  C:13D4H         LINE#         1253
  C:13D4H         LINE#         1255
  C:13DFH         LINE#         1256
  C:13DFH         LINE#         1257
  C:13E3H         LINE#         1258
  C:13E3H         LINE#         1259
  C:13E5H         LINE#         1261
  C:13E8H         LINE#         1262
  C:13EBH         LINE#         1264
  C:13F5H         LINE#         1265
  C:13F5H         LINE#         1266
  C:13F5H         LINE#         1268
  C:13F5H         LINE#         1270
  C:13F5H         LINE#         1272
  C:13F5H         LINE#         1273
  C:13FFH         LINE#         1274
  C:13FFH         LINE#         1276
  C:1402H         LINE#         1278
BL51 BANKED LINKER/LOCATER V6.22                                                      12/22/2020  16:47:18  PAGE 27


  C:1411H         LINE#         1279
  C:1411H         LINE#         1280
  C:1418H         LINE#         1281
  C:1418H         LINE#         1282
  C:141AH         LINE#         1283
  C:1420H         LINE#         1284
  C:1433H         LINE#         1285
  C:1433H         LINE#         1286
  C:1437H         LINE#         1287
  C:143FH         LINE#         1288
  C:143FH         LINE#         1290
  C:143FH         LINE#         1292
  C:143FH         LINE#         1293
  C:1444H         LINE#         1294
  C:1444H         LINE#         1295
  C:1444H         LINE#         1296
  C:1444H         LINE#         1297
  C:1444H         LINE#         1298
  C:1449H         LINE#         1299
  C:1449H         LINE#         1300
  C:1452H         LINE#         1301
  C:1452H         LINE#         1302
  C:1455H         LINE#         1303
  C:1458H         LINE#         1310
  C:1458H         LINE#         1311
  C:1458H         LINE#         1314
  C:1462H         LINE#         1315
  C:1462H         LINE#         1316
  C:146DH         LINE#         1317
  C:146DH         LINE#         1318
  C:146FH         LINE#         1319
  C:1477H         LINE#         1321
  C:1484H         LINE#         1322
  C:1484H         LINE#         1325
  C:1488H         LINE#         1326
  C:1488H         LINE#         1327
  C:1488H         LINE#         1328
  C:1488H         LINE#         1330
  C:1488H         LINE#         1331
  C:148BH         LINE#         1332
  C:1491H         LINE#         1333
  C:1491H         LINE#         1334
  C:1495H         LINE#         1335
  C:1498H         LINE#         1337
  C:1498H         LINE#         1338
  C:14A0H         LINE#         1340
  C:14A3H         LINE#         1342
  C:14A6H         LINE#         1345
  C:14B0H         LINE#         1346
  C:14B0H         LINE#         1347
  C:14B0H         LINE#         1349
  C:14B0H         LINE#         1351
  C:14B0H         LINE#         1353
  C:14B0H         LINE#         1354
  C:14BAH         LINE#         1355
  C:14BAH         LINE#         1356
  C:14BAH         LINE#         1357
BL51 BANKED LINKER/LOCATER V6.22                                                      12/22/2020  16:47:18  PAGE 28


  C:14BDH         LINE#         1358
  -------         ENDPROC       MAIN
  -------         PROC          TIMER1_RPT
  C:1E4DH         LINE#         1366
  C:1E6AH         LINE#         1369
  C:1E86H         LINE#         1371
  C:1E8CH         LINE#         1372
  C:1EA3H         LINE#         1373
  C:1EA3H         LINE#         1374
  C:1EAAH         LINE#         1375
  C:1EAFH         LINE#         1376
  C:1EAFH         LINE#         1377
  C:1EB7H         LINE#         1378
  C:1EC3H         LINE#         1379
  C:1EC3H         LINE#         1381
  C:1EC8H         LINE#         1382
  C:1ECFH         LINE#         1383
  C:1ECFH         LINE#         1384
  C:1ED5H         LINE#         1385
  C:1EE4H         LINE#         1386
  C:1EE4H         LINE#         1387
  C:1EE8H         LINE#         1388
  C:1EEDH         LINE#         1389
  C:1EEDH         LINE#         1390
  -------         ENDPROC       TIMER1_RPT
  -------         PROC          UART1_RPT
  -------         DO            
  D:0007H         SYMBOL        i
  -------         ENDDO         
  C:26F3H         LINE#         1399
  C:2710H         LINE#         1404
  C:2715H         LINE#         1405
  C:2715H         LINE#         1406
  C:2717H         LINE#         1407
  C:271AH         LINE#         1408
  C:271DH         LINE#         1409
  C:271FH         LINE#         1410
  C:271FH         LINE#         1411
  -------         ENDPROC       UART1_RPT
  -------         PROC          _FLASH_ERASEBLOCK
  D:0006H         SYMBOL        fui_Address
  C:2CC4H         LINE#         1413
  C:2CC4H         LINE#         1414
  C:2CC4H         LINE#         1415
  C:2CC4H         LINE#         1416
  C:2CC4H         LINE#         1417
  C:2CC7H         LINE#         1418
  C:2CC9H         LINE#         1419
  C:2CCEH         LINE#         1420
  C:2CCEH         LINE#         1422
  C:2CD0H         LINE#         1423
  C:2CD2H         LINE#         1424
  C:2CD8H         LINE#         1425
  C:2CDCH         LINE#         1426
  C:2CE2H         LINE#         1427
  C:2CE8H         LINE#         1429
  -------         ENDPROC       _FLASH_ERASEBLOCK
BL51 BANKED LINKER/LOCATER V6.22                                                      12/22/2020  16:47:18  PAGE 29


  -------         PROC          _FLASH_WRITEDATA
  D:0007H         SYMBOL        fuc_SaveData
  D:0004H         SYMBOL        fui_Address
  C:2C2AH         LINE#         1439
  C:2C2AH         LINE#         1440
  C:2C2AH         LINE#         1441
  C:2C2AH         LINE#         1442
  C:2C2AH         LINE#         1443
  C:2C2DH         LINE#         1444
  C:2C2FH         LINE#         1445
  C:2C34H         LINE#         1446
  C:2C34H         LINE#         1448
  C:2C36H         LINE#         1449
  C:2C38H         LINE#         1450
  C:2C3AH         LINE#         1451
  C:2C40H         LINE#         1452
  C:2C44H         LINE#         1453
  C:2C4AH         LINE#         1454
  C:2C50H         LINE#         1456
  -------         ENDPROC       _FLASH_WRITEDATA
  -------         PROC          SAVEVAR
  -------         DO            
  D:0007H         SYMBOL        i
  -------         ENDDO         
  C:206AH         LINE#         1491
  C:206AH         LINE#         1492
  C:206AH         LINE#         1494
  C:206CH         LINE#         1495
  C:206FH         LINE#         1497
  C:207AH         LINE#         1498
  C:2081H         LINE#         1499
  C:2085H         LINE#         1501
  C:208BH         LINE#         1502
  C:2092H         LINE#         1503
  C:2095H         LINE#         1505
  C:2098H         LINE#         1506
  C:209AH         LINE#         1507
  C:209DH         LINE#         1509
  C:20A0H         LINE#         1510
  C:20A2H         LINE#         1511
  C:20A5H         LINE#         1512
  C:20A8H         LINE#         1513
  C:20AAH         LINE#         1514
  C:20ADH         LINE#         1516
  C:20B2H         LINE#         1517
  C:20B4H         LINE#         1518
  C:20B7H         LINE#         1520
  C:20BCH         LINE#         1521
  C:20BEH         LINE#         1522
  C:20C1H         LINE#         1524
  C:20C7H         LINE#         1525
  C:20C9H         LINE#         1526
  C:20CCH         LINE#         1528
  C:20D0H         LINE#         1529
  C:20D2H         LINE#         1530
  C:20D5H         LINE#         1532
  C:20DAH         LINE#         1533
BL51 BANKED LINKER/LOCATER V6.22                                                      12/22/2020  16:47:18  PAGE 30


  C:20DCH         LINE#         1534
  C:20DFH         LINE#         1536
  C:20E4H         LINE#         1537
  C:20E6H         LINE#         1538
  C:20E9H         LINE#         1540
  C:20EEH         LINE#         1541
  C:20F0H         LINE#         1542
  C:20F3H         LINE#         1546
  C:20F5H         LINE#         1547
  C:20FBH         LINE#         1548
  C:2104H         LINE#         1549
  C:2109H         LINE#         1551
  C:210BH         LINE#         1553
  -------         ENDPROC       SAVEVAR
  -------         ENDMOD        HC_MCU_XBR

  -------         MODULE        MCU_API
  C:0000H         SYMBOL        _ICE_DUMMY_
  C:2EDCH         PUBLIC        mcu_get_reset_wifi_flag
  C:2E38H         PUBLIC        _mcu_set_wifi_mode
  C:26AAH         PUBLIC        _mcu_dp_raw_update
  C:221FH         PUBLIC        _hex_to_bcd
  C:24CEH         PUBLIC        _uart_receive_input
  C:2EE2H         PUBLIC        mcu_get_wifimode_flag
  C:2E66H         PUBLIC        wifi_protocol_init
  C:2EE8H         PUBLIC        mcu_get_wifi_work_state
  C:14C8H         PUBLIC        wifi_uart_service
  C:25CBH         PUBLIC        _byte_to_int
  C:2A86H         PUBLIC        _int_to_byte
  C:2EAEH         PUBLIC        mcu_get_wifi_connect_status
  C:1C01H         PUBLIC        _my_memcpy
  C:2A52H         PUBLIC        _my_memset
  C:2ED4H         PUBLIC        _mcu_get_dp_download_value
  C:2E88H         PUBLIC        mcu_reset_wifi
  C:2660H         PUBLIC        _mcu_dp_string_update
  C:1D8AH         PUBLIC        _mcu_dp_fault_update
  C:277EH         PUBLIC        _my_strlen
  C:2198H         PUBLIC        _mcu_dp_value_update
  C:273AH         PUBLIC        _my_strcmp
  C:2EC2H         PUBLIC        _mcu_get_dp_download_bool
  C:2900H         PUBLIC        _my_strcpy
  C:2616H         PUBLIC        _mcu_dp_bool_update
  C:2ECBH         PUBLIC        _mcu_get_dp_download_enum
  C:2884H         PUBLIC        _mcu_dp_enum_update
  C:1FC0H         SYMBOL        Com006D
  C:1FC0H         SYMBOL        L?0110
  C:1FD9H         SYMBOL        L?0111
  C:1FDEH         SYMBOL        L?0112
  C:1FE5H         SYMBOL        L?0116
  C:1FF3H         SYMBOL        L?0118
  C:1FF3H         SYMBOL        L?0119
  C:1FF5H         SYMBOL        L?0120
  C:1FFDH         SYMBOL        L?0122
  C:2014H         SYMBOL        L?0123
  C:2014H         SYMBOL        L?0124
  C:201BH         SYMBOL        L?0125
  C:201BH         SYMBOL        L?0126
BL51 BANKED LINKER/LOCATER V6.22                                                      12/22/2020  16:47:18  PAGE 31


  C:2024H         SYMBOL        L?0128
  C:202FH         SYMBOL        L?0132
  C:203AH         SYMBOL        L?0133
  C:2044H         SYMBOL        L?0134
  C:204EH         SYMBOL        L?0135
  C:2057H         SYMBOL        L?0136
  C:2060H         SYMBOL        L?0137
  -------         PROC          COM006D
  -------         ENDPROC       COM006D
  -------         PROC          _HEX_TO_BCD
  D:0007H         SYMBOL        Value_H
  D:0005H         SYMBOL        Value_L
  -------         DO            
  D:0007H         SYMBOL        bcd_value
  -------         ENDDO         
  C:221FH         LINE#         26
  C:221FH         LINE#         27
  C:221FH         LINE#         30
  C:222BH         LINE#         31
  C:2231H         LINE#         32
  C:223DH         LINE#         33
  C:2243H         LINE#         34
  C:224FH         LINE#         35
  C:2253H         LINE#         37
  C:2256H         LINE#         39
  C:225AH         LINE#         40
  C:2266H         LINE#         41
  C:226CH         LINE#         42
  C:2278H         LINE#         43
  C:227AH         LINE#         44
  C:2286H         LINE#         45
  C:228AH         LINE#         47
  C:228FH         LINE#         49
  C:228FH         LINE#         50
  -------         ENDPROC       _HEX_TO_BCD
  -------         PROC          _MY_STRLEN
  D:003AH         SYMBOL        str
  -------         DO            
  D:003DH         SYMBOL        len
  -------         ENDDO         
  C:277EH         LINE#         57
  C:2784H         LINE#         58
  C:2784H         LINE#         59
  C:2787H         LINE#         60
  C:278CH         LINE#         61
  C:2791H         LINE#         62
  C:2791H         LINE#         64
  C:279EH         LINE#         65
  C:27B6H         LINE#         66
  C:27B8H         LINE#         68
  C:27C0H         LINE#         69
  -------         ENDPROC       _MY_STRLEN
  -------         PROC          _MY_MEMSET
  D:0008H         SYMBOL        src
  D:0005H         SYMBOL        ch
  D:000CH         SYMBOL        count
  -------         DO            
BL51 BANKED LINKER/LOCATER V6.22                                                      12/22/2020  16:47:18  PAGE 32


  D:000EH         SYMBOL        tmp
  -------         ENDDO         
  C:2A52H         LINE#         78
  C:2A58H         LINE#         79
  C:2A58H         LINE#         80
  C:2A5EH         LINE#         82
  C:2A63H         LINE#         83
  C:2A67H         LINE#         84
  C:2A67H         LINE#         86
  C:2A74H         LINE#         87
  C:2A7DH         LINE#         88
  C:2A7FH         LINE#         90
  C:2A85H         LINE#         91
  -------         ENDPROC       _MY_MEMSET
  -------         PROC          _MY_MEMCPY
  D:0041H         SYMBOL        dest
  D:0044H         SYMBOL        src
  D:0047H         SYMBOL        count
  -------         DO            
  D:0049H         SYMBOL        pdest
  D:004CH         SYMBOL        psrc
  D:004FH         SYMBOL        i
[...]
  C:1F7CH         LINE#         747
  C:1F7CH         LINE#         748
  C:1F7EH         LINE#         749
  C:1F7EH         LINE#         751
  C:1F84H         LINE#         752
  C:1F84H         LINE#         753
  C:1F86H         LINE#         754
  C:1F86H         LINE#         756
  C:1F8CH         LINE#         757
  C:1F8CH         LINE#         758
  C:1F8EH         LINE#         759
  C:1F8EH         LINE#         761
  C:1F94H         LINE#         762
  C:1F94H         LINE#         763
  C:1F96H         LINE#         764
  C:1F96H         LINE#         766
  C:1F9CH         LINE#         767
  C:1F9CH         LINE#         768
  C:1F9EH         LINE#         769
  C:1F9EH         LINE#         771
  C:1FA4H         LINE#         772
  C:1FA4H         LINE#         773
  C:1FA6H         LINE#         774
  C:1FA6H         LINE#         776
BL51 BANKED LINKER/LOCATER V6.22                                                      12/22/2020  16:47:18  PAGE 47


  C:1FACH         LINE#         777
  C:1FACH         LINE#         778
  C:1FAEH         LINE#         779
  C:1FAEH         LINE#         781
  C:1FB6H         LINE#         782
  C:1FB6H         LINE#         783
  C:1FB8H         LINE#         786
  C:1FB8H         LINE#         787
  C:1FBDH         LINE#         788
  C:1FBDH         LINE#         789
  C:1FBDH         LINE#         790
  C:1FBFH         LINE#         791
  -------         ENDPROC       _DP_DOWNLOAD_HANDLE
  -------         PROC          GET_DOWNLOAD_CMD_TOTAL
  C:2EEEH         LINE#         799
  C:2EEEH         LINE#         800
  C:2EEEH         LINE#         801
  C:2EF0H         LINE#         802
  -------         ENDPROC       GET_DOWNLOAD_CMD_TOTAL
  -------         PROC          _GET_WIFI_STATUS
  D:0007H         SYMBOL        result
  C:2E79H         LINE#         1069
  C:2E79H         LINE#         1070
  C:2E79H         LINE#         1073
  C:2E80H         LINE#         1074
  C:2E80H         LINE#         1076
  C:2E80H         LINE#         1078
  C:2E80H         LINE#         1080
  C:2E80H         LINE#         1082
  C:2E80H         LINE#         1084
  C:2E80H         LINE#         1086
  C:2E80H         LINE#         1088
  C:2E80H         LINE#         1090
  C:2E80H         LINE#         1093
  C:2E83H         LINE#         1094
  C:2E87H         LINE#         1095
  C:2E87H         LINE#         1097
  C:2E87H         LINE#         1099
  C:2E87H         LINE#         1101
  C:2E87H         LINE#         1103
  C:2E87H         LINE#         1105
  C:2E87H         LINE#         1106
  C:2E87H         LINE#         1107
  -------         ENDPROC       _GET_WIFI_STATUS
  -------         ENDMOD        PROTOCOL

  -------         MODULE        SYSTEM
  C:0000H         SYMBOL        _ICE_DUMMY_
  C:2D70H         SYMBOL        _get_dowmload_dpid_index
  D:0080H         PUBLIC        P0
  D:0090H         PUBLIC        P1
  D:00A0H         PUBLIC        P2
  C:2EB8H         SYMBOL        get_mcu_wifi_mode
  C:2D0CH         SYMBOL        heat_beat_check
  X:0000H         PUBLIC        set_wifimode_flag
  D:00A8H         PUBLIC        IE
  D:00F8H         PUBLIC        RSTFR
BL51 BANKED LINKER/LOCATER V6.22                                                      12/22/2020  16:47:18  PAGE 48


  C:2E96H         PUBLIC        _set_wifi_uart_byte
  C:2DCEH         PUBLIC        with_data_rxbuff
  X:0001H         PUBLIC        stop_update_flag
  C:2844H         PUBLIC        take_byte_rxbuff
  X:0002H         PUBLIC        wifi_data_process_buf
  D:0098H         PUBLIC        SCON
  D:0088H         PUBLIC        TCON
  X:0021H         PUBLIC        reset_wifi_flag
  X:0022H         PUBLIC        wifi_uart_rx_buf
  X:0039H         PUBLIC        wifi_uart_tx_buf
  D:00B8H         PUBLIC        IE1
  D:005AH         PUBLIC        rx_buf_in
  C:296DH         SYMBOL        _?ix1000
  D:005DH         PUBLIC        rx_buf_out
  C:2527H         PUBLIC        _wifi_uart_write_frame
  C:2C9EH         PUBLIC        _get_check_sum
  C:28C3H         SYMBOL        _wifi_uart_write_data
  X:0070H         PUBLIC        wifi_work_state
  C:2B7CH         PUBLIC        _set_wifi_uart_buffer
  C:1A41H         PUBLIC        _data_handle
  C:2473H         SYMBOL        _data_point_handle
  D:00D0H         PUBLIC        PSW
  C:1B36H         SYMBOL        product_info_update
  C:2CE9H         SYMBOL        Com003B
  C:2CE9H         SYMBOL        L?0060
  C:2CF7H         SYMBOL        L?0061
  C:2D02H         SYMBOL        L?0062
  -------         PROC          COM003B
  -------         ENDPROC       COM003B
  -------         PROC          _SET_WIFI_UART_BYTE
  D:0006H         SYMBOL        dest
  D:0005H         SYMBOL        byte
  -------         DO            
  D:0001H         SYMBOL        obj
  -------         ENDDO         
  C:2E96H         LINE#         32
  C:2E96H         LINE#         33
  C:2E96H         LINE#         34
  C:2E99H         LINE#         36
  C:2E9DH         LINE#         37
  C:2EA2H         LINE#         39
  C:2EA2H         LINE#         40
  -------         ENDPROC       _SET_WIFI_UART_BYTE
  -------         PROC          _SET_WIFI_UART_BUFFER
  D:003AH         SYMBOL        dest
  D:003CH         SYMBOL        src
  D:003FH         SYMBOL        len
  -------         DO            
  D:0001H         SYMBOL        obj
  -------         ENDDO         
  C:2B7CH         LINE#         49
  C:2B86H         LINE#         50
  C:2B86H         LINE#         51
  C:2B89H         LINE#         53
  C:2B9BH         LINE#         55
  C:2BA7H         LINE#         56
  C:2BAAH         LINE#         57
BL51 BANKED LINKER/LOCATER V6.22                                                      12/22/2020  16:47:18  PAGE 49


  -------         ENDPROC       _SET_WIFI_UART_BUFFER
  -------         PROC          _GET_CHECK_SUM
  D:0048H         SYMBOL        pack
  D:004BH         SYMBOL        pack_len
  -------         DO            
  D:0004H         SYMBOL        i
  D:0007H         SYMBOL        check_sum
  -------         ENDDO         
  C:2C9EH         LINE#         65
  C:2CA8H         LINE#         66
  C:2CA8H         LINE#         68
  C:2CAAH         LINE#         70
  C:2CB5H         LINE#         71
  C:2CBCH         LINE#         72
  C:2CC3H         LINE#         74
  C:2CC3H         LINE#         75
  -------         ENDPROC       _GET_CHECK_SUM
  -------         PROC          _WIFI_UART_WRITE_DATA
  D:0048H         SYMBOL        in
  D:004BH         SYMBOL        len
  C:28C3H         LINE#         83
  C:28CDH         LINE#         84
  C:28CDH         LINE#         85
  C:28D8H         LINE#         87
  C:28D8H         LINE#         89
  C:28E5H         LINE#         90
  C:28F2H         LINE#         91
  C:28FDH         LINE#         92
  C:28FFH         LINE#         93
  -------         ENDPROC       _WIFI_UART_WRITE_DATA
  -------         PROC          _WIFI_UART_WRITE_FRAME
  D:0007H         SYMBOL        fr_type
  D:0005H         SYMBOL        fr_ver
  D:0046H         SYMBOL        len
  -------         DO            
  D:0006H         SYMBOL        check_sum
  -------         ENDDO         
  C:2527H         LINE#         102
  C:252BH         LINE#         103
  C:252BH         LINE#         104
  C:252BH         LINE#         106
  C:2531H         LINE#         107
  C:2535H         LINE#         108
  C:2538H         LINE#         109
  C:253BH         LINE#         110
  C:253FH         LINE#         111
  C:2543H         LINE#         113
  C:254CH         LINE#         114
  C:2561H         LINE#         115
  C:256FH         LINE#         117
  -------         ENDPROC       _WIFI_UART_WRITE_FRAME
  -------         PROC          HEAT_BEAT_CHECK
  -------         DO            
  D:0007H         SYMBOL        length
  D:0059H         SYMBOL        mcu_reset_state
  -------         ENDDO         
  C:2D0CH         LINE#         125
BL51 BANKED LINKER/LOCATER V6.22                                                      12/22/2020  16:47:18  PAGE 50


  C:2D0CH         LINE#         126
  C:2D0CH         LINE#         127
  C:2D0EH         LINE#         130
  C:2D12H         LINE#         131
  C:2D17H         LINE#         132
  C:2D1AH         LINE#         133
  C:2D1CH         LINE#         134
  C:2D23H         LINE#         135
  C:2D23H         LINE#         137
  -------         ENDPROC       HEAT_BEAT_CHECK
  C:1BD1H         SYMBOL        L?0056
  C:1BE1H         SYMBOL        L?0057
  C:1BF1H         SYMBOL        L?0058
  -------         PROC          PRODUCT_INFO_UPDATE
  -------         DO            
  D:002FH         SYMBOL        length
  D:0030H         SYMBOL        str
  -------         ENDDO         
  C:1B36H         LINE#         145
  C:1B36H         LINE#         146
  C:1B36H         LINE#         147
  C:1B39H         LINE#         148
  C:1B4AH         LINE#         150
  C:1B5AH         LINE#         151
  C:1B6AH         LINE#         152
  C:1B7AH         LINE#         153
  C:1B8AH         LINE#         154
  C:1B9AH         LINE#         155
  C:1BAAH         LINE#         173
  C:1BC6H         LINE#         175
  C:1BD1H         LINE#         176
  -------         ENDPROC       PRODUCT_INFO_UPDATE
  -------         PROC          GET_MCU_WIFI_MODE
  -------         DO            
  D:0007H         SYMBOL        length
  -------         ENDDO         
  C:2EB8H         LINE#         183
  C:2EB8H         LINE#         184
  C:2EB8H         LINE#         185
  C:2EB9H         LINE#         194
  -------         ENDPROC       GET_MCU_WIFI_MODE
  -------         PROC          _GET_DOWMLOAD_DPID_INDEX
  D:0036H         SYMBOL        dpid
  -------         DO            
  D:0006H         SYMBOL        index
  D:0007H         SYMBOL        total
  -------         ENDDO         
  C:2D70H         LINE#         202
  C:2D72H         LINE#         203
  C:2D72H         LINE#         205
  C:2D75H         LINE#         207
  C:2D7CH         LINE#         208
  C:2D8BH         LINE#         209
  C:2D8BH         LINE#         210
  C:2D8BH         LINE#         211
  C:2D8EH         LINE#         213
  C:2D90H         LINE#         214
BL51 BANKED LINKER/LOCATER V6.22                                                      12/22/2020  16:47:18  PAGE 51


  -------         ENDPROC       _GET_DOWMLOAD_DPID_INDEX
  -------         PROC          _DATA_POINT_HANDLE
  D:002FH         SYMBOL        value
  -------         DO            
  D:0032H         SYMBOL        dp_id
  D:0007H         SYMBOL        index
  D:0033H         SYMBOL        dp_type
  D:0007H         SYMBOL        ret
  D:0034H         SYMBOL        dp_len
  -------         ENDDO         
  C:2473H         LINE#         221
  C:2479H         LINE#         222
  C:2479H         LINE#         228
  C:247EH         LINE#         229
  C:2486H         LINE#         230
  C:2491H         LINE#         231
  C:24A0H         LINE#         233
  C:24A5H         LINE#         235
  C:24B4H         LINE#         237
  C:24B7H         LINE#         238
  C:24B7H         LINE#         239
  C:24CDH         LINE#         240
  C:24CDH         LINE#         242
  C:24CDH         LINE#         243
  -------         ENDPROC       _DATA_POINT_HANDLE
  -------         PROC          _DATA_HANDLE
  D:0027H         SYMBOL        offset
  -------         DO            
  D:0029H         SYMBOL        dp_len
  D:0007H         SYMBOL        ret
  D:002BH         SYMBOL        i
  D:002DH         SYMBOL        total_len
  D:0007H         SYMBOL        cmd_type
  D:0007H         SYMBOL        result
  -------         ENDDO         
  C:1A41H         LINE#         389
  C:1A45H         LINE#         390
  C:1A45H         LINE#         404
  C:1A51H         LINE#         422
  C:1A73H         LINE#         423
  C:1A73H         LINE#         424
  C:1A73H         LINE#         425
  C:1A76H         LINE#         426
  C:1A76H         LINE#         428
  C:1A76H         LINE#         429
  C:1A79H         LINE#         430
  C:1A79H         LINE#         432
  C:1A79H         LINE#         433
  C:1A7CH         LINE#         434
  C:1A7CH         LINE#         437
  C:1A7CH         LINE#         438
  C:1A83H         LINE#         439
  C:1A8DH         LINE#         446
  C:1A8DH         LINE#         448
  C:1A8DH         LINE#         449
  C:1A90H         LINE#         450
  C:1A92H         LINE#         452
BL51 BANKED LINKER/LOCATER V6.22                                                      12/22/2020  16:47:18  PAGE 52


  C:1A92H         LINE#         453
  C:1A98H         LINE#         454
  C:1A99H         LINE#         457
  C:1A99H         LINE#         458
  C:1ABBH         LINE#         460
  C:1ACBH         LINE#         461
  C:1AE5H         LINE#         462
  C:1AF9H         LINE#         464
  C:1B10H         LINE#         466
  C:1B13H         LINE#         468
  C:1B16H         LINE#         469
  C:1B16H         LINE#         471
  C:1B16H         LINE#         473
  C:1B29H         LINE#         474
  C:1B2BH         LINE#         475
  C:1B2BH         LINE#         477
  C:1B2BH         LINE#         478
  C:1B2EH         LINE#         479
  C:1B2EH         LINE#         600
  C:1B2EH         LINE#         601
  C:1B32H         LINE#         602
  C:1B35H         LINE#         603
  C:1B35H         LINE#         724
  C:1B35H         LINE#         725
  C:1B35H         LINE#         726
  -------         ENDPROC       _DATA_HANDLE
  -------         PROC          WITH_DATA_RXBUFF
  C:2DCEH         LINE#         733
  C:2DCEH         LINE#         734
  C:2DCEH         LINE#         735
  C:2DE6H         LINE#         736
  C:2DE9H         LINE#         738
  C:2DEBH         LINE#         739
  -------         ENDPROC       WITH_DATA_RXBUFF
  -------         PROC          TAKE_BYTE_RXBUFF
  -------         DO            
  D:0007H         SYMBOL        value
  -------         ENDDO         
  C:2844H         LINE#         746
  C:2844H         LINE#         747
  C:2844H         LINE#         750
  C:2862H         LINE#         752
  C:2870H         LINE#         754
  C:287DH         LINE#         755
  C:287DH         LINE#         757
  C:2883H         LINE#         758
  C:2883H         LINE#         760
  C:2883H         LINE#         761
  -------         ENDPROC       TAKE_BYTE_RXBUFF
  -------         ENDMOD        SYSTEM

  -------         MODULE        ?C?FPADD
  C:002DH         PUBLIC        ?C?FPADD
  C:0029H         PUBLIC        ?C?FPSUB
  -------         ENDMOD        ?C?FPADD

  -------         MODULE        ?C?FPDIV
BL51 BANKED LINKER/LOCATER V6.22                                                      12/22/2020  16:47:18  PAGE 53


  C:0121H         PUBLIC        ?C?FPDIV
  -------         ENDMOD        ?C?FPDIV

  -------         MODULE        ?C?FCAST
  C:01C8H         PUBLIC        ?C?FCASTC
  C:01C3H         PUBLIC        ?C?FCASTI
  C:01BEH         PUBLIC        ?C?FCASTL
  -------         ENDMOD        ?C?FCAST

  -------         MODULE        ?C?CASTF
  C:01FCH         PUBLIC        ?C?CASTF
  -------         ENDMOD        ?C?CASTF

  -------         MODULE        PRINTF
  D:0027H         PUBLIC        ?_PRINTF?BYTE
  D:0027H         PUBLIC        ?_SPRINTF?BYTE
  C:0EA8H         PUBLIC        _PRINTF
  C:0EA2H         PUBLIC        _SPRINTF
  -------         ENDMOD        PRINTF

  -------         MODULE        ?C?FPROUND
  C:027DH         PUBLIC        ?C?FPROUND
  -------         ENDMOD        ?C?FPROUND

  -------         MODULE        ?C?FPCONVERT
  C:02ACH         PUBLIC        ?C?FPCONVERT
  -------         ENDMOD        ?C?FPCONVERT

  -------         MODULE        ?C?FPMUL
  C:03AFH         PUBLIC        ?C?FPMUL
  -------         ENDMOD        ?C?FPMUL

  -------         MODULE        ?C?FTNPWR
  C:04E5H         PUBLIC        ?C?FTNPWR
  -------         ENDMOD        ?C?FTNPWR

  -------         MODULE        ?C?COPY
  C:05F5H         PUBLIC        ?C?COPY
  -------         ENDMOD        ?C?COPY

  -------         MODULE        ?C?CLDPTR
  C:061BH         PUBLIC        ?C?CLDPTR
  -------         ENDMOD        ?C?CLDPTR

  -------         MODULE        ?C?CLDOPTR
  C:0634H         PUBLIC        ?C?CLDOPTR
  -------         ENDMOD        ?C?CLDOPTR

  -------         MODULE        ?C?CSTPTR
  C:0661H         PUBLIC        ?C?CSTPTR
  -------         ENDMOD        ?C?CSTPTR

  -------         MODULE        ?C?CSTOPTR
  C:0673H         PUBLIC        ?C?CSTOPTR
  -------         ENDMOD        ?C?CSTOPTR

  -------         MODULE        ?C?IMUL
BL51 BANKED LINKER/LOCATER V6.22                                                      12/22/2020  16:47:18  PAGE 54


  C:0695H         PUBLIC        ?C?IMUL
  -------         ENDMOD        ?C?IMUL

  -------         MODULE        ?C?UIDIV
  C:06A7H         PUBLIC        ?C?UIDIV
  -------         ENDMOD        ?C?UIDIV

  -------         MODULE        ?C?IILDX
  C:06FCH         PUBLIC        ?C?IILDX
  -------         ENDMOD        ?C?IILDX

  -------         MODULE        ?C?LADD
  C:0712H         PUBLIC        ?C?LADD
  -------         ENDMOD        ?C?LADD

  -------         MODULE        ?C?LSUB
  C:071FH         PUBLIC        ?C?LSUB
  -------         ENDMOD        ?C?LSUB

  -------         MODULE        ?C?LMUL
  C:072DH         PUBLIC        ?C?LMUL
  -------         ENDMOD        ?C?LMUL

  -------         MODULE        ?C?ULDIV
  C:07B8H         PUBLIC        ?C?ULDIV
  -------         ENDMOD        ?C?ULDIV

  -------         MODULE        ?C?LNEG
  C:084AH         PUBLIC        ?C?LNEG
  -------         ENDMOD        ?C?LNEG

  -------         MODULE        ?C?SLCMP
  C:0858H         PUBLIC        ?C?SLCMP
  -------         ENDMOD        ?C?SLCMP

  -------         MODULE        ?C?ULCMP
  C:086EH         PUBLIC        ?C?ULCMP
  -------         ENDMOD        ?C?ULCMP

  -------         MODULE        ?C?ULSHR
  C:087FH         PUBLIC        ?C?ULSHR
  -------         ENDMOD        ?C?ULSHR

  -------         MODULE        ?C?LSHL
  C:0892H         PUBLIC        ?C?LSHL
  -------         ENDMOD        ?C?LSHL

  -------         MODULE        ?C?LLDXDATA
  C:08A5H         PUBLIC        ?C?LLDXDATA
  -------         ENDMOD        ?C?LLDXDATA

  -------         MODULE        ?C?LLDXDATA0
  C:08B1H         PUBLIC        ?C?LLDXDATA0
  -------         ENDMOD        ?C?LLDXDATA0

  -------         MODULE        ?C?LSTXDATA
  C:08BDH         PUBLIC        ?C?LSTXDATA
BL51 BANKED LINKER/LOCATER V6.22                                                      12/22/2020  16:47:18  PAGE 55


  -------         ENDMOD        ?C?LSTXDATA

  -------         MODULE        ?C?LSTKXDATA
  C:08C9H         PUBLIC        ?C?LSTKXDATA
  -------         ENDMOD        ?C?LSTKXDATA

  -------         MODULE        ?C?OFFXADD
  C:08FAH         PUBLIC        ?C?OFFXADD
  -------         ENDMOD        ?C?OFFXADD

  -------         MODULE        ?C?PLDIIDATA
  C:0906H         PUBLIC        ?C?PLDIIDATA
  -------         ENDMOD        ?C?PLDIIDATA

  -------         MODULE        ?C?CCASE
  C:0916H         PUBLIC        ?C?CCASE
  -------         ENDMOD        ?C?CCASE

  -------         MODULE        PUTCHAR
  C:2C51H         PUBLIC        _PUTCHAR
  -------         ENDMOD        PUTCHAR

Program Size: data=129.1 xdata=312 code=12014
LINK/LOCATE RUN COMPLETE.  0 WARNING(S),  0 ERROR(S)
